2026-05-21 00:33:32.0466|pid:1872|eventId: 0|level: ERROR|logger: Microsoft.Extensions.Diagnostics.HealthChecks.DefaultHealthCheckService|message: Health check OracleDB with status Unhealthy completed after 18968.1316ms with message '(null)'--- Exception ---System.OperationCanceledException: ORA-01013: User requested cancel of current operation.
https://docs.oracle.com/error-help/db/ora-01013/
 ---> Oracle.ManagedDataAccess.Client.OracleException (0x80004005): ORA-01013: User requested cancel of current operation.
https://docs.oracle.com/error-help/db/ora-01013/
   at Oracle.ManagedDataAccess.Client.OracleCommand.ExecuteScalarInternalAsync(Boolean bAsync, CancellationToken cancellationToken)
   at Oracle.ManagedDataAccess.Client.OracleCommand.ExecuteScalarAsyncHelper(CancellationToken cancellationToken)
   --- End of inner exception stack trace ---
   at Oracle.ManagedDataAccess.Client.OracleCommand.ExecuteScalarAsyncHelper(CancellationToken cancellationToken)
   at HealthChecks.Oracle.OracleHealthCheck.CheckHealthAsync(HealthCheckContext context, CancellationToken cancellationToken) in /_/src/HealthChecks.Oracle/OracleHealthCheck.cs:line 34
2026-05-21 02:16:08.4818|pid:1872|eventId: 0|level: ERROR|logger: Microsoft.Extensions.Diagnostics.HealthChecks.DefaultHealthCheckService|message: Health check OracleDB with status Unhealthy completed after 18972.0591ms with message '(null)'--- Exception ---System.OperationCanceledException: ORA-01013: User requested cancel of current operation.
https://docs.oracle.com/error-help/db/ora-01013/
 ---> Oracle.ManagedDataAccess.Client.OracleException (0x80004005): ORA-01013: User requested cancel of current operation.
https://docs.oracle.com/error-help/db/ora-01013/
   at Oracle.ManagedDataAccess.Client.OracleCommand.ExecuteScalarInternalAsync(Boolean bAsync, CancellationToken cancellationToken)
   at Oracle.ManagedDataAccess.Client.OracleCommand.ExecuteScalarAsyncHelper(CancellationToken cancellationToken)
   --- End of inner exception stack trace ---
   at Oracle.ManagedDataAccess.Client.OracleCommand.ExecuteScalarAsyncHelper(CancellationToken cancellationToken)
   at HealthChecks.Oracle.OracleHealthCheck.CheckHealthAsync(HealthCheckContext context, CancellationToken cancellationToken) in /_/src/HealthChecks.Oracle/OracleHealthCheck.cs:line 34
2026-05-21 02:38:41.2877|pid:1872|eventId: 0|level: ERROR|logger: Microsoft.Extensions.Diagnostics.HealthChecks.DefaultHealthCheckService|message: Health check OracleDB with status Unhealthy completed after 18960.3721ms with message '(null)'--- Exception ---System.OperationCanceledException: ORA-01013: User requested cancel of current operation.
https://docs.oracle.com/error-help/db/ora-01013/
 ---> Oracle.ManagedDataAccess.Client.OracleException (0x80004005): ORA-01013: User requested cancel of current operation.
https://docs.oracle.com/error-help/db/ora-01013/
   at Oracle.ManagedDataAccess.Client.OracleCommand.ExecuteScalarInternalAsync(Boolean bAsync, CancellationToken cancellationToken)
   at Oracle.ManagedDataAccess.Client.OracleCommand.ExecuteScalarAsyncHelper(CancellationToken cancellationToken)
   --- End of inner exception stack trace ---
   at Oracle.ManagedDataAccess.Client.OracleCommand.ExecuteScalarAsyncHelper(CancellationToken cancellationToken)
   at HealthChecks.Oracle.OracleHealthCheck.CheckHealthAsync(HealthCheckContext context, CancellationToken cancellationToken) in /_/src/HealthChecks.Oracle/OracleHealthCheck.cs:line 34
2026-05-21 03:04:39.7279|pid:2664|eventId: 0|level: INFO|logger: NHI_AI_LungCancerReportWebApi.Program|message: CORS 已允許的來源：https://haima.intra.nhi.gov.tw:5000
2026-05-21 03:04:41.5350|pid:2664|eventId: 0|level: INFO|logger: NHI_AI_LungCancerReportWebApi.Program|message: Exceptionless 設定完成
2026-05-21 03:04:41.5350|pid:2664|eventId: 0|level: INFO|logger: NHI_AI_LungCancerReportWebApi.Program|message: ServerUrl: https://h30lhclogsvr.intra.nhi.gov.tw:8443
2026-05-21 03:04:42.8924|pid:2664|eventId: 0|level: WARN|logger: Microsoft.AspNetCore.DataProtection.Repositories.EphemeralXmlRepository|message: Using an in-memory repository. Keys will not be persisted to storage.
2026-05-21 03:04:42.8940|pid:2664|eventId: 0|level: WARN|logger: Microsoft.AspNetCore.DataProtection.KeyManagement.XmlKeyManager|message: Neither user profile nor HKLM registry available. Using an ephemeral key repository. Protected data will be unavailable when application exits.
2026-05-21 03:04:42.9272|pid:2664|eventId: 0|level: WARN|logger: Microsoft.AspNetCore.DataProtection.KeyManagement.XmlKeyManager|message: No XML encryptor configured. Key {cee565f6-8d79-4caf-87cc-1a83b514509d} may be persisted to storage in unencrypted form.
2026-05-21 03:04:44.4793|pid:2664|eventId: 0|level: ERROR|logger: NHI_AI_LungCancerReportWebApi.Middleware.GlobalExceptionMiddleware|message: 系統在處理請求時發生未預期例外：A task was canceled.--- Exception ---System.Threading.Tasks.TaskCanceledException: A task was canceled.
   at Microsoft.Extensions.Diagnostics.HealthChecks.DefaultHealthCheckService.CheckHealthAsync(Func`2 predicate, CancellationToken cancellationToken)
   at Microsoft.AspNetCore.Diagnostics.HealthChecks.HealthCheckMiddleware.InvokeAsync(HttpContext httpContext)
   at Microsoft.AspNetCore.Authorization.AuthorizationMiddleware.Invoke(HttpContext context)
   at Microsoft.AspNetCore.Authentication.AuthenticationMiddleware.Invoke(HttpContext context)
   at NHI_AI_LungCancerReportWebApi.Middleware.RemoteIpRestrictMiddleware.InvokeAsync(HttpContext context) in C:\Users\Public\Documents\AI_AP\NHI-AI-LungCancerReportWebApi\NHI-AI-LungCancerReportWebApi\Middleware\RemoteIpRestrictMiddleware.cs:line 36
   at NHI_AI_LungCancerReportWebApi.Middleware.GlobalExceptionMiddleware.Invoke(HttpContext context) in C:\Users\Public\Documents\AI_AP\NHI-AI-LungCancerReportWebApi\NHI-AI-LungCancerReportWebApi\Middleware\GlobalExceptionMiddleware.cs:line 20
2026-05-21 04:28:17.0340|pid:2664|eventId: 0|level: ERROR|logger: Microsoft.Extensions.Diagnostics.HealthChecks.DefaultHealthCheckService|message: Health check OracleDB with status Unhealthy completed after 19170.9831ms with message '(null)'--- Exception ---System.OperationCanceledException: ORA-01013: User requested cancel of current operation.
https://docs.oracle.com/error-help/db/ora-01013/
 ---> Oracle.ManagedDataAccess.Client.OracleException (0x80004005): ORA-01013: User requested cancel of current operation.
https://docs.oracle.com/error-help/db/ora-01013/
   at Oracle.ManagedDataAccess.Client.OracleCommand.ExecuteScalarInternalAsync(Boolean bAsync, CancellationToken cancellationToken)
   at Oracle.ManagedDataAccess.Client.OracleCommand.ExecuteScalarAsyncHelper(CancellationToken cancellationToken)
   --- End of inner exception stack trace ---
   at Oracle.ManagedDataAccess.Client.OracleCommand.ExecuteScalarAsyncHelper(CancellationToken cancellationToken)
   at HealthChecks.Oracle.OracleHealthCheck.CheckHealthAsync(HealthCheckContext context, CancellationToken cancellationToken) in /_/src/HealthChecks.Oracle/OracleHealthCheck.cs:line 34
2026-05-21 06:28:34.9012|pid:2664|eventId: 0|level: ERROR|logger: Microsoft.Extensions.Diagnostics.HealthChecks.DefaultHealthCheckService|message: Health check OracleDB with status Unhealthy completed after 18980.7929ms with message '(null)'--- Exception ---System.OperationCanceledException: ORA-01013: User requested cancel of current operation.
https://docs.oracle.com/error-help/db/ora-01013/
 ---> Oracle.ManagedDataAccess.Client.OracleException (0x80004005): ORA-01013: User requested cancel of current operation.
https://docs.oracle.com/error-help/db/ora-01013/
   at Oracle.ManagedDataAccess.Client.OracleCommand.ExecuteScalarInternalAsync(Boolean bAsync, CancellationToken cancellationToken)
   at Oracle.ManagedDataAccess.Client.OracleCommand.ExecuteScalarAsyncHelper(CancellationToken cancellationToken)
   --- End of inner exception stack trace ---
   at Oracle.ManagedDataAccess.Client.OracleCommand.ExecuteScalarAsyncHelper(CancellationToken cancellationToken)
   at HealthChecks.Oracle.OracleHealthCheck.CheckHealthAsync(HealthCheckContext context, CancellationToken cancellationToken) in /_/src/HealthChecks.Oracle/OracleHealthCheck.cs:line 34
2026-05-21 06:45:06.4556|pid:2664|eventId: 0|level: ERROR|logger: Microsoft.Extensions.Diagnostics.HealthChecks.DefaultHealthCheckService|message: Health check OracleDB with status Unhealthy completed after 18974.9596ms with message '(null)'--- Exception ---System.OperationCanceledException: ORA-01013: User requested cancel of current operation.
https://docs.oracle.com/error-help/db/ora-01013/
 ---> Oracle.ManagedDataAccess.Client.OracleException (0x80004005): ORA-01013: User requested cancel of current operation.
https://docs.oracle.com/error-help/db/ora-01013/
   at Oracle.ManagedDataAccess.Client.OracleCommand.ExecuteScalarInternalAsync(Boolean bAsync, CancellationToken cancellationToken)
   at Oracle.ManagedDataAccess.Client.OracleCommand.ExecuteScalarAsyncHelper(CancellationToken cancellationToken)
   --- End of inner exception stack trace ---
   at Oracle.ManagedDataAccess.Client.OracleCommand.ExecuteScalarAsyncHelper(CancellationToken cancellationToken)
   at HealthChecks.Oracle.OracleHealthCheck.CheckHealthAsync(HealthCheckContext context, CancellationToken cancellationToken) in /_/src/HealthChecks.Oracle/OracleHealthCheck.cs:line 34
2026-05-21 08:45:17.5053|pid:2664|eventId: 0|level: ERROR|logger: Microsoft.Extensions.Diagnostics.HealthChecks.DefaultHealthCheckService|message: Health check OracleDB with status Unhealthy completed after 19000.9993ms with message '(null)'--- Exception ---System.OperationCanceledException: ORA-01013: User requested cancel of current operation.
https://docs.oracle.com/error-help/db/ora-01013/
 ---> Oracle.ManagedDataAccess.Client.OracleException (0x80004005): ORA-01013: User requested cancel of current operation.
https://docs.oracle.com/error-help/db/ora-01013/
   at Oracle.ManagedDataAccess.Client.OracleCommand.ExecuteScalarInternalAsync(Boolean bAsync, CancellationToken cancellationToken)
   at Oracle.ManagedDataAccess.Client.OracleCommand.ExecuteScalarAsyncHelper(CancellationToken cancellationToken)
   --- End of inner exception stack trace ---
   at Oracle.ManagedDataAccess.Client.OracleCommand.ExecuteScalarAsyncHelper(CancellationToken cancellationToken)
   at HealthChecks.Oracle.OracleHealthCheck.CheckHealthAsync(HealthCheckContext context, CancellationToken cancellationToken) in /_/src/HealthChecks.Oracle/OracleHealthCheck.cs:line 34
2026-05-21 09:01:44.6120|pid:2664|eventId: 0|level: ERROR|logger: Microsoft.Extensions.Diagnostics.HealthChecks.DefaultHealthCheckService|message: Health check OracleDB with status Unhealthy completed after 18971.1605ms with message '(null)'--- Exception ---System.OperationCanceledException: ORA-01013: User requested cancel of current operation.
https://docs.oracle.com/error-help/db/ora-01013/
 ---> Oracle.ManagedDataAccess.Client.OracleException (0x80004005): ORA-01013: User requested cancel of current operation.
https://docs.oracle.com/error-help/db/ora-01013/
   at Oracle.ManagedDataAccess.Client.OracleCommand.ExecuteScalarInternalAsync(Boolean bAsync, CancellationToken cancellationToken)
   at Oracle.ManagedDataAccess.Client.OracleCommand.ExecuteScalarAsyncHelper(CancellationToken cancellationToken)
   --- End of inner exception stack trace ---
   at Oracle.ManagedDataAccess.Client.OracleCommand.ExecuteScalarAsyncHelper(CancellationToken cancellationToken)
   at HealthChecks.Oracle.OracleHealthCheck.CheckHealthAsync(HealthCheckContext context, CancellationToken cancellationToken) in /_/src/HealthChecks.Oracle/OracleHealthCheck.cs:line 34
2026-05-21 11:29:56.2356|pid:2664|eventId: 0|level: ERROR|logger: Microsoft.Extensions.Diagnostics.HealthChecks.DefaultHealthCheckService|message: Health check OracleDB with status Unhealthy completed after 18999.6948ms with message '(null)'--- Exception ---System.OperationCanceledException: ORA-01013: User requested cancel of current operation.
https://docs.oracle.com/error-help/db/ora-01013/
 ---> Oracle.ManagedDataAccess.Client.OracleException (0x80004005): ORA-01013: User requested cancel of current operation.
https://docs.oracle.com/error-help/db/ora-01013/
   at Oracle.ManagedDataAccess.Client.OracleCommand.ExecuteScalarInternalAsync(Boolean bAsync, CancellationToken cancellationToken)
   at Oracle.ManagedDataAccess.Client.OracleCommand.ExecuteScalarAsyncHelper(CancellationToken cancellationToken)
   --- End of inner exception stack trace ---
   at Oracle.ManagedDataAccess.Client.OracleCommand.ExecuteScalarAsyncHelper(CancellationToken cancellationToken)
   at HealthChecks.Oracle.OracleHealthCheck.CheckHealthAsync(HealthCheckContext context, CancellationToken cancellationToken) in /_/src/HealthChecks.Oracle/OracleHealthCheck.cs:line 34
2026-05-21 11:44:35.3308|pid:2664|eventId: 0|level: ERROR|logger: Microsoft.Extensions.Diagnostics.HealthChecks.DefaultHealthCheckService|message: Health check OracleDB with status Unhealthy completed after 18972.5643ms with message '(null)'--- Exception ---System.OperationCanceledException: ORA-01013: User requested cancel of current operation.
https://docs.oracle.com/error-help/db/ora-01013/
 ---> Oracle.ManagedDataAccess.Client.OracleException (0x80004005): ORA-01013: User requested cancel of current operation.
https://docs.oracle.com/error-help/db/ora-01013/
   at Oracle.ManagedDataAccess.Client.OracleCommand.ExecuteScalarInternalAsync(Boolean bAsync, CancellationToken cancellationToken)
   at Oracle.ManagedDataAccess.Client.OracleCommand.ExecuteScalarAsyncHelper(CancellationToken cancellationToken)
   --- End of inner exception stack trace ---
   at Oracle.ManagedDataAccess.Client.OracleCommand.ExecuteScalarAsyncHelper(CancellationToken cancellationToken)
   at HealthChecks.Oracle.OracleHealthCheck.CheckHealthAsync(HealthCheckContext context, CancellationToken cancellationToken) in /_/src/HealthChecks.Oracle/OracleHealthCheck.cs:line 34
2026-05-21 13:58:16.3839|pid:2664|eventId: 0|level: INFO|logger: NHI_AI_LungCancerReportWebApi.Services.UrlTokenIssuer|message: 正在載入 PEM (初始化)。Issuer=https://auth.cohesion.internal/url-issuer, Audience=viewer-app, PemPath=Config/url-issuer-private.pem, Kid=UX-2025-02, TTL=60s
2026-05-21 13:58:16.5571|pid:2664|eventId: 0|level: INFO|logger: NHI_AI_LungCancerReportWebApi.Services.UrlTokenIssuer|message: PEM 載入完成，簽章憑證 初始化成功。Kid=UX-2025-02, 存活秒數=60
2026-05-21 13:58:16.5956|pid:2664|eventId: 0|level: INFO|logger: NHI_AI_LungCancerReportWebApi.Controllers.PatientController|message: 開始處理報告 URL 產生請求
2026-05-21 13:58:17.0186|pid:2664|eventId: 0|level: INFO|logger: NHI_AI_LungCancerReportWebApi.Services.UrlTokenIssuer|message: 正在簽發 URL Token。存活秒數=60, 到期時間(UTC)=05/21/2026 05:59:17, kid=UX-2025-02
2026-05-21 13:58:17.0307|pid:2664|eventId: 0|level: INFO|logger: NHI_AI_LungCancerReportWebApi.Controllers.PatientController|message: 成功產生報告 URL，有效期限 05/21/2026 05:59:17
2026-05-21 14:03:25.0809|pid:2664|eventId: 0|level: INFO|logger: NHI_AI_LungCancerReportWebApi.Controllers.PatientController|message: 開始處理報告 URL 產生請求
2026-05-21 14:03:25.1077|pid:2664|eventId: 0|level: INFO|logger: NHI_AI_LungCancerReportWebApi.Services.UrlTokenIssuer|message: 正在簽發 URL Token。存活秒數=60, 到期時間(UTC)=05/21/2026 06:04:25, kid=UX-2025-02
2026-05-21 14:03:25.1102|pid:2664|eventId: 0|level: INFO|logger: NHI_AI_LungCancerReportWebApi.Controllers.PatientController|message: 成功產生報告 URL，有效期限 05/21/2026 06:04:25
2026-05-21 14:04:30.5972|pid:2664|eventId: 0|level: INFO|logger: NHI_AI_LungCancerReportWebApi.Controllers.PatientController|message: 開始處理報告 URL 產生請求
2026-05-21 14:04:30.6175|pid:2664|eventId: 0|level: INFO|logger: NHI_AI_LungCancerReportWebApi.Services.UrlTokenIssuer|message: 正在簽發 URL Token。存活秒數=60, 到期時間(UTC)=05/21/2026 06:05:30, kid=UX-2025-02
2026-05-21 14:04:30.6175|pid:2664|eventId: 0|level: INFO|logger: NHI_AI_LungCancerReportWebApi.Controllers.PatientController|message: 成功產生報告 URL，有效期限 05/21/2026 06:05:30
2026-05-21 14:08:09.1029|pid:2664|eventId: 0|level: INFO|logger: NHI_AI_LungCancerReportWebApi.Controllers.PatientController|message: 開始處理報告 URL 產生請求
2026-05-21 14:08:09.1302|pid:2664|eventId: 0|level: INFO|logger: NHI_AI_LungCancerReportWebApi.Services.UrlTokenIssuer|message: 正在簽發 URL Token。存活秒數=60, 到期時間(UTC)=05/21/2026 06:09:09, kid=UX-2025-02
2026-05-21 14:08:09.1316|pid:2664|eventId: 0|level: INFO|logger: NHI_AI_LungCancerReportWebApi.Controllers.PatientController|message: 成功產生報告 URL，有效期限 05/21/2026 06:09:09
2026-05-21 14:56:37.2024|pid:2664|eventId: 0|level: INFO|logger: NHI_AI_LungCancerReportWebApi.Controllers.PatientController|message: 開始處理報告 URL 產生請求
2026-05-21 14:56:37.2290|pid:2664|eventId: 0|level: INFO|logger: NHI_AI_LungCancerReportWebApi.Services.UrlTokenIssuer|message: 正在簽發 URL Token。存活秒數=60, 到期時間(UTC)=05/21/2026 06:57:37, kid=UX-2025-02
2026-05-21 14:56:37.2290|pid:2664|eventId: 0|level: INFO|logger: NHI_AI_LungCancerReportWebApi.Controllers.PatientController|message: 成功產生報告 URL，有效期限 05/21/2026 06:57:37
2026-05-21 15:08:23.9481|pid:2664|eventId: 0|level: INFO|logger: NHI_AI_LungCancerReportWebApi.Controllers.PatientController|message: 開始處理報告 URL 產生請求
2026-05-21 15:08:23.9693|pid:2664|eventId: 0|level: INFO|logger: NHI_AI_LungCancerReportWebApi.Services.UrlTokenIssuer|message: 正在簽發 URL Token。存活秒數=60, 到期時間(UTC)=05/21/2026 07:09:23, kid=UX-2025-02
2026-05-21 15:08:23.9693|pid:2664|eventId: 0|level: INFO|logger: NHI_AI_LungCancerReportWebApi.Controllers.PatientController|message: 成功產生報告 URL，有效期限 05/21/2026 07:09:23
2026-05-21 17:56:03.0562|pid:2664|eventId: 0|level: ERROR|logger: Microsoft.Extensions.Diagnostics.HealthChecks.DefaultHealthCheckService|message: Health check OracleDB with status Unhealthy completed after 18974.1907ms with message '(null)'--- Exception ---System.OperationCanceledException: ORA-01013: User requested cancel of current operation.
https://docs.oracle.com/error-help/db/ora-01013/
 ---> Oracle.ManagedDataAccess.Client.OracleException (0x80004005): ORA-01013: User requested cancel of current operation.
https://docs.oracle.com/error-help/db/ora-01013/
   at Oracle.ManagedDataAccess.Client.OracleCommand.ExecuteScalarInternalAsync(Boolean bAsync, CancellationToken cancellationToken)
   at Oracle.ManagedDataAccess.Client.OracleCommand.ExecuteScalarAsyncHelper(CancellationToken cancellationToken)
   --- End of inner exception stack trace ---
   at Oracle.ManagedDataAccess.Client.OracleCommand.ExecuteScalarAsyncHelper(CancellationToken cancellationToken)
   at HealthChecks.Oracle.OracleHealthCheck.CheckHealthAsync(HealthCheckContext context, CancellationToken cancellationToken) in /_/src/HealthChecks.Oracle/OracleHealthCheck.cs:line 34
2026-05-21 18:13:07.5913|pid:2664|eventId: 0|level: ERROR|logger: Microsoft.Extensions.Diagnostics.HealthChecks.DefaultHealthCheckService|message: Health check OracleDB with status Unhealthy completed after 18965.6548ms with message '(null)'--- Exception ---System.OperationCanceledException: ORA-01013: User requested cancel of current operation.
https://docs.oracle.com/error-help/db/ora-01013/
 ---> Oracle.ManagedDataAccess.Client.OracleException (0x80004005): ORA-01013: User requested cancel of current operation.
https://docs.oracle.com/error-help/db/ora-01013/
   at Oracle.ManagedDataAccess.Client.OracleCommand.ExecuteScalarInternalAsync(Boolean bAsync, CancellationToken cancellationToken)
   at Oracle.ManagedDataAccess.Client.OracleCommand.ExecuteScalarAsyncHelper(CancellationToken cancellationToken)
   --- End of inner exception stack trace ---
   at Oracle.ManagedDataAccess.Client.OracleCommand.ExecuteScalarAsyncHelper(CancellationToken cancellationToken)
   at HealthChecks.Oracle.OracleHealthCheck.CheckHealthAsync(HealthCheckContext context, CancellationToken cancellationToken) in /_/src/HealthChecks.Oracle/OracleHealthCheck.cs:line 34
2026-05-21 20:09:18.4429|pid:2664|eventId: 0|level: ERROR|logger: Microsoft.Extensions.Diagnostics.HealthChecks.DefaultHealthCheckService|message: Health check OracleDB with status Unhealthy completed after 18981.0124ms with message '(null)'--- Exception ---System.OperationCanceledException: ORA-01013: User requested cancel of current operation.
https://docs.oracle.com/error-help/db/ora-01013/
 ---> Oracle.ManagedDataAccess.Client.OracleException (0x80004005): ORA-01013: User requested cancel of current operation.
https://docs.oracle.com/error-help/db/ora-01013/
   at Oracle.ManagedDataAccess.Client.OracleCommand.ExecuteScalarInternalAsync(Boolean bAsync, CancellationToken cancellationToken)
   at Oracle.ManagedDataAccess.Client.OracleCommand.ExecuteScalarAsyncHelper(CancellationToken cancellationToken)
   --- End of inner exception stack trace ---
   at Oracle.ManagedDataAccess.Client.OracleCommand.ExecuteScalarAsyncHelper(CancellationToken cancellationToken)
   at HealthChecks.Oracle.OracleHealthCheck.CheckHealthAsync(HealthCheckContext context, CancellationToken cancellationToken) in /_/src/HealthChecks.Oracle/OracleHealthCheck.cs:line 34
2026-05-21 22:12:24.6521|pid:2664|eventId: 0|level: ERROR|logger: Microsoft.Extensions.Diagnostics.HealthChecks.DefaultHealthCheckService|message: Health check OracleDB with status Unhealthy completed after 18961.0982ms with message '(null)'--- Exception ---System.OperationCanceledException: ORA-01013: User requested cancel of current operation.
https://docs.oracle.com/error-help/db/ora-01013/
 ---> Oracle.ManagedDataAccess.Client.OracleException (0x80004005): ORA-01013: User requested cancel of current operation.
https://docs.oracle.com/error-help/db/ora-01013/
   at Oracle.ManagedDataAccess.Client.OracleCommand.ExecuteScalarInternalAsync(Boolean bAsync, CancellationToken cancellationToken)
   at Oracle.ManagedDataAccess.Client.OracleCommand.ExecuteScalarAsyncHelper(CancellationToken cancellationToken)
   --- End of inner exception stack trace ---
   at Oracle.ManagedDataAccess.Client.OracleCommand.ExecuteScalarAsyncHelper(CancellationToken cancellationToken)
   at HealthChecks.Oracle.OracleHealthCheck.CheckHealthAsync(HealthCheckContext context, CancellationToken cancellationToken) in /_/src/HealthChecks.Oracle/OracleHealthCheck.cs:line 34
2026-05-21 22:26:12.6880|pid:2664|eventId: 0|level: ERROR|logger: Microsoft.Extensions.Diagnostics.HealthChecks.DefaultHealthCheckService|message: Health check OracleDB with status Unhealthy completed after 18986.2412ms with message '(null)'--- Exception ---System.OperationCanceledException: ORA-01013: User requested cancel of current operation.
https://docs.oracle.com/error-help/db/ora-01013/
 ---> Oracle.ManagedDataAccess.Client.OracleException (0x80004005): ORA-01013: User requested cancel of current operation.
https://docs.oracle.com/error-help/db/ora-01013/
   at Oracle.ManagedDataAccess.Client.OracleCommand.ExecuteScalarInternalAsync(Boolean bAsync, CancellationToken cancellationToken)
   at Oracle.ManagedDataAccess.Client.OracleCommand.ExecuteScalarAsyncHelper(CancellationToken cancellationToken)
   --- End of inner exception stack trace ---
   at Oracle.ManagedDataAccess.Client.OracleCommand.ExecuteScalarAsyncHelper(CancellationToken cancellationToken)
   at HealthChecks.Oracle.OracleHealthCheck.CheckHealthAsync(HealthCheckContext context, CancellationToken cancellationToken) in /_/src/HealthChecks.Oracle/OracleHealthCheck.cs:line 34
