2026-05-25 01:34:25.8891|eventId: 103|level: ERROR|traceId: 00-e976eceb3fe2bedb908abb04c4d0f374-499af56d4aa424d6-00|logger: Microsoft.Extensions.Diagnostics.HealthChecks.DefaultHealthCheckService|message: Health check 正式_OracleDB with status Unhealthy completed after 18980.8596ms with message '(null)'--- Exception ---System.Threading.Tasks.TaskCanceledException: A task was canceled.
   at HealthChecks.Oracle.OracleHealthCheck.CheckHealthAsync(HealthCheckContext context, CancellationToken cancellationToken) in /_/src/HealthChecks.Oracle/OracleHealthCheck.cs:line 34
2026-05-25 01:58:36.9917|eventId: 103|level: ERROR|traceId: 00-071c4ef359de9794f6c3cf9aa603fafe-2c9d62c13d20becf-00|logger: Microsoft.Extensions.Diagnostics.HealthChecks.DefaultHealthCheckService|message: Health check 正式_OracleDB with status Unhealthy completed after 18964.0055ms with message '(null)'--- Exception ---System.Threading.Tasks.TaskCanceledException: A task was canceled.
   at HealthChecks.Oracle.OracleHealthCheck.CheckHealthAsync(HealthCheckContext context, CancellationToken cancellationToken) in /_/src/HealthChecks.Oracle/OracleHealthCheck.cs:line 34
2026-05-25 02:03:42.5733|eventId: 0|level: INFO|traceId: N/A|logger: NHI_AI_MedReportViewerWebApi.Program|message: Allowed origin: http://localhost:5173
2026-05-25 02:03:43.0235|eventId: 0|level: INFO|traceId: N/A|logger: NHI_AI_MedReportViewerWebApi.Program|message: Authentication enabled with JWT Bearer tokens
2026-05-25 02:03:43.6154|eventId: 0|level: INFO|traceId: N/A|logger: NHI_AI_MedReportViewerWebApi.Program|message: Exceptionless 設定完成，ServerUrl: "https://h30lhclogsvr.intra.nhi.gov.tw:8443"
2026-05-25 02:03:46.1222|eventId: 0|level: ERROR|traceId: 00-484ac7f44a0d620322e1b92b2577e44d-07da2328a0881dd5-00|logger: NHI_AI_MedReportViewerWebApi.Middleware.GlobalExceptionMiddleware|message: 系統在處理請求時發生發生未預期例外：A task was canceled.
堆疊追蹤：   at Microsoft.Extensions.Diagnostics.HealthChecks.DefaultHealthCheckService.CheckHealthAsync(Func`2 predicate, CancellationToken cancellationToken)
   at Microsoft.AspNetCore.Diagnostics.HealthChecks.HealthCheckMiddleware.InvokeAsync(HttpContext httpContext)
   at Microsoft.AspNetCore.Authorization.AuthorizationMiddleware.Invoke(HttpContext context)
   at Microsoft.AspNetCore.Authentication.AuthenticationMiddleware.Invoke(HttpContext context)
   at NHI_AI_MedReportViewerWebApi.Middleware.GlobalExceptionMiddleware.Invoke(HttpContext context) in C:\Users\Public\Documents\AI_AP\NHI-AI-MedReportViewerWebApi\NHI-AI-MedReportViewerWebApi\Middleware\GlobalExceptionMiddleware.cs:line 20--- Exception ---System.Threading.Tasks.TaskCanceledException: A task was canceled.
   at Microsoft.Extensions.Diagnostics.HealthChecks.DefaultHealthCheckService.CheckHealthAsync(Func`2 predicate, CancellationToken cancellationToken)
   at Microsoft.AspNetCore.Diagnostics.HealthChecks.HealthCheckMiddleware.InvokeAsync(HttpContext httpContext)
   at Microsoft.AspNetCore.Authorization.AuthorizationMiddleware.Invoke(HttpContext context)
   at Microsoft.AspNetCore.Authentication.AuthenticationMiddleware.Invoke(HttpContext context)
   at NHI_AI_MedReportViewerWebApi.Middleware.GlobalExceptionMiddleware.Invoke(HttpContext context) in C:\Users\Public\Documents\AI_AP\NHI-AI-MedReportViewerWebApi\NHI-AI-MedReportViewerWebApi\Middleware\GlobalExceptionMiddleware.cs:line 20
2026-05-25 03:40:19.1254|eventId: 103|level: ERROR|traceId: 00-7828c12bae81f984338d981cce28e1c4-8ac5b7c6f5e7a5bc-00|logger: Microsoft.Extensions.Diagnostics.HealthChecks.DefaultHealthCheckService|message: Health check 正式_OracleDB with status Unhealthy completed after 18971.8996ms with message '(null)'--- Exception ---System.Threading.Tasks.TaskCanceledException: A task was canceled.
   at HealthChecks.Oracle.OracleHealthCheck.CheckHealthAsync(HealthCheckContext context, CancellationToken cancellationToken) in /_/src/HealthChecks.Oracle/OracleHealthCheck.cs:line 34
2026-05-25 04:01:56.9805|eventId: 103|level: ERROR|traceId: 00-ea9837a39618ccd4a30ef828915acc6a-c3049ffffbc83005-00|logger: Microsoft.Extensions.Diagnostics.HealthChecks.DefaultHealthCheckService|message: Health check 正式_OracleDB with status Unhealthy completed after 18982.5562ms with message '(null)'--- Exception ---System.Threading.Tasks.TaskCanceledException: A task was canceled.
   at HealthChecks.Oracle.OracleHealthCheck.CheckHealthAsync(HealthCheckContext context, CancellationToken cancellationToken) in /_/src/HealthChecks.Oracle/OracleHealthCheck.cs:line 34
2026-05-25 05:46:12.0056|eventId: 103|level: ERROR|traceId: 00-139caa5ecdfdefb29e0918cd8c9b05cb-8f94026a153e8840-00|logger: Microsoft.Extensions.Diagnostics.HealthChecks.DefaultHealthCheckService|message: Health check 正式_OracleDB with status Unhealthy completed after 18965.8592ms with message '(null)'--- Exception ---System.Threading.Tasks.TaskCanceledException: A task was canceled.
   at HealthChecks.Oracle.OracleHealthCheck.CheckHealthAsync(HealthCheckContext context, CancellationToken cancellationToken) in /_/src/HealthChecks.Oracle/OracleHealthCheck.cs:line 34
2026-05-25 06:08:20.6135|eventId: 103|level: ERROR|traceId: 00-0bb78dc4a2709f3c49f50a05bd11717e-424fd5e2b434b962-00|logger: Microsoft.Extensions.Diagnostics.HealthChecks.DefaultHealthCheckService|message: Health check 正式_OracleDB with status Unhealthy completed after 18979.7837ms with message '(null)'--- Exception ---System.Threading.Tasks.TaskCanceledException: A task was canceled.
   at HealthChecks.Oracle.OracleHealthCheck.CheckHealthAsync(HealthCheckContext context, CancellationToken cancellationToken) in /_/src/HealthChecks.Oracle/OracleHealthCheck.cs:line 34
2026-05-25 07:50:52.7670|eventId: 103|level: ERROR|traceId: 00-884fa466b2832f59219b61ef02437db9-460589d7940811b3-00|logger: Microsoft.Extensions.Diagnostics.HealthChecks.DefaultHealthCheckService|message: Health check 正式_OracleDB with status Unhealthy completed after 18992.3545ms with message '(null)'--- Exception ---System.Threading.Tasks.TaskCanceledException: A task was canceled.
   at HealthChecks.Oracle.OracleHealthCheck.CheckHealthAsync(HealthCheckContext context, CancellationToken cancellationToken) in /_/src/HealthChecks.Oracle/OracleHealthCheck.cs:line 34
2026-05-25 08:13:34.3443|eventId: 103|level: ERROR|traceId: 00-5109a7270de534b667a8dce8c91290ed-357005e4b0b6d5d2-00|logger: Microsoft.Extensions.Diagnostics.HealthChecks.DefaultHealthCheckService|message: Health check 正式_OracleDB with status Unhealthy completed after 18959.5598ms with message '(null)'--- Exception ---System.Threading.Tasks.TaskCanceledException: A task was canceled.
   at HealthChecks.Oracle.OracleHealthCheck.CheckHealthAsync(HealthCheckContext context, CancellationToken cancellationToken) in /_/src/HealthChecks.Oracle/OracleHealthCheck.cs:line 34
2026-05-25 13:10:26.5610|eventId: 103|level: ERROR|traceId: 00-e4215a848cb3f85cf757ab39d406b1a5-a936833a98b903e2-00|logger: Microsoft.Extensions.Diagnostics.HealthChecks.DefaultHealthCheckService|message: Health check 正式_OracleDB with status Unhealthy completed after 18967.598ms with message '(null)'--- Exception ---System.Threading.Tasks.TaskCanceledException: A task was canceled.
   at HealthChecks.Oracle.OracleHealthCheck.CheckHealthAsync(HealthCheckContext context, CancellationToken cancellationToken) in /_/src/HealthChecks.Oracle/OracleHealthCheck.cs:line 34
