2026-05-23 00:36:14.1259 [ERROR] [Microsoft.Extensions.Diagnostics.HealthChecks.DefaultHealthCheckService] [TraceID: 00-25ff76642a0d44f34ef543e89fd89ef1-974f25d77939eb61-00]
  Event: 0
  Request: GET https://10.1.72.35/health 
  Message: Health check 正式_OracleDB with status Unhealthy completed after 18966.08ms with message '(null)'
  Properties: HealthCheckName=正式_OracleDB; HealthStatus=Unhealthy; ElapsedMilliseconds=18966.08; EventId=103; EventName=HealthCheckEnd; RequestId=400001d1-0004-fd00-b63f-84710c7967bb; RequestPath=/health; HealthCheckName=正式_OracleDB
  --- Exception ---
System.Threading.Tasks.TaskCanceledException: A task was canceled.
   at HealthChecks.Oracle.OracleHealthCheck.CheckHealthAsync(HealthCheckContext context, CancellationToken cancellationToken) in /_/src/HealthChecks.Oracle/OracleHealthCheck.cs:line 34
======================================================================

2026-05-23 00:58:07.5263 [ERROR] [Microsoft.Extensions.Diagnostics.HealthChecks.DefaultHealthCheckService] [TraceID: 00-db1b82dfcf22bc838243b028242ae1dd-e42725f889b6c13f-00]
  Event: 0
  Request: GET https://10.1.72.35/health 
  Message: Health check 正式_OracleDB with status Unhealthy completed after 18971.7752ms with message '(null)'
  Properties: HealthCheckName=正式_OracleDB; HealthStatus=Unhealthy; ElapsedMilliseconds=18971.7752; EventId=103; EventName=HealthCheckEnd; RequestId=400003b8-0005-fb00-b63f-84710c7967bb; RequestPath=/health; HealthCheckName=正式_OracleDB
  --- Exception ---
System.Threading.Tasks.TaskCanceledException: A task was canceled.
   at HealthChecks.Oracle.OracleHealthCheck.CheckHealthAsync(HealthCheckContext context, CancellationToken cancellationToken) in /_/src/HealthChecks.Oracle/OracleHealthCheck.cs:line 34
======================================================================

2026-05-23 02:04:52.9923 [ERROR] [NHI_AI_MedReportViewerWebApi.Middleware.GlobalExceptionMiddleware] [TraceID: 00-927cb6e4821bfb6462b75c858d5ea2e0-c7a49050bbe8724a-00]
  Event: 0
  Request: GET https://10.1.72.35/health 
  Message: 系統在處理請求時發生發生未預期例外：A task was canceled.
堆疊追蹤：   at Microsoft.Extensions.Diagnostics.HealthChecks.DefaultHealthCheckService.CheckHealthAsync(Func`2 predicate, CancellationToken cancellationToken)
   at Microsoft.AspNetCore.Diagnostics.HealthChecks.HealthCheckMiddleware.InvokeAsync(HttpContext httpContext)
   at Microsoft.AspNetCore.Authorization.AuthorizationMiddleware.Invoke(HttpContext context)
   at Microsoft.AspNetCore.Authentication.AuthenticationMiddleware.Invoke(HttpContext context)
   at NHI_AI_MedReportViewerWebApi.Middleware.GlobalExceptionMiddleware.Invoke(HttpContext context) in C:\Users\Public\Documents\AI_AP\NHI-AI-MedReportViewerWebApi\NHI-AI-MedReportViewerWebApi\Middleware\GlobalExceptionMiddleware.cs:line 20
  Properties: Message=A task was canceled.; StackTrace=   at Microsoft.Extensions.Diagnostics.HealthChecks.DefaultHealthCheckService.CheckHealthAsync(Func`2 predicate, CancellationToken cancellationToken)
   at Microsoft.AspNetCore.Diagnostics.HealthChecks.HealthCheckMiddleware.InvokeAsync(HttpContext httpContext)
   at Microsoft.AspNetCore.Authorization.AuthorizationMiddleware.Invoke(HttpContext context)
   at Microsoft.AspNetCore.Authentication.AuthenticationMiddleware.Invoke(HttpContext context)
   at NHI_AI_MedReportViewerWebApi.Middleware.GlobalExceptionMiddleware.Invoke(HttpContext context) in C:\Users\Public\Documents\AI_AP\NHI-AI-MedReportViewerWebApi\NHI-AI-MedReportViewerWebApi\Middleware\GlobalExceptionMiddleware.cs:line 20; RequestId=400002d4-0007-fe00-b63f-84710c7967bb; RequestPath=/health
  --- Exception ---
System.Threading.Tasks.TaskCanceledException: A task was canceled.
   at Microsoft.Extensions.Diagnostics.HealthChecks.DefaultHealthCheckService.CheckHealthAsync(Func`2 predicate, CancellationToken cancellationToken)
   at Microsoft.AspNetCore.Diagnostics.HealthChecks.HealthCheckMiddleware.InvokeAsync(HttpContext httpContext)
   at Microsoft.AspNetCore.Authorization.AuthorizationMiddleware.Invoke(HttpContext context)
   at Microsoft.AspNetCore.Authentication.AuthenticationMiddleware.Invoke(HttpContext context)
   at NHI_AI_MedReportViewerWebApi.Middleware.GlobalExceptionMiddleware.Invoke(HttpContext context) in C:\Users\Public\Documents\AI_AP\NHI-AI-MedReportViewerWebApi\NHI-AI-MedReportViewerWebApi\Middleware\GlobalExceptionMiddleware.cs:line 20
======================================================================

2026-05-23 04:52:35.0123 [ERROR] [Microsoft.Extensions.Diagnostics.HealthChecks.DefaultHealthCheckService] [TraceID: 00-fb1e53f646c8662eec8699779c82e947-40b6cf9d697e4a43-00]
  Event: 0
  Request: GET https://10.1.72.35/health 
  Message: Health check 正式_OracleDB with status Unhealthy completed after 18979.8062ms with message '(null)'
  Properties: HealthCheckName=正式_OracleDB; HealthStatus=Unhealthy; ElapsedMilliseconds=18979.8062; EventId=103; EventName=HealthCheckEnd; RequestId=40000090-0001-fd00-b63f-84710c7967bb; RequestPath=/health; HealthCheckName=正式_OracleDB
  --- Exception ---
System.Threading.Tasks.TaskCanceledException: A task was canceled.
   at HealthChecks.Oracle.OracleHealthCheck.CheckHealthAsync(HealthCheckContext context, CancellationToken cancellationToken) in /_/src/HealthChecks.Oracle/OracleHealthCheck.cs:line 34
======================================================================

2026-05-23 05:22:04.6786 [ERROR] [Microsoft.Extensions.Diagnostics.HealthChecks.DefaultHealthCheckService] [TraceID: 00-dc5c5e84447ac166512ab4dca40c4697-63edffd184145808-00]
  Event: 0
  Request: GET https://10.1.72.35/health 
  Message: Health check 正式_OracleDB with status Unhealthy completed after 18973.2735ms with message '(null)'
  Properties: HealthCheckName=正式_OracleDB; HealthStatus=Unhealthy; ElapsedMilliseconds=18973.2735; EventId=103; EventName=HealthCheckEnd; RequestId=4000030a-0002-ff00-b63f-84710c7967bb; RequestPath=/health; HealthCheckName=正式_OracleDB
  --- Exception ---
System.Threading.Tasks.TaskCanceledException: A task was canceled.
   at HealthChecks.Oracle.OracleHealthCheck.CheckHealthAsync(HealthCheckContext context, CancellationToken cancellationToken) in /_/src/HealthChecks.Oracle/OracleHealthCheck.cs:line 34
======================================================================

2026-05-23 07:09:59.2753 [ERROR] [Microsoft.Extensions.Diagnostics.HealthChecks.DefaultHealthCheckService] [TraceID: 00-574fd6278cb3527702644cab536b4bfa-bb1d6e738796ec77-00]
  Event: 0
  Request: GET https://10.1.72.35/health 
  Message: Health check 正式_OracleDB with status Unhealthy completed after 18977.1231ms with message '(null)'
  Properties: HealthCheckName=正式_OracleDB; HealthStatus=Unhealthy; ElapsedMilliseconds=18977.1231; EventId=103; EventName=HealthCheckEnd; RequestId=4000015e-0002-fe00-b63f-84710c7967bb; RequestPath=/health; HealthCheckName=正式_OracleDB
  --- Exception ---
System.Threading.Tasks.TaskCanceledException: A task was canceled.
   at HealthChecks.Oracle.OracleHealthCheck.CheckHealthAsync(HealthCheckContext context, CancellationToken cancellationToken) in /_/src/HealthChecks.Oracle/OracleHealthCheck.cs:line 34
======================================================================

2026-05-23 07:32:26.2885 [ERROR] [Microsoft.Extensions.Diagnostics.HealthChecks.DefaultHealthCheckService] [TraceID: 00-b5f6882b9157e277a32cd548c33e81a4-79a6d257ec11beaf-00]
  Event: 0
  Request: GET https://10.1.72.35/health 
  Message: Health check 正式_OracleDB with status Unhealthy completed after 18980.9443ms with message '(null)'
  Properties: HealthCheckName=正式_OracleDB; HealthStatus=Unhealthy; ElapsedMilliseconds=18980.9443; EventId=103; EventName=HealthCheckEnd; RequestId=400002f8-0000-fc00-b63f-84710c7967bb; RequestPath=/health; HealthCheckName=正式_OracleDB
  --- Exception ---
System.Threading.Tasks.TaskCanceledException: A task was canceled.
   at HealthChecks.Oracle.OracleHealthCheck.CheckHealthAsync(HealthCheckContext context, CancellationToken cancellationToken) in /_/src/HealthChecks.Oracle/OracleHealthCheck.cs:line 34
======================================================================

2026-05-23 09:22:01.7612 [ERROR] [Microsoft.Extensions.Diagnostics.HealthChecks.DefaultHealthCheckService] [TraceID: 00-b1ff192aeb996ec4ed734a1a0c8ccdf7-728f3d3e151680fc-00]
  Event: 0
  Request: GET https://10.1.72.35/health 
  Message: Health check 正式_OracleDB with status Unhealthy completed after 18969.0233ms with message '(null)'
  Properties: HealthCheckName=正式_OracleDB; HealthStatus=Unhealthy; ElapsedMilliseconds=18969.0233; EventId=103; EventName=HealthCheckEnd; RequestId=40000274-0006-fb00-b63f-84710c7967bb; RequestPath=/health; HealthCheckName=正式_OracleDB
  --- Exception ---
System.Threading.Tasks.TaskCanceledException: A task was canceled.
   at HealthChecks.Oracle.OracleHealthCheck.CheckHealthAsync(HealthCheckContext context, CancellationToken cancellationToken) in /_/src/HealthChecks.Oracle/OracleHealthCheck.cs:line 34
======================================================================

2026-05-23 09:37:39.0396 [ERROR] [Microsoft.Extensions.Diagnostics.HealthChecks.DefaultHealthCheckService] [TraceID: 00-c259fb312a078930f411e91cf8dc90d2-001d72b0a092be74-00]
  Event: 0
  Request: GET https://10.1.72.35/health 
  Message: Health check 正式_OracleDB with status Unhealthy completed after 18974.0298ms with message '(null)'
  Properties: HealthCheckName=正式_OracleDB; HealthStatus=Unhealthy; ElapsedMilliseconds=18974.0298; EventId=103; EventName=HealthCheckEnd; RequestId=4000020a-0004-fd00-b63f-84710c7967bb; RequestPath=/health; HealthCheckName=正式_OracleDB
  --- Exception ---
System.Threading.Tasks.TaskCanceledException: A task was canceled.
   at HealthChecks.Oracle.OracleHealthCheck.CheckHealthAsync(HealthCheckContext context, CancellationToken cancellationToken) in /_/src/HealthChecks.Oracle/OracleHealthCheck.cs:line 34
======================================================================

2026-05-23 11:31:22.2681 [ERROR] [Microsoft.Extensions.Diagnostics.HealthChecks.DefaultHealthCheckService] [TraceID: 00-f285e023d4d2f1266c4fc307a92b3a4d-6c1634ea82d05d8c-00]
  Event: 0
  Request: GET https://10.1.72.35/health 
  Message: Health check 正式_OracleDB with status Unhealthy completed after 18971.7887ms with message '(null)'
  Properties: HealthCheckName=正式_OracleDB; HealthStatus=Unhealthy; ElapsedMilliseconds=18971.7887; EventId=103; EventName=HealthCheckEnd; RequestId=4000016c-0002-fe00-b63f-84710c7967bb; RequestPath=/health; HealthCheckName=正式_OracleDB
  --- Exception ---
System.Threading.Tasks.TaskCanceledException: A task was canceled.
   at HealthChecks.Oracle.OracleHealthCheck.CheckHealthAsync(HealthCheckContext context, CancellationToken cancellationToken) in /_/src/HealthChecks.Oracle/OracleHealthCheck.cs:line 34
======================================================================

2026-05-23 11:45:19.8264 [ERROR] [Microsoft.Extensions.Diagnostics.HealthChecks.DefaultHealthCheckService] [TraceID: 00-58311e88747c3d6a0e7ec9b80e7d8ff8-acde8b0f60d6072d-00]
  Event: 0
  Request: GET https://10.1.72.35/health 
  Message: Health check 正式_OracleDB with status Unhealthy completed after 18971.4018ms with message '(null)'
  Properties: HealthCheckName=正式_OracleDB; HealthStatus=Unhealthy; ElapsedMilliseconds=18971.4018; EventId=103; EventName=HealthCheckEnd; RequestId=40000308-0007-fe00-b63f-84710c7967bb; RequestPath=/health; HealthCheckName=正式_OracleDB
  --- Exception ---
System.Threading.Tasks.TaskCanceledException: A task was canceled.
   at HealthChecks.Oracle.OracleHealthCheck.CheckHealthAsync(HealthCheckContext context, CancellationToken cancellationToken) in /_/src/HealthChecks.Oracle/OracleHealthCheck.cs:line 34
======================================================================

2026-05-23 13:33:11.2073 [ERROR] [Microsoft.Extensions.Diagnostics.HealthChecks.DefaultHealthCheckService] [TraceID: 00-e901f1a7e765e04c6b604e2e95efbe2a-cc7b87436f017eb3-00]
  Event: 0
  Request: GET https://10.1.72.35/health 
  Message: Health check 正式_OracleDB with status Unhealthy completed after 18978.4848ms with message '(null)'
  Properties: HealthCheckName=正式_OracleDB; HealthStatus=Unhealthy; ElapsedMilliseconds=18978.4848; EventId=103; EventName=HealthCheckEnd; RequestId=40000151-0005-fd00-b63f-84710c7967bb; RequestPath=/health; HealthCheckName=正式_OracleDB
  --- Exception ---
System.Threading.Tasks.TaskCanceledException: A task was canceled.
   at HealthChecks.Oracle.OracleHealthCheck.CheckHealthAsync(HealthCheckContext context, CancellationToken cancellationToken) in /_/src/HealthChecks.Oracle/OracleHealthCheck.cs:line 34
======================================================================

2026-05-23 13:55:33.3102 [ERROR] [Microsoft.Extensions.Diagnostics.HealthChecks.DefaultHealthCheckService] [TraceID: 00-36eec5a08c54c290faae7144b92ec753-43fdcb367282f344-00]
  Event: 0
  Request: GET https://10.1.72.35/health 
  Message: Health check 正式_OracleDB with status Unhealthy completed after 18967.2418ms with message '(null)'
  Properties: HealthCheckName=正式_OracleDB; HealthStatus=Unhealthy; ElapsedMilliseconds=18967.2418; EventId=103; EventName=HealthCheckEnd; RequestId=40000159-0005-fd00-b63f-84710c7967bb; RequestPath=/health; HealthCheckName=正式_OracleDB
  --- Exception ---
System.Threading.Tasks.TaskCanceledException: A task was canceled.
   at HealthChecks.Oracle.OracleHealthCheck.CheckHealthAsync(HealthCheckContext context, CancellationToken cancellationToken) in /_/src/HealthChecks.Oracle/OracleHealthCheck.cs:line 34
======================================================================

2026-05-23 15:44:47.2821 [ERROR] [Microsoft.Extensions.Diagnostics.HealthChecks.DefaultHealthCheckService] [TraceID: 00-4887dee0d7797444242405d48e106a51-06cb72884a065676-00]
  Event: 0
  Request: GET https://10.1.72.35/health 
  Message: Health check 正式_OracleDB with status Unhealthy completed after 18978.3022ms with message '(null)'
  Properties: HealthCheckName=正式_OracleDB; HealthStatus=Unhealthy; ElapsedMilliseconds=18978.3022; EventId=103; EventName=HealthCheckEnd; RequestId=4000031a-0007-fe00-b63f-84710c7967bb; RequestPath=/health; HealthCheckName=正式_OracleDB
  --- Exception ---
System.Threading.Tasks.TaskCanceledException: A task was canceled.
   at HealthChecks.Oracle.OracleHealthCheck.CheckHealthAsync(HealthCheckContext context, CancellationToken cancellationToken) in /_/src/HealthChecks.Oracle/OracleHealthCheck.cs:line 34
======================================================================

2026-05-23 16:00:10.2515 [ERROR] [Microsoft.Extensions.Diagnostics.HealthChecks.DefaultHealthCheckService] [TraceID: 00-d32f7c92f2124d043ad34753ff0097a4-5637335ca44d980b-00]
  Event: 0
  Request: GET https://10.1.72.35/health 
  Message: Health check 正式_OracleDB with status Unhealthy completed after 18964.9572ms with message '(null)'
  Properties: HealthCheckName=正式_OracleDB; HealthStatus=Unhealthy; ElapsedMilliseconds=18964.9572; EventId=103; EventName=HealthCheckEnd; RequestId=4000022a-0004-fd00-b63f-84710c7967bb; RequestPath=/health; HealthCheckName=正式_OracleDB
  --- Exception ---
System.Threading.Tasks.TaskCanceledException: A task was canceled.
   at HealthChecks.Oracle.OracleHealthCheck.CheckHealthAsync(HealthCheckContext context, CancellationToken cancellationToken) in /_/src/HealthChecks.Oracle/OracleHealthCheck.cs:line 34
======================================================================

2026-05-23 17:48:59.3996 [ERROR] [Microsoft.Extensions.Diagnostics.HealthChecks.DefaultHealthCheckService] [TraceID: 00-9fe9d21f9647c50eb7f57c708c4ea171-67993935992c4c7f-00]
  Event: 0
  Request: GET https://10.1.72.35/health 
  Message: Health check 正式_OracleDB with status Unhealthy completed after 18962.2053ms with message '(null)'
  Properties: HealthCheckName=正式_OracleDB; HealthStatus=Unhealthy; ElapsedMilliseconds=18962.2053; EventId=103; EventName=HealthCheckEnd; RequestId=4000031e-0007-fe00-b63f-84710c7967bb; RequestPath=/health; HealthCheckName=正式_OracleDB
  --- Exception ---
System.Threading.Tasks.TaskCanceledException: A task was canceled.
   at HealthChecks.Oracle.OracleHealthCheck.CheckHealthAsync(HealthCheckContext context, CancellationToken cancellationToken) in /_/src/HealthChecks.Oracle/OracleHealthCheck.cs:line 34
======================================================================

2026-05-23 18:04:54.6671 [ERROR] [Microsoft.Extensions.Diagnostics.HealthChecks.DefaultHealthCheckService] [TraceID: 00-1ebca09d0157fbfc35f786c7c8ccdcf6-00f734f5bd44cbba-00]
  Event: 0
  Request: GET https://10.1.72.35/health 
  Message: Health check 正式_OracleDB with status Unhealthy completed after 18976.7618ms with message '(null)'
  Properties: HealthCheckName=正式_OracleDB; HealthStatus=Unhealthy; ElapsedMilliseconds=18976.7618; EventId=103; EventName=HealthCheckEnd; RequestId=40000321-0000-fc00-b63f-84710c7967bb; RequestPath=/health; HealthCheckName=正式_OracleDB
  --- Exception ---
System.Threading.Tasks.TaskCanceledException: A task was canceled.
   at HealthChecks.Oracle.OracleHealthCheck.CheckHealthAsync(HealthCheckContext context, CancellationToken cancellationToken) in /_/src/HealthChecks.Oracle/OracleHealthCheck.cs:line 34
======================================================================

2026-05-23 19:38:46.9300 [ERROR] [Microsoft.Extensions.Diagnostics.HealthChecks.DefaultHealthCheckService] [TraceID: 00-4ad1b80974204c8b9ff168e60b6fdabc-5a6278702c861f9f-00]
  Event: 0
  Request: GET https://10.1.72.35/health 
  Message: Health check 正式_OracleDB with status Unhealthy completed after 18976.6388ms with message '(null)'
  Properties: HealthCheckName=正式_OracleDB; HealthStatus=Unhealthy; ElapsedMilliseconds=18976.6388; EventId=103; EventName=HealthCheckEnd; RequestId=40000316-0002-ff00-b63f-84710c7967bb; RequestPath=/health; HealthCheckName=正式_OracleDB
  --- Exception ---
System.Threading.Tasks.TaskCanceledException: A task was canceled.
   at HealthChecks.Oracle.OracleHealthCheck.CheckHealthAsync(HealthCheckContext context, CancellationToken cancellationToken) in /_/src/HealthChecks.Oracle/OracleHealthCheck.cs:line 34
======================================================================

2026-05-23 20:00:19.6849 [ERROR] [Microsoft.Extensions.Diagnostics.HealthChecks.DefaultHealthCheckService] [TraceID: 00-26fa53882e0510807628d484dbfdbc02-5b29554e8d8b4dcb-00]
  Event: 0
  Request: GET https://10.1.72.35/health 
  Message: Health check 正式_OracleDB with status Unhealthy completed after 18972.8137ms with message '(null)'
  Properties: HealthCheckName=正式_OracleDB; HealthStatus=Unhealthy; ElapsedMilliseconds=18972.8137; EventId=103; EventName=HealthCheckEnd; RequestId=40000290-0006-fb00-b63f-84710c7967bb; RequestPath=/health; HealthCheckName=正式_OracleDB
  --- Exception ---
System.Threading.Tasks.TaskCanceledException: A task was canceled.
   at HealthChecks.Oracle.OracleHealthCheck.CheckHealthAsync(HealthCheckContext context, CancellationToken cancellationToken) in /_/src/HealthChecks.Oracle/OracleHealthCheck.cs:line 34
======================================================================

2026-05-23 21:54:17.1080 [ERROR] [Microsoft.Extensions.Diagnostics.HealthChecks.DefaultHealthCheckService] [TraceID: 00-127f64fffc1b7fdffc87dd8e74a0ee2b-85233c7bfe2d8644-00]
  Event: 0
  Request: GET https://10.1.72.35/health 
  Message: Health check 正式_OracleDB with status Unhealthy completed after 18969.2697ms with message '(null)'
  Properties: HealthCheckName=正式_OracleDB; HealthStatus=Unhealthy; ElapsedMilliseconds=18969.2697; EventId=103; EventName=HealthCheckEnd; RequestId=4000032a-0007-fe00-b63f-84710c7967bb; RequestPath=/health; HealthCheckName=正式_OracleDB
  --- Exception ---
System.Threading.Tasks.TaskCanceledException: A task was canceled.
   at HealthChecks.Oracle.OracleHealthCheck.CheckHealthAsync(HealthCheckContext context, CancellationToken cancellationToken) in /_/src/HealthChecks.Oracle/OracleHealthCheck.cs:line 34
======================================================================

2026-05-23 22:17:36.5797 [ERROR] [Microsoft.Extensions.Diagnostics.HealthChecks.DefaultHealthCheckService] [TraceID: 00-10a5d6211f27ba5d3743f3969e7ebcba-cb99aed6df03e33e-00]
  Event: 0
  Request: GET https://10.1.72.35/health 
  Message: Health check 正式_OracleDB with status Unhealthy completed after 18972.8767ms with message '(null)'
  Properties: HealthCheckName=正式_OracleDB; HealthStatus=Unhealthy; ElapsedMilliseconds=18972.8767; EventId=103; EventName=HealthCheckEnd; RequestId=400002bc-0006-fc00-b63f-84710c7967bb; RequestPath=/health; HealthCheckName=正式_OracleDB
  --- Exception ---
System.Threading.Tasks.TaskCanceledException: A task was canceled.
   at HealthChecks.Oracle.OracleHealthCheck.CheckHealthAsync(HealthCheckContext context, CancellationToken cancellationToken) in /_/src/HealthChecks.Oracle/OracleHealthCheck.cs:line 34
======================================================================

