2026-05-23 00:36:14.1259|eventId: 103|level: ERROR|traceId: 00-25ff76642a0d44f34ef543e89fd89ef1-974f25d77939eb61-00|logger: Microsoft.Extensions.Diagnostics.HealthChecks.DefaultHealthCheckService|message: Health check 正式_OracleDB with status Unhealthy completed after 18966.08ms with message '(null)'--- Exception ---System.Threading.Tasks.TaskCanceledException: A task was canceled.
   at HealthChecks.Oracle.OracleHealthCheck.CheckHealthAsync(HealthCheckContext context, CancellationToken cancellationToken) in /_/src/HealthChecks.Oracle/OracleHealthCheck.cs:line 34
2026-05-23 00:58:07.5263|eventId: 103|level: ERROR|traceId: 00-db1b82dfcf22bc838243b028242ae1dd-e42725f889b6c13f-00|logger: Microsoft.Extensions.Diagnostics.HealthChecks.DefaultHealthCheckService|message: Health check 正式_OracleDB with status Unhealthy completed after 18971.7752ms with message '(null)'--- Exception ---System.Threading.Tasks.TaskCanceledException: A task was canceled.
   at HealthChecks.Oracle.OracleHealthCheck.CheckHealthAsync(HealthCheckContext context, CancellationToken cancellationToken) in /_/src/HealthChecks.Oracle/OracleHealthCheck.cs:line 34
2026-05-23 02:04:47.0123|eventId: 0|level: INFO|traceId: N/A|logger: NHI_AI_MedReportViewerWebApi.Program|message: Allowed origin: http://localhost:5173
2026-05-23 02:04:47.3593|eventId: 0|level: INFO|traceId: N/A|logger: NHI_AI_MedReportViewerWebApi.Program|message: Authentication enabled with JWT Bearer tokens
2026-05-23 02:04:49.3296|eventId: 0|level: INFO|traceId: N/A|logger: NHI_AI_MedReportViewerWebApi.Program|message: Exceptionless 設定完成，ServerUrl: "https://h30lhclogsvr.intra.nhi.gov.tw:8443"
2026-05-23 02:04:52.9923|eventId: 0|level: ERROR|traceId: 00-927cb6e4821bfb6462b75c858d5ea2e0-c7a49050bbe8724a-00|logger: NHI_AI_MedReportViewerWebApi.Middleware.GlobalExceptionMiddleware|message: 系統在處理請求時發生發生未預期例外：A task was canceled.
堆疊追蹤：   at Microsoft.Extensions.Diagnostics.HealthChecks.DefaultHealthCheckService.CheckHealthAsync(Func`2 predicate, CancellationToken cancellationToken)
   at Microsoft.AspNetCore.Diagnostics.HealthChecks.HealthCheckMiddleware.InvokeAsync(HttpContext httpContext)
   at Microsoft.AspNetCore.Authorization.AuthorizationMiddleware.Invoke(HttpContext context)
   at Microsoft.AspNetCore.Authentication.AuthenticationMiddleware.Invoke(HttpContext context)
   at NHI_AI_MedReportViewerWebApi.Middleware.GlobalExceptionMiddleware.Invoke(HttpContext context) in C:\Users\Public\Documents\AI_AP\NHI-AI-MedReportViewerWebApi\NHI-AI-MedReportViewerWebApi\Middleware\GlobalExceptionMiddleware.cs:line 20--- Exception ---System.Threading.Tasks.TaskCanceledException: A task was canceled.
   at Microsoft.Extensions.Diagnostics.HealthChecks.DefaultHealthCheckService.CheckHealthAsync(Func`2 predicate, CancellationToken cancellationToken)
   at Microsoft.AspNetCore.Diagnostics.HealthChecks.HealthCheckMiddleware.InvokeAsync(HttpContext httpContext)
   at Microsoft.AspNetCore.Authorization.AuthorizationMiddleware.Invoke(HttpContext context)
   at Microsoft.AspNetCore.Authentication.AuthenticationMiddleware.Invoke(HttpContext context)
   at NHI_AI_MedReportViewerWebApi.Middleware.GlobalExceptionMiddleware.Invoke(HttpContext context) in C:\Users\Public\Documents\AI_AP\NHI-AI-MedReportViewerWebApi\NHI-AI-MedReportViewerWebApi\Middleware\GlobalExceptionMiddleware.cs:line 20
2026-05-23 04:52:35.0123|eventId: 103|level: ERROR|traceId: 00-fb1e53f646c8662eec8699779c82e947-40b6cf9d697e4a43-00|logger: Microsoft.Extensions.Diagnostics.HealthChecks.DefaultHealthCheckService|message: Health check 正式_OracleDB with status Unhealthy completed after 18979.8062ms with message '(null)'--- Exception ---System.Threading.Tasks.TaskCanceledException: A task was canceled.
   at HealthChecks.Oracle.OracleHealthCheck.CheckHealthAsync(HealthCheckContext context, CancellationToken cancellationToken) in /_/src/HealthChecks.Oracle/OracleHealthCheck.cs:line 34
2026-05-23 05:22:04.6786|eventId: 103|level: ERROR|traceId: 00-dc5c5e84447ac166512ab4dca40c4697-63edffd184145808-00|logger: Microsoft.Extensions.Diagnostics.HealthChecks.DefaultHealthCheckService|message: Health check 正式_OracleDB with status Unhealthy completed after 18973.2735ms with message '(null)'--- Exception ---System.Threading.Tasks.TaskCanceledException: A task was canceled.
   at HealthChecks.Oracle.OracleHealthCheck.CheckHealthAsync(HealthCheckContext context, CancellationToken cancellationToken) in /_/src/HealthChecks.Oracle/OracleHealthCheck.cs:line 34
2026-05-23 07:09:59.2753|eventId: 103|level: ERROR|traceId: 00-574fd6278cb3527702644cab536b4bfa-bb1d6e738796ec77-00|logger: Microsoft.Extensions.Diagnostics.HealthChecks.DefaultHealthCheckService|message: Health check 正式_OracleDB with status Unhealthy completed after 18977.1231ms with message '(null)'--- Exception ---System.Threading.Tasks.TaskCanceledException: A task was canceled.
   at HealthChecks.Oracle.OracleHealthCheck.CheckHealthAsync(HealthCheckContext context, CancellationToken cancellationToken) in /_/src/HealthChecks.Oracle/OracleHealthCheck.cs:line 34
2026-05-23 07:32:26.2885|eventId: 103|level: ERROR|traceId: 00-b5f6882b9157e277a32cd548c33e81a4-79a6d257ec11beaf-00|logger: Microsoft.Extensions.Diagnostics.HealthChecks.DefaultHealthCheckService|message: Health check 正式_OracleDB with status Unhealthy completed after 18980.9443ms with message '(null)'--- Exception ---System.Threading.Tasks.TaskCanceledException: A task was canceled.
   at HealthChecks.Oracle.OracleHealthCheck.CheckHealthAsync(HealthCheckContext context, CancellationToken cancellationToken) in /_/src/HealthChecks.Oracle/OracleHealthCheck.cs:line 34
2026-05-23 09:22:01.7612|eventId: 103|level: ERROR|traceId: 00-b1ff192aeb996ec4ed734a1a0c8ccdf7-728f3d3e151680fc-00|logger: Microsoft.Extensions.Diagnostics.HealthChecks.DefaultHealthCheckService|message: Health check 正式_OracleDB with status Unhealthy completed after 18969.0233ms with message '(null)'--- Exception ---System.Threading.Tasks.TaskCanceledException: A task was canceled.
   at HealthChecks.Oracle.OracleHealthCheck.CheckHealthAsync(HealthCheckContext context, CancellationToken cancellationToken) in /_/src/HealthChecks.Oracle/OracleHealthCheck.cs:line 34
2026-05-23 09:37:39.0396|eventId: 103|level: ERROR|traceId: 00-c259fb312a078930f411e91cf8dc90d2-001d72b0a092be74-00|logger: Microsoft.Extensions.Diagnostics.HealthChecks.DefaultHealthCheckService|message: Health check 正式_OracleDB with status Unhealthy completed after 18974.0298ms with message '(null)'--- Exception ---System.Threading.Tasks.TaskCanceledException: A task was canceled.
   at HealthChecks.Oracle.OracleHealthCheck.CheckHealthAsync(HealthCheckContext context, CancellationToken cancellationToken) in /_/src/HealthChecks.Oracle/OracleHealthCheck.cs:line 34
2026-05-23 11:31:22.2681|eventId: 103|level: ERROR|traceId: 00-f285e023d4d2f1266c4fc307a92b3a4d-6c1634ea82d05d8c-00|logger: Microsoft.Extensions.Diagnostics.HealthChecks.DefaultHealthCheckService|message: Health check 正式_OracleDB with status Unhealthy completed after 18971.7887ms with message '(null)'--- Exception ---System.Threading.Tasks.TaskCanceledException: A task was canceled.
   at HealthChecks.Oracle.OracleHealthCheck.CheckHealthAsync(HealthCheckContext context, CancellationToken cancellationToken) in /_/src/HealthChecks.Oracle/OracleHealthCheck.cs:line 34
2026-05-23 11:45:19.8264|eventId: 103|level: ERROR|traceId: 00-58311e88747c3d6a0e7ec9b80e7d8ff8-acde8b0f60d6072d-00|logger: Microsoft.Extensions.Diagnostics.HealthChecks.DefaultHealthCheckService|message: Health check 正式_OracleDB with status Unhealthy completed after 18971.4018ms with message '(null)'--- Exception ---System.Threading.Tasks.TaskCanceledException: A task was canceled.
   at HealthChecks.Oracle.OracleHealthCheck.CheckHealthAsync(HealthCheckContext context, CancellationToken cancellationToken) in /_/src/HealthChecks.Oracle/OracleHealthCheck.cs:line 34
2026-05-23 13:33:11.2073|eventId: 103|level: ERROR|traceId: 00-e901f1a7e765e04c6b604e2e95efbe2a-cc7b87436f017eb3-00|logger: Microsoft.Extensions.Diagnostics.HealthChecks.DefaultHealthCheckService|message: Health check 正式_OracleDB with status Unhealthy completed after 18978.4848ms with message '(null)'--- Exception ---System.Threading.Tasks.TaskCanceledException: A task was canceled.
   at HealthChecks.Oracle.OracleHealthCheck.CheckHealthAsync(HealthCheckContext context, CancellationToken cancellationToken) in /_/src/HealthChecks.Oracle/OracleHealthCheck.cs:line 34
2026-05-23 13:55:33.3102|eventId: 103|level: ERROR|traceId: 00-36eec5a08c54c290faae7144b92ec753-43fdcb367282f344-00|logger: Microsoft.Extensions.Diagnostics.HealthChecks.DefaultHealthCheckService|message: Health check 正式_OracleDB with status Unhealthy completed after 18967.2418ms with message '(null)'--- Exception ---System.Threading.Tasks.TaskCanceledException: A task was canceled.
   at HealthChecks.Oracle.OracleHealthCheck.CheckHealthAsync(HealthCheckContext context, CancellationToken cancellationToken) in /_/src/HealthChecks.Oracle/OracleHealthCheck.cs:line 34
2026-05-23 15:44:47.2821|eventId: 103|level: ERROR|traceId: 00-4887dee0d7797444242405d48e106a51-06cb72884a065676-00|logger: Microsoft.Extensions.Diagnostics.HealthChecks.DefaultHealthCheckService|message: Health check 正式_OracleDB with status Unhealthy completed after 18978.3022ms with message '(null)'--- Exception ---System.Threading.Tasks.TaskCanceledException: A task was canceled.
   at HealthChecks.Oracle.OracleHealthCheck.CheckHealthAsync(HealthCheckContext context, CancellationToken cancellationToken) in /_/src/HealthChecks.Oracle/OracleHealthCheck.cs:line 34
2026-05-23 16:00:10.2515|eventId: 103|level: ERROR|traceId: 00-d32f7c92f2124d043ad34753ff0097a4-5637335ca44d980b-00|logger: Microsoft.Extensions.Diagnostics.HealthChecks.DefaultHealthCheckService|message: Health check 正式_OracleDB with status Unhealthy completed after 18964.9572ms with message '(null)'--- Exception ---System.Threading.Tasks.TaskCanceledException: A task was canceled.
   at HealthChecks.Oracle.OracleHealthCheck.CheckHealthAsync(HealthCheckContext context, CancellationToken cancellationToken) in /_/src/HealthChecks.Oracle/OracleHealthCheck.cs:line 34
2026-05-23 17:48:59.3996|eventId: 103|level: ERROR|traceId: 00-9fe9d21f9647c50eb7f57c708c4ea171-67993935992c4c7f-00|logger: Microsoft.Extensions.Diagnostics.HealthChecks.DefaultHealthCheckService|message: Health check 正式_OracleDB with status Unhealthy completed after 18962.2053ms with message '(null)'--- Exception ---System.Threading.Tasks.TaskCanceledException: A task was canceled.
   at HealthChecks.Oracle.OracleHealthCheck.CheckHealthAsync(HealthCheckContext context, CancellationToken cancellationToken) in /_/src/HealthChecks.Oracle/OracleHealthCheck.cs:line 34
2026-05-23 18:04:54.6671|eventId: 103|level: ERROR|traceId: 00-1ebca09d0157fbfc35f786c7c8ccdcf6-00f734f5bd44cbba-00|logger: Microsoft.Extensions.Diagnostics.HealthChecks.DefaultHealthCheckService|message: Health check 正式_OracleDB with status Unhealthy completed after 18976.7618ms with message '(null)'--- Exception ---System.Threading.Tasks.TaskCanceledException: A task was canceled.
   at HealthChecks.Oracle.OracleHealthCheck.CheckHealthAsync(HealthCheckContext context, CancellationToken cancellationToken) in /_/src/HealthChecks.Oracle/OracleHealthCheck.cs:line 34
2026-05-23 19:38:46.9300|eventId: 103|level: ERROR|traceId: 00-4ad1b80974204c8b9ff168e60b6fdabc-5a6278702c861f9f-00|logger: Microsoft.Extensions.Diagnostics.HealthChecks.DefaultHealthCheckService|message: Health check 正式_OracleDB with status Unhealthy completed after 18976.6388ms with message '(null)'--- Exception ---System.Threading.Tasks.TaskCanceledException: A task was canceled.
   at HealthChecks.Oracle.OracleHealthCheck.CheckHealthAsync(HealthCheckContext context, CancellationToken cancellationToken) in /_/src/HealthChecks.Oracle/OracleHealthCheck.cs:line 34
2026-05-23 20:00:19.6849|eventId: 103|level: ERROR|traceId: 00-26fa53882e0510807628d484dbfdbc02-5b29554e8d8b4dcb-00|logger: Microsoft.Extensions.Diagnostics.HealthChecks.DefaultHealthCheckService|message: Health check 正式_OracleDB with status Unhealthy completed after 18972.8137ms with message '(null)'--- Exception ---System.Threading.Tasks.TaskCanceledException: A task was canceled.
   at HealthChecks.Oracle.OracleHealthCheck.CheckHealthAsync(HealthCheckContext context, CancellationToken cancellationToken) in /_/src/HealthChecks.Oracle/OracleHealthCheck.cs:line 34
2026-05-23 21:54:17.1080|eventId: 103|level: ERROR|traceId: 00-127f64fffc1b7fdffc87dd8e74a0ee2b-85233c7bfe2d8644-00|logger: Microsoft.Extensions.Diagnostics.HealthChecks.DefaultHealthCheckService|message: Health check 正式_OracleDB with status Unhealthy completed after 18969.2697ms with message '(null)'--- Exception ---System.Threading.Tasks.TaskCanceledException: A task was canceled.
   at HealthChecks.Oracle.OracleHealthCheck.CheckHealthAsync(HealthCheckContext context, CancellationToken cancellationToken) in /_/src/HealthChecks.Oracle/OracleHealthCheck.cs:line 34
2026-05-23 22:17:36.5797|eventId: 103|level: ERROR|traceId: 00-10a5d6211f27ba5d3743f3969e7ebcba-cb99aed6df03e33e-00|logger: Microsoft.Extensions.Diagnostics.HealthChecks.DefaultHealthCheckService|message: Health check 正式_OracleDB with status Unhealthy completed after 18972.8767ms with message '(null)'--- Exception ---System.Threading.Tasks.TaskCanceledException: A task was canceled.
   at HealthChecks.Oracle.OracleHealthCheck.CheckHealthAsync(HealthCheckContext context, CancellationToken cancellationToken) in /_/src/HealthChecks.Oracle/OracleHealthCheck.cs:line 34
