2026-05-19 00:19:33.7507 [ERROR] [Microsoft.Extensions.Diagnostics.HealthChecks.DefaultHealthCheckService] [TraceID: 00-2175961aa719f9967dea4d257a1485f9-6101621f0a84f542-00]
  Event: 0
  Request: GET https://10.1.72.36/health 
  Message: Health check 正式_OracleDB with status Unhealthy completed after 18971.0931ms with message '(null)'
  Properties: HealthCheckName=正式_OracleDB; HealthStatus=Unhealthy; ElapsedMilliseconds=18971.0931; EventId=103; EventName=HealthCheckEnd; RequestId=40000256-0007-fb00-b63f-84710c7967bb; RequestPath=/health; HealthCheckName=正式_OracleDB
  --- Exception ---
System.Threading.Tasks.TaskCanceledException: A task was canceled.
   at HealthChecks.Oracle.OracleHealthCheck.CheckHealthAsync(HealthCheckContext context, CancellationToken cancellationToken) in /_/src/HealthChecks.Oracle/OracleHealthCheck.cs:line 34
======================================================================

2026-05-19 01:32:44.0990 [ERROR] [Microsoft.Extensions.Diagnostics.HealthChecks.DefaultHealthCheckService] [TraceID: 00-aafb2f7ac2c08d44576678e835d02358-1c3d59dec1ebea77-00]
  Event: 0
  Request: GET https://10.1.72.36/health 
  Message: Health check S3_儲存服務 with status Unhealthy completed after 4987.2184ms with message '所有 S3 伺服器無法連線'
  Properties: HealthCheckName=S3_儲存服務; HealthStatus=Unhealthy; ElapsedMilliseconds=4987.2184; HealthCheckDescription=所有 S3 伺服器無法連線; EventId=103; EventName=HealthCheckEnd; RequestId=40000a5c-0005-f200-b63f-84710c7967bb; RequestPath=/health; HealthCheckName=S3_儲存服務
  ======================================================================

2026-05-19 02:01:19.5315 [INFO] [NHI_AI_MedReportViewerWebApi.Program] [TraceID: N/A]
  Event: 0
  Request: N/A N/A 
  Message: Allowed origin: http://localhost:5173
  Properties: 
  ======================================================================

2026-05-19 02:01:19.8925 [INFO] [NHI_AI_MedReportViewerWebApi.Program] [TraceID: N/A]
  Event: 0
  Request: N/A N/A 
  Message: Authentication enabled with JWT Bearer tokens
  Properties: 
  ======================================================================

2026-05-19 02:01:20.4514 [INFO] [NHI_AI_MedReportViewerWebApi.Program] [TraceID: N/A]
  Event: 0
  Request: N/A N/A 
  Message: Exceptionless 設定完成，ServerUrl: "https://h30lhclogsvr.intra.nhi.gov.tw:8443"
  Properties: ServerUrl=https://h30lhclogsvr.intra.nhi.gov.tw:8443
  ======================================================================

2026-05-19 04:25:16.1849 [ERROR] [Microsoft.Extensions.Diagnostics.HealthChecks.DefaultHealthCheckService] [TraceID: 00-126e507746d966dee69430d49ba745d0-7e1f587d27e2eb3b-00]
  Event: 0
  Request: GET https://10.1.72.36/health 
  Message: Health check 正式_OracleDB with status Unhealthy completed after 18976.9517ms with message '(null)'
  Properties: HealthCheckName=正式_OracleDB; HealthStatus=Unhealthy; ElapsedMilliseconds=18976.9517; EventId=103; EventName=HealthCheckEnd; RequestId=400006a8-0004-f300-b63f-84710c7967bb; RequestPath=/health; HealthCheckName=正式_OracleDB
  --- Exception ---
System.Threading.Tasks.TaskCanceledException: A task was canceled.
   at HealthChecks.Oracle.OracleHealthCheck.CheckHealthAsync(HealthCheckContext context, CancellationToken cancellationToken) in /_/src/HealthChecks.Oracle/OracleHealthCheck.cs:line 34
======================================================================

2026-05-19 04:48:43.4076 [ERROR] [Microsoft.Extensions.Diagnostics.HealthChecks.DefaultHealthCheckService] [TraceID: 00-a1989bf35e709f179c411f5dca2b2d3a-089bede9c9becdac-00]
  Event: 0
  Request: GET https://10.1.72.36/health 
  Message: Health check 正式_OracleDB with status Unhealthy completed after 18989.6701ms with message '(null)'
  Properties: HealthCheckName=正式_OracleDB; HealthStatus=Unhealthy; ElapsedMilliseconds=18989.6701; EventId=103; EventName=HealthCheckEnd; RequestId=40000795-0006-f700-b63f-84710c7967bb; RequestPath=/health; HealthCheckName=正式_OracleDB
  --- Exception ---
System.Threading.Tasks.TaskCanceledException: A task was canceled.
   at HealthChecks.Oracle.OracleHealthCheck.CheckHealthAsync(HealthCheckContext context, CancellationToken cancellationToken) in /_/src/HealthChecks.Oracle/OracleHealthCheck.cs:line 34
======================================================================

2026-05-19 06:37:13.3937 [ERROR] [Microsoft.Extensions.Diagnostics.HealthChecks.DefaultHealthCheckService] [TraceID: 00-999c6e78ee3d3c17400c2d6a807fcd43-4994254b0718cb99-00]
  Event: 0
  Request: GET https://10.1.72.36/health 
  Message: Health check 正式_OracleDB with status Unhealthy completed after 18977.7736ms with message '(null)'
  Properties: HealthCheckName=正式_OracleDB; HealthStatus=Unhealthy; ElapsedMilliseconds=18977.7736; EventId=103; EventName=HealthCheckEnd; RequestId=400004aa-0003-ad00-b63f-84710c7967bb; RequestPath=/health; HealthCheckName=正式_OracleDB
  --- Exception ---
System.Threading.Tasks.TaskCanceledException: A task was canceled.
   at HealthChecks.Oracle.OracleHealthCheck.CheckHealthAsync(HealthCheckContext context, CancellationToken cancellationToken) in /_/src/HealthChecks.Oracle/OracleHealthCheck.cs:line 34
======================================================================

2026-05-19 06:52:35.7048 [ERROR] [Microsoft.Extensions.Diagnostics.HealthChecks.DefaultHealthCheckService] [TraceID: 00-926feed2ddb990699187d4a58923634e-aa3a50e50398084f-00]
  Event: 0
  Request: GET https://10.1.72.36/health 
  Message: Health check 正式_OracleDB with status Unhealthy completed after 18970.2004ms with message '(null)'
  Properties: HealthCheckName=正式_OracleDB; HealthStatus=Unhealthy; ElapsedMilliseconds=18970.2004; EventId=103; EventName=HealthCheckEnd; RequestId=40000521-0002-f400-b63f-84710c7967bb; RequestPath=/health; HealthCheckName=正式_OracleDB
  --- Exception ---
System.Threading.Tasks.TaskCanceledException: A task was canceled.
   at HealthChecks.Oracle.OracleHealthCheck.CheckHealthAsync(HealthCheckContext context, CancellationToken cancellationToken) in /_/src/HealthChecks.Oracle/OracleHealthCheck.cs:line 34
======================================================================

2026-05-19 11:22:23.2266 [ERROR] [Microsoft.Extensions.Diagnostics.HealthChecks.DefaultHealthCheckService] [TraceID: 00-ac7bca6310075d6fe589314ee1540d82-b69bbf051eaeae96-00]
  Event: 0
  Request: GET https://10.1.72.36/health 
  Message: Health check 正式_OracleDB with status Unhealthy completed after 18971.9891ms with message '(null)'
  Properties: HealthCheckName=正式_OracleDB; HealthStatus=Unhealthy; ElapsedMilliseconds=18971.9891; EventId=103; EventName=HealthCheckEnd; RequestId=40000a0f-0001-f900-b63f-84710c7967bb; RequestPath=/health; HealthCheckName=正式_OracleDB
  --- Exception ---
System.Threading.Tasks.TaskCanceledException: A task was canceled.
   at HealthChecks.Oracle.OracleHealthCheck.CheckHealthAsync(HealthCheckContext context, CancellationToken cancellationToken) in /_/src/HealthChecks.Oracle/OracleHealthCheck.cs:line 34
======================================================================

2026-05-19 11:30:43.0761 [ERROR] [Microsoft.Extensions.Diagnostics.HealthChecks.DefaultHealthCheckService] [TraceID: 00-b1110bee7f0bb99d0db6d652bc9bee91-90bd7971c9f4aac8-00]
  Event: 0
  Request: GET https://10.1.72.36/health 
  Message: Health check 正式_OracleDB with status Unhealthy completed after 18982.8785ms with message '(null)'
  Properties: HealthCheckName=正式_OracleDB; HealthStatus=Unhealthy; ElapsedMilliseconds=18982.8785; EventId=103; EventName=HealthCheckEnd; RequestId=400004c2-0003-ad00-b63f-84710c7967bb; RequestPath=/health; HealthCheckName=正式_OracleDB
  --- Exception ---
System.Threading.Tasks.TaskCanceledException: A task was canceled.
   at HealthChecks.Oracle.OracleHealthCheck.CheckHealthAsync(HealthCheckContext context, CancellationToken cancellationToken) in /_/src/HealthChecks.Oracle/OracleHealthCheck.cs:line 34
======================================================================

2026-05-19 13:25:34.4515 [ERROR] [Microsoft.Extensions.Diagnostics.HealthChecks.DefaultHealthCheckService] [TraceID: 00-163f576640c8967c5c02e8143837ee68-e1dde7cdd20b5b52-00]
  Event: 0
  Request: GET https://10.1.72.36/health 
  Message: Health check 正式_OracleDB with status Unhealthy completed after 18983.8364ms with message '(null)'
  Properties: HealthCheckName=正式_OracleDB; HealthStatus=Unhealthy; ElapsedMilliseconds=18983.8364; EventId=103; EventName=HealthCheckEnd; RequestId=40000290-0007-fb00-b63f-84710c7967bb; RequestPath=/health; HealthCheckName=正式_OracleDB
  --- Exception ---
System.Threading.Tasks.TaskCanceledException: A task was canceled.
   at HealthChecks.Oracle.OracleHealthCheck.CheckHealthAsync(HealthCheckContext context, CancellationToken cancellationToken) in /_/src/HealthChecks.Oracle/OracleHealthCheck.cs:line 34
======================================================================

2026-05-19 13:47:59.8374 [ERROR] [Microsoft.Extensions.Diagnostics.HealthChecks.DefaultHealthCheckService] [TraceID: 00-55d0403ce08ace26bda34d86608023df-df071631e90d9a5a-00]
  Event: 0
  Request: GET https://10.1.72.36/health 
  Message: Health check 正式_OracleDB with status Unhealthy completed after 18967.745ms with message '(null)'
  Properties: HealthCheckName=正式_OracleDB; HealthStatus=Unhealthy; ElapsedMilliseconds=18967.745; EventId=103; EventName=HealthCheckEnd; RequestId=400004ca-0003-ad00-b63f-84710c7967bb; RequestPath=/health; HealthCheckName=正式_OracleDB
  --- Exception ---
System.Threading.Tasks.TaskCanceledException: A task was canceled.
   at HealthChecks.Oracle.OracleHealthCheck.CheckHealthAsync(HealthCheckContext context, CancellationToken cancellationToken) in /_/src/HealthChecks.Oracle/OracleHealthCheck.cs:line 34
======================================================================

2026-05-19 15:58:35.4679 [ERROR] [Microsoft.Extensions.Diagnostics.HealthChecks.DefaultHealthCheckService] [TraceID: 00-a7399b30f22c403d7eb0bc6d478534d7-ab28b30ffa79582a-00]
  Event: 0
  Request: GET https://10.1.72.36/health 
  Message: Health check 正式_OracleDB with status Unhealthy completed after 18988.8189ms with message '(null)'
  Properties: HealthCheckName=正式_OracleDB; HealthStatus=Unhealthy; ElapsedMilliseconds=18988.8189; EventId=103; EventName=HealthCheckEnd; RequestId=4000029e-0007-fb00-b63f-84710c7967bb; RequestPath=/health; HealthCheckName=正式_OracleDB
  --- Exception ---
System.Threading.Tasks.TaskCanceledException: A task was canceled.
   at HealthChecks.Oracle.OracleHealthCheck.CheckHealthAsync(HealthCheckContext context, CancellationToken cancellationToken) in /_/src/HealthChecks.Oracle/OracleHealthCheck.cs:line 34
======================================================================

2026-05-19 18:30:07.8106 [ERROR] [Microsoft.Extensions.Diagnostics.HealthChecks.DefaultHealthCheckService] [TraceID: 00-3e04c1b66c383d376e370371c7e5f3ba-f2b5cb86de554606-00]
  Event: 0
  Request: GET https://10.1.72.36/health 
  Message: Health check 正式_OracleDB with status Unhealthy completed after 18970.1706ms with message '(null)'
  Properties: HealthCheckName=正式_OracleDB; HealthStatus=Unhealthy; ElapsedMilliseconds=18970.1706; EventId=103; EventName=HealthCheckEnd; RequestId=400004e8-0003-ad00-b63f-84710c7967bb; RequestPath=/health; HealthCheckName=正式_OracleDB
  --- Exception ---
System.Threading.Tasks.TaskCanceledException: A task was canceled.
   at HealthChecks.Oracle.OracleHealthCheck.CheckHealthAsync(HealthCheckContext context, CancellationToken cancellationToken) in /_/src/HealthChecks.Oracle/OracleHealthCheck.cs:line 34
======================================================================

2026-05-19 20:35:41.9266 [ERROR] [Microsoft.Extensions.Diagnostics.HealthChecks.DefaultHealthCheckService] [TraceID: 00-aff52f8bb0b25bd821a99184b66d9e4c-28e70221edb10c4d-00]
  Event: 0
  Request: GET https://10.1.72.36/health 
  Message: Health check 正式_OracleDB with status Unhealthy completed after 18979.0411ms with message '(null)'
  Properties: HealthCheckName=正式_OracleDB; HealthStatus=Unhealthy; ElapsedMilliseconds=18979.0411; EventId=103; EventName=HealthCheckEnd; RequestId=400006f9-0004-f300-b63f-84710c7967bb; RequestPath=/health; HealthCheckName=正式_OracleDB
  --- Exception ---
System.Threading.Tasks.TaskCanceledException: A task was canceled.
   at HealthChecks.Oracle.OracleHealthCheck.CheckHealthAsync(HealthCheckContext context, CancellationToken cancellationToken) in /_/src/HealthChecks.Oracle/OracleHealthCheck.cs:line 34
======================================================================

2026-05-19 21:06:07.1277 [ERROR] [Microsoft.Extensions.Diagnostics.HealthChecks.DefaultHealthCheckService] [TraceID: 00-96a851a67521a79f211d900d0630b198-4e3afbe3fd6065b3-00]
  Event: 0
  Request: GET https://10.1.72.36/health 
  Message: Health check 正式_OracleDB with status Unhealthy completed after 18978.0903ms with message '(null)'
  Properties: HealthCheckName=正式_OracleDB; HealthStatus=Unhealthy; ElapsedMilliseconds=18978.0903; EventId=103; EventName=HealthCheckEnd; RequestId=40000aba-0005-f200-b63f-84710c7967bb; RequestPath=/health; HealthCheckName=正式_OracleDB
  --- Exception ---
System.Threading.Tasks.TaskCanceledException: A task was canceled.
   at HealthChecks.Oracle.OracleHealthCheck.CheckHealthAsync(HealthCheckContext context, CancellationToken cancellationToken) in /_/src/HealthChecks.Oracle/OracleHealthCheck.cs:line 34
======================================================================

2026-05-19 22:53:05.6234 [ERROR] [Microsoft.Extensions.Diagnostics.HealthChecks.DefaultHealthCheckService] [TraceID: 00-95a6ff82a12bbb0f6b109f6959632607-7987a7a0157f6525-00]
  Event: 0
  Request: GET https://10.1.72.36/health 
  Message: Health check 正式_OracleDB with status Unhealthy completed after 18982.2313ms with message '(null)'
  Properties: HealthCheckName=正式_OracleDB; HealthStatus=Unhealthy; ElapsedMilliseconds=18982.2313; EventId=103; EventName=HealthCheckEnd; RequestId=400002cc-0007-fb00-b63f-84710c7967bb; RequestPath=/health; HealthCheckName=正式_OracleDB
  --- Exception ---
System.Threading.Tasks.TaskCanceledException: A task was canceled.
   at HealthChecks.Oracle.OracleHealthCheck.CheckHealthAsync(HealthCheckContext context, CancellationToken cancellationToken) in /_/src/HealthChecks.Oracle/OracleHealthCheck.cs:line 34
======================================================================

2026-05-19 23:16:37.1303 [ERROR] [Microsoft.Extensions.Diagnostics.HealthChecks.DefaultHealthCheckService] [TraceID: 00-e08faf5bf2ab3f5a2d1885647f0d3a07-fb3ab80e2b0e1255-00]
  Event: 0
  Request: GET https://10.1.72.36/health 
  Message: Health check 正式_OracleDB with status Unhealthy completed after 18977.3108ms with message '(null)'
  Properties: HealthCheckName=正式_OracleDB; HealthStatus=Unhealthy; ElapsedMilliseconds=18977.3108; EventId=103; EventName=HealthCheckEnd; RequestId=4000057b-0002-f400-b63f-84710c7967bb; RequestPath=/health; HealthCheckName=正式_OracleDB
  --- Exception ---
System.Threading.Tasks.TaskCanceledException: A task was canceled.
   at HealthChecks.Oracle.OracleHealthCheck.CheckHealthAsync(HealthCheckContext context, CancellationToken cancellationToken) in /_/src/HealthChecks.Oracle/OracleHealthCheck.cs:line 34
======================================================================

