2026-05-25 02:03:38.8477|eventId: 0|level: INFO|traceId: N/A|logger: NHI_AI_MedReportViewerWebApi.Program|message: Allowed origin: http://localhost:5173
2026-05-25 02:03:39.0214|eventId: 0|level: INFO|traceId: N/A|logger: NHI_AI_MedReportViewerWebApi.Program|message: Authentication enabled with JWT Bearer tokens
2026-05-25 02:03:39.3082|eventId: 0|level: INFO|traceId: N/A|logger: NHI_AI_MedReportViewerWebApi.Program|message: Exceptionless 設定完成，ServerUrl: "https://h30lhclogsvr.intra.nhi.gov.tw:8443"
2026-05-25 11:11:37.0797|eventId: 0|level: INFO|traceId: 00-d99a5acad32c51eabecd98ccfb4faa3f-8de603965da2966a-00|logger: NHI_AI_MedReportViewerWebApi.Services.UrlTokenValidator|message: 正在載入 URL 驗證用 JWKS。Issuer=https://auth.cohesion.internal/url-issuer, Audience=viewer-app, Path=Config/url.jwks.json
2026-05-25 11:11:37.0915|eventId: 0|level: INFO|traceId: 00-d99a5acad32c51eabecd98ccfb4faa3f-8de603965da2966a-00|logger: NHI_AI_MedReportViewerWebApi.Services.UrlTokenValidator|message: URL 驗證用 JWKS 載入完成，共 1 把金鑰。
2026-05-25 11:11:37.0985|eventId: 0|level: INFO|traceId: 00-d99a5acad32c51eabecd98ccfb4faa3f-8de603965da2966a-00|logger: NHI_AI_MedReportViewerWebApi.Services.ViewerTokenIssuer|message: 正在載入 Viewer 簽章私鑰 PEM (初始化)。Issuer=https://auth.cohesion.internal/viewer-issuer, Audience=viewer-app, PemPath=Config/viewer-issuer-private.pem, Kid=VW-2025-03, TTL=14400s
2026-05-25 11:11:37.1274|eventId: 0|level: INFO|traceId: 00-d99a5acad32c51eabecd98ccfb4faa3f-8de603965da2966a-00|logger: NHI_AI_MedReportViewerWebApi.Services.ViewerTokenIssuer|message: Viewer 簽章私鑰 PEM 載入完成，簽章設定 初始化成功。Kid=VW-2025-03, 存活秒數=14400
2026-05-25 11:11:37.1420|eventId: 0|level: INFO|traceId: 00-d99a5acad32c51eabecd98ccfb4faa3f-8de603965da2966a-00|logger: NHI_AI_MedReportViewerWebApi.Controllers.ReportsController|message: 開始驗證 URL Token。
2026-05-25 11:11:37.1827|eventId: 0|level: INFO|traceId: 00-d99a5acad32c51eabecd98ccfb4faa3f-8de603965da2966a-00|logger: NHI_AI_MedReportViewerWebApi.Services.UrlTokenValidator|message: URL Token 驗證通過。kid=UX-2025-02
2026-05-25 11:11:37.1827|eventId: 0|level: INFO|traceId: 00-d99a5acad32c51eabecd98ccfb4faa3f-8de603965da2966a-00|logger: NHI_AI_MedReportViewerWebApi.Controllers.ReportsController|message: URL Token 驗證通過，準備簽發 Viewer Token。
2026-05-25 11:11:37.1943|eventId: 0|level: INFO|traceId: 00-d99a5acad32c51eabecd98ccfb4faa3f-8de603965da2966a-00|logger: NHI_AI_MedReportViewerWebApi.Services.ViewerTokenIssuer|message: 正在簽發 Viewer Token。存活秒數=14400, 到期時間(UTC)=05/25/2026 07:11:37, kid=VW-2025-03, 最大會話壽命(amax)=05/25/2026 07:11:37
2026-05-25 11:11:37.2075|eventId: 0|level: INFO|traceId: 00-d99a5acad32c51eabecd98ccfb4faa3f-8de603965da2966a-00|logger: NHI_AI_MedReportViewerWebApi.Controllers.ReportsController|message: 以 Redirect 模式回應，導向前端頁面。
2026-05-25 11:11:39.2379|eventId: 0|level: INFO|traceId: 00-21e3552d888a0746bcf639c29c1672cf-8bbe7442544fd393-00|logger: NHI_AI_MedReportViewerWebApi.Services.OutputGenerationService|message: 開始建立 extracted_data for Patient: Z299999830-20251102-1211-00000000001
2026-05-25 11:11:39.6079|eventId: 0|level: INFO|traceId: 00-21e3552d888a0746bcf639c29c1672cf-8bbe7442544fd393-00|logger: NHI_AI_MedReportViewerWebApi.Services.OutputGenerationService|message: 完成建立 23 筆 extracted_data
2026-05-25 11:11:39.6141|eventId: 0|level: INFO|traceId: 00-21e3552d888a0746bcf639c29c1672cf-8bbe7442544fd393-00|logger: NHI_AI_MedReportViewerWebApi.Services.OutputGenerationService|message: 開始建立 summary for Patient: Z299999830-20251102-1211-00000000001
2026-05-25 11:11:39.6995|eventId: 0|level: INFO|traceId: 00-21e3552d888a0746bcf639c29c1672cf-8bbe7442544fd393-00|logger: NHI_AI_MedReportViewerWebApi.Services.OutputGenerationService|message: 完成建立 4 筆 summary
2026-05-25 11:11:39.7125|eventId: 3|level: INFO|traceId: 00-21e3552d888a0746bcf639c29c1672cf-8bbe7442544fd393-00|logger: Polly|message: Execution attempt. Source: 'OracleResiliencePipeline/(null)/Retry', Operation Key: '', Result: 'NHI_AI_MedReportViewerWebApi.Models.OutputJsonDto', Handled: 'False', Attempt: '0', Execution Time: '574.5581'
2026-05-25 11:11:40.5027|eventId: 0|level: INFO|traceId: 00-c94820116f7e70deaf4d3383b62f860b-bf26b3560670f913-00|logger: NHI_AI_MedReportViewerWebApi.Services.OutputGenerationService|message: 開始取得病患關鍵影像: IdAes=EBD71A864A0F7E6A355827754B89259E, Birthday=19410712
2026-05-25 11:11:40.5918|eventId: 3|level: INFO|traceId: 00-c94820116f7e70deaf4d3383b62f860b-bf26b3560670f913-00|logger: Polly|message: Execution attempt. Source: 'OracleResiliencePipeline/(null)/Retry', Operation Key: '', Result: 'System.Collections.Generic.List`1[NHI_AI_MedReportViewerWebApi.Models.KeyImageInfo]', Handled: 'False', Attempt: '0', Execution Time: '76.7661'
2026-05-25 11:11:40.5918|eventId: 0|level: INFO|traceId: 00-c94820116f7e70deaf4d3383b62f860b-bf26b3560670f913-00|logger: NHI_AI_MedReportViewerWebApi.Services.OutputGenerationService|message: 完成取得病患關鍵影像，共 4 筆
2026-05-25 11:11:40.7622|eventId: 0|level: INFO|traceId: 00-b2e64dbf46a8164576ada7d24acb1d40-8ef2147d2320b887-00|logger: NHI_AI_MedReportViewerWebApi.Services.NhiPatientImageService|message: 開始查詢 Series Instance UID: Study=1.2.840.133888132105150143162871541411731780159144, SeriesNumber=15
2026-05-25 11:11:40.9019|eventId: 0|level: INFO|traceId: 00-6d2fda6ea01672ed19e706ae31ab52aa-85b09dc117248d08-00|logger: AIRS.Core.Helpers.ZfpOracleDbHelper|message: GetImageKey(studyInstanceUid: 1.2.840.6610321904118510815420318233761831142014, seriesInstanceUid: 1.2.840.185393732156165237212158241127106677643111, sopInstanceUid: 1.2.840.3417124205586658229153205402522644)
2026-05-25 11:11:40.9079|eventId: 0|level: INFO|traceId: 00-25428c86a8c80b6db076636a532ccf83-b830973e286e7008-00|logger: AIRS.Core.Helpers.ZfpOracleDbHelper|message: GetImageKey(studyInstanceUid: 1.2.840.1405011311801131732011012121012200126134, seriesInstanceUid: 1.2.840.51111141244381216847820799116149155151129, sopInstanceUid: 1.2.840.3219370233171571652261152261706625011114738)
2026-05-25 11:11:40.9079|eventId: 0|level: INFO|traceId: 00-88722c42a2f3d8a28dcce9a56f69255c-249b972aed91366d-00|logger: AIRS.Core.Helpers.ZfpOracleDbHelper|message: GetImageKey(studyInstanceUid: 1.2.840.1405011311801131732011012121012200126134, seriesInstanceUid: 1.2.840.51111141244381216847820799116149155151129, sopInstanceUid: 1.2.840.232761451702923525417733227971231052812514)
2026-05-25 11:11:40.9079|eventId: 0|level: INFO|traceId: 00-b955c205cca17773543b9ad2f7e303d2-a09849ac2314e8e3-00|logger: AIRS.Core.Helpers.ZfpOracleDbHelper|message: GetImageKey(studyInstanceUid: 1.2.840.6610321904118510815420318233761831142014, seriesInstanceUid: 1.2.840.185393732156165237212158241127106677643111, sopInstanceUid: 1.2.840.1051457738253118922381479013141215320088)
2026-05-25 11:11:40.9881|eventId: 3|level: INFO|traceId: 00-b2e64dbf46a8164576ada7d24acb1d40-8ef2147d2320b887-00|logger: Polly|message: Execution attempt. Source: 'OracleResiliencePipeline/(null)/Retry', Operation Key: '', Result: '1.2.840.19216622352892321110282110210111240391850', Handled: 'False', Attempt: '0', Execution Time: '213.7776'
2026-05-25 11:11:40.9881|eventId: 3|level: INFO|traceId: 00-3246ebf14b2792c21496a3405f6691af-ade6c398a59654d7-00|logger: Polly|message: Execution attempt. Source: 'OracleResiliencePipeline/(null)/Retry', Operation Key: '', Result: '台大醫院', Handled: 'False', Attempt: '0', Execution Time: '489.6302'
2026-05-25 11:11:40.9967|eventId: 0|level: INFO|traceId: 00-b2e64dbf46a8164576ada7d24acb1d40-8ef2147d2320b887-00|logger: NHI_AI_MedReportViewerWebApi.Services.NhiPatientImageService|message: 找到 Series Number 15 對應的 Series Instance UID: 1.2.840.19216622352892321110282110210111240391850
2026-05-25 11:11:40.9967|eventId: 3|level: INFO|traceId: 00-b955c205cca17773543b9ad2f7e303d2-a09849ac2314e8e3-00|logger: Polly|message: Execution attempt. Source: 'OracleResiliencePipeline/(null)/Retry', Operation Key: '', Result: 'NHI_ZFP_Viewer.ImageSources.ImageInfo', Handled: 'False', Attempt: '0', Execution Time: '77.236'
2026-05-25 11:11:40.9967|eventId: 3|level: INFO|traceId: 00-88722c42a2f3d8a28dcce9a56f69255c-249b972aed91366d-00|logger: Polly|message: Execution attempt. Source: 'OracleResiliencePipeline/(null)/Retry', Operation Key: '', Result: 'NHI_ZFP_Viewer.ImageSources.ImageInfo', Handled: 'False', Attempt: '0', Execution Time: '78.0443'
2026-05-25 11:11:40.9967|eventId: 3|level: INFO|traceId: 00-25428c86a8c80b6db076636a532ccf83-b830973e286e7008-00|logger: Polly|message: Execution attempt. Source: 'OracleResiliencePipeline/(null)/Retry', Operation Key: '', Result: 'NHI_ZFP_Viewer.ImageSources.ImageInfo', Handled: 'False', Attempt: '0', Execution Time: '80.8496'
2026-05-25 11:11:41.0120|eventId: 0|level: INFO|traceId: 00-b955c205cca17773543b9ad2f7e303d2-a09849ac2314e8e3-00|logger: AIRS.Core.Helpers.ZfpOracleDbHelper|message: GetImageKey = Archived/20230510/1.2.840.6610321904118510815420318233761831142014/1.2.840.185393732156165237212158241127106677643111/1.2.840.1051457738253118922381479013141215320088.dcm, 93 ms elapsed.
2026-05-25 11:11:41.0120|eventId: 0|level: INFO|traceId: 00-88722c42a2f3d8a28dcce9a56f69255c-249b972aed91366d-00|logger: AIRS.Core.Helpers.ZfpOracleDbHelper|message: GetImageKey = Archived/20230210/1.2.840.1405011311801131732011012121012200126134/1.2.840.51111141244381216847820799116149155151129/1.2.840.232761451702923525417733227971231052812514.dcm, 96 ms elapsed.
2026-05-25 11:11:41.0120|eventId: 0|level: INFO|traceId: 00-25428c86a8c80b6db076636a532ccf83-b830973e286e7008-00|logger: AIRS.Core.Helpers.ZfpOracleDbHelper|message: GetImageKey = Archived/20230210/1.2.840.1405011311801131732011012121012200126134/1.2.840.51111141244381216847820799116149155151129/1.2.840.3219370233171571652261152261706625011114738.dcm, 101 ms elapsed.
2026-05-25 11:11:41.0120|eventId: 3|level: INFO|traceId: 00-6d2fda6ea01672ed19e706ae31ab52aa-85b09dc117248d08-00|logger: Polly|message: Execution attempt. Source: 'OracleResiliencePipeline/(null)/Retry', Operation Key: '', Result: 'NHI_ZFP_Viewer.ImageSources.ImageInfo', Handled: 'False', Attempt: '0', Execution Time: '114.0564'
2026-05-25 11:11:41.0299|eventId: 0|level: INFO|traceId: 00-6d2fda6ea01672ed19e706ae31ab52aa-85b09dc117248d08-00|logger: AIRS.Core.Helpers.ZfpOracleDbHelper|message: GetImageKey = Archived/20230510/1.2.840.6610321904118510815420318233761831142014/1.2.840.185393732156165237212158241127106677643111/1.2.840.3417124205586658229153205402522644.dcm, 125 ms elapsed.
2026-05-25 11:11:41.0299|eventId: 0|level: INFO|traceId: 00-2518b261218272af2ae5ad69fd46dcdd-8f35381fcc69e8ff-00|logger: AIRS.Core.Helpers.ZfpOracleDbHelper|message: GetSortedImagesBySeries(studyInstanceUid: 1.2.840.133888132105150143162871541411731780159144, seriesInstanceUid: 1.2.840.19216622352892321110282110210111240391850)
2026-05-25 11:11:41.0470|eventId: 0|level: INFO|traceId: 00-25428c86a8c80b6db076636a532ccf83-b830973e286e7008-00|logger: AIRS.Core.Common.LogForgingTools|message: 1779678701056 GetImage() 由 S3 取得 stream，耗時 33 ms.
2026-05-25 11:11:41.0470|eventId: 0|level: INFO|traceId: 00-88722c42a2f3d8a28dcce9a56f69255c-249b972aed91366d-00|logger: AIRS.Core.Common.LogForgingTools|message: 1779678701057 GetImage() 由 S3 取得 stream，耗時 36 ms.
2026-05-25 11:11:41.0599|eventId: 0|level: INFO|traceId: 00-25428c86a8c80b6db076636a532ccf83-b830973e286e7008-00|logger: NHI_AI_MedReportViewerWebApi.Services.NhiPatientImageService|message: 成功從 S3 取得影像: 1.2.840.3219370233171571652261152261706625011114738
2026-05-25 11:11:41.0599|eventId: 0|level: INFO|traceId: 00-88722c42a2f3d8a28dcce9a56f69255c-249b972aed91366d-00|logger: NHI_AI_MedReportViewerWebApi.Services.NhiPatientImageService|message: 成功從 S3 取得影像: 1.2.840.232761451702923525417733227971231052812514
2026-05-25 11:11:41.0599|eventId: 0|level: INFO|traceId: 00-b955c205cca17773543b9ad2f7e303d2-a09849ac2314e8e3-00|logger: AIRS.Core.Common.LogForgingTools|message: 1779678701063 GetImage() 由 S3 取得 stream，耗時 45 ms.
2026-05-25 11:11:41.0599|eventId: 0|level: INFO|traceId: 00-25428c86a8c80b6db076636a532ccf83-b830973e286e7008-00|logger: NHI_AI_MedReportViewerWebApi.Services.NhiPatientImageService|message: 開始轉換 DICOM 為 JPG: SOP Instance UID=1.2.840.3219370233171571652261152261706625011114738, ContentType=application/dicom
2026-05-25 11:11:41.0599|eventId: 0|level: INFO|traceId: 00-88722c42a2f3d8a28dcce9a56f69255c-249b972aed91366d-00|logger: NHI_AI_MedReportViewerWebApi.Services.NhiPatientImageService|message: 開始轉換 DICOM 為 JPG: SOP Instance UID=1.2.840.232761451702923525417733227971231052812514, ContentType=application/dicom
2026-05-25 11:11:41.0599|eventId: 0|level: INFO|traceId: 00-b955c205cca17773543b9ad2f7e303d2-a09849ac2314e8e3-00|logger: NHI_AI_MedReportViewerWebApi.Services.NhiPatientImageService|message: 成功從 S3 取得影像: 1.2.840.1051457738253118922381479013141215320088
2026-05-25 11:11:41.0599|eventId: 0|level: INFO|traceId: 00-6d2fda6ea01672ed19e706ae31ab52aa-85b09dc117248d08-00|logger: AIRS.Core.Common.LogForgingTools|message: 1779678701073 GetImage() 由 S3 取得 stream，耗時 36 ms.
2026-05-25 11:11:41.0746|eventId: 3|level: INFO|traceId: 00-2518b261218272af2ae5ad69fd46dcdd-8f35381fcc69e8ff-00|logger: Polly|message: Execution attempt. Source: 'OracleResiliencePipeline/(null)/Retry', Operation Key: '', Result: 'System.Collections.Generic.List`1[System.String]', Handled: 'False', Attempt: '0', Execution Time: '34.4239'
2026-05-25 11:11:41.0746|eventId: 0|level: INFO|traceId: 00-b955c205cca17773543b9ad2f7e303d2-a09849ac2314e8e3-00|logger: NHI_AI_MedReportViewerWebApi.Services.NhiPatientImageService|message: 開始轉換 DICOM 為 JPG: SOP Instance UID=1.2.840.1051457738253118922381479013141215320088, ContentType=application/dicom
2026-05-25 11:11:41.0746|eventId: 0|level: INFO|traceId: 00-6d2fda6ea01672ed19e706ae31ab52aa-85b09dc117248d08-00|logger: NHI_AI_MedReportViewerWebApi.Services.NhiPatientImageService|message: 成功從 S3 取得影像: 1.2.840.3417124205586658229153205402522644
2026-05-25 11:11:41.0746|eventId: 0|level: INFO|traceId: 00-2518b261218272af2ae5ad69fd46dcdd-8f35381fcc69e8ff-00|logger: NHI_AI_MedReportViewerWebApi.Services.NhiPatientImageService|message: Series 1.2.840.19216622352892321110282110210111240391850 包含 64 個影像（已快取）
2026-05-25 11:11:41.0746|eventId: 0|level: INFO|traceId: 00-6d2fda6ea01672ed19e706ae31ab52aa-85b09dc117248d08-00|logger: NHI_AI_MedReportViewerWebApi.Services.NhiPatientImageService|message: 開始轉換 DICOM 為 JPG: SOP Instance UID=1.2.840.3417124205586658229153205402522644, ContentType=application/dicom
2026-05-25 11:11:41.0901|eventId: 0|level: INFO|traceId: 00-194ef60b08db2b35cb2f2683c99c783b-dbfe0c3b1914e430-00|logger: AIRS.Core.Helpers.ZfpOracleDbHelper|message: GetImageKey(studyInstanceUid: 1.2.840.133888132105150143162871541411731780159144, seriesInstanceUid: 1.2.840.19216622352892321110282110210111240391850, sopInstanceUid: 1.2.840.15116225230158118975412622041871962468104)
2026-05-25 11:11:41.1068|eventId: 3|level: INFO|traceId: 00-194ef60b08db2b35cb2f2683c99c783b-dbfe0c3b1914e430-00|logger: Polly|message: Execution attempt. Source: 'OracleResiliencePipeline/(null)/Retry', Operation Key: '', Result: 'NHI_ZFP_Viewer.ImageSources.ImageInfo', Handled: 'False', Attempt: '0', Execution Time: '12.5939'
2026-05-25 11:11:41.1253|eventId: 0|level: INFO|traceId: 00-194ef60b08db2b35cb2f2683c99c783b-dbfe0c3b1914e430-00|logger: AIRS.Core.Helpers.ZfpOracleDbHelper|message: GetImageKey = Archived/20250812/1.2.840.133888132105150143162871541411731780159144/1.2.840.19216622352892321110282110210111240391850/1.2.840.15116225230158118975412622041871962468104.dcm, 24 ms elapsed.
2026-05-25 11:11:41.1839|eventId: 0|level: INFO|traceId: 00-194ef60b08db2b35cb2f2683c99c783b-dbfe0c3b1914e430-00|logger: AIRS.Core.Common.LogForgingTools|message: 1779678701183 GetImage() 由 S3 取得 stream，耗時 50 ms.
2026-05-25 11:11:41.1839|eventId: 0|level: INFO|traceId: 00-194ef60b08db2b35cb2f2683c99c783b-dbfe0c3b1914e430-00|logger: NHI_AI_MedReportViewerWebApi.Services.NhiPatientImageService|message: 成功從 S3 取得影像: 1.2.840.15116225230158118975412622041871962468104
2026-05-25 11:11:41.9120|eventId: 0|level: INFO|traceId: 00-88722c42a2f3d8a28dcce9a56f69255c-249b972aed91366d-00|logger: NHI_AI_MedReportViewerWebApi.Services.NhiPatientImageService|message: 成功轉換 DICOM 為 JPG: SOP Instance UID=1.2.840.232761451702923525417733227971231052812514
2026-05-25 11:11:41.9120|eventId: 0|level: INFO|traceId: 00-25428c86a8c80b6db076636a532ccf83-b830973e286e7008-00|logger: NHI_AI_MedReportViewerWebApi.Services.NhiPatientImageService|message: 成功轉換 DICOM 為 JPG: SOP Instance UID=1.2.840.3219370233171571652261152261706625011114738
2026-05-25 11:11:41.9120|eventId: 0|level: INFO|traceId: 00-6d2fda6ea01672ed19e706ae31ab52aa-85b09dc117248d08-00|logger: NHI_AI_MedReportViewerWebApi.Services.NhiPatientImageService|message: 成功轉換 DICOM 為 JPG: SOP Instance UID=1.2.840.3417124205586658229153205402522644
2026-05-25 11:11:41.9120|eventId: 0|level: INFO|traceId: 00-b955c205cca17773543b9ad2f7e303d2-a09849ac2314e8e3-00|logger: NHI_AI_MedReportViewerWebApi.Services.NhiPatientImageService|message: 成功轉換 DICOM 為 JPG: SOP Instance UID=1.2.840.1051457738253118922381479013141215320088
