2026-05-20 01:32:49.2033|pid:1728|eventId: 0|level: ERROR|logger: Microsoft.Extensions.Diagnostics.HealthChecks.DefaultHealthCheckService|message: Health check OracleDB with status Unhealthy completed after 18971.612ms with message '(null)'--- Exception ---System.OperationCanceledException: ORA-01013: User requested cancel of current operation.
https://docs.oracle.com/error-help/db/ora-01013/
 ---> Oracle.ManagedDataAccess.Client.OracleException (0x80004005): ORA-01013: User requested cancel of current operation.
https://docs.oracle.com/error-help/db/ora-01013/
   at Oracle.ManagedDataAccess.Client.OracleCommand.ExecuteScalarInternalAsync(Boolean bAsync, CancellationToken cancellationToken)
   at Oracle.ManagedDataAccess.Client.OracleCommand.ExecuteScalarAsyncHelper(CancellationToken cancellationToken)
   --- End of inner exception stack trace ---
   at Oracle.ManagedDataAccess.Client.OracleCommand.ExecuteScalarAsyncHelper(CancellationToken cancellationToken)
   at HealthChecks.Oracle.OracleHealthCheck.CheckHealthAsync(HealthCheckContext context, CancellationToken cancellationToken) in /_/src/HealthChecks.Oracle/OracleHealthCheck.cs:line 34
2026-05-20 03:01:36.4346|pid:1872|eventId: 0|level: INFO|logger: NHI_AI_LungCancerReportWebApi.Program|message: CORS 已允許的來源：https://haima.intra.nhi.gov.tw:5000
2026-05-20 03:01:37.7838|pid:1872|eventId: 0|level: INFO|logger: NHI_AI_LungCancerReportWebApi.Program|message: Exceptionless 設定完成
2026-05-20 03:01:37.7838|pid:1872|eventId: 0|level: INFO|logger: NHI_AI_LungCancerReportWebApi.Program|message: ServerUrl: https://h30lhclogsvr.intra.nhi.gov.tw:8443
2026-05-20 03:01:39.1117|pid:1872|eventId: 0|level: WARN|logger: Microsoft.AspNetCore.DataProtection.Repositories.EphemeralXmlRepository|message: Using an in-memory repository. Keys will not be persisted to storage.
2026-05-20 03:01:39.1127|pid:1872|eventId: 0|level: WARN|logger: Microsoft.AspNetCore.DataProtection.KeyManagement.XmlKeyManager|message: Neither user profile nor HKLM registry available. Using an ephemeral key repository. Protected data will be unavailable when application exits.
2026-05-20 03:01:39.1285|pid:1872|eventId: 0|level: WARN|logger: Microsoft.AspNetCore.DataProtection.KeyManagement.XmlKeyManager|message: No XML encryptor configured. Key {b1a66483-2e7f-472b-be64-fd58efd7215e} may be persisted to storage in unencrypted form.
2026-05-20 04:05:03.4274|pid:1872|eventId: 0|level: ERROR|logger: Microsoft.Extensions.Diagnostics.HealthChecks.DefaultHealthCheckService|message: Health check OracleDB with status Unhealthy completed after 19308.0266ms with message '(null)'--- Exception ---System.OperationCanceledException: ORA-01013: User requested cancel of current operation.
https://docs.oracle.com/error-help/db/ora-01013/
 ---> Oracle.ManagedDataAccess.Client.OracleException (0x80004005): ORA-01013: User requested cancel of current operation.
https://docs.oracle.com/error-help/db/ora-01013/
   at Oracle.ManagedDataAccess.Client.OracleCommand.ExecuteScalarInternalAsync(Boolean bAsync, CancellationToken cancellationToken)
   at Oracle.ManagedDataAccess.Client.OracleCommand.ExecuteScalarAsyncHelper(CancellationToken cancellationToken)
   --- End of inner exception stack trace ---
   at Oracle.ManagedDataAccess.Client.OracleCommand.ExecuteScalarAsyncHelper(CancellationToken cancellationToken)
   at HealthChecks.Oracle.OracleHealthCheck.CheckHealthAsync(HealthCheckContext context, CancellationToken cancellationToken) in /_/src/HealthChecks.Oracle/OracleHealthCheck.cs:line 34
2026-05-20 05:26:38.4284|pid:1872|eventId: 0|level: ERROR|logger: Microsoft.Extensions.Diagnostics.HealthChecks.DefaultHealthCheckService|message: Health check OracleDB with status Unhealthy completed after 18988.0206ms with message '(null)'--- Exception ---System.OperationCanceledException: ORA-01013: User requested cancel of current operation.
https://docs.oracle.com/error-help/db/ora-01013/
 ---> Oracle.ManagedDataAccess.Client.OracleException (0x80004005): ORA-01013: User requested cancel of current operation.
https://docs.oracle.com/error-help/db/ora-01013/
   at Oracle.ManagedDataAccess.Client.OracleCommand.ExecuteScalarInternalAsync(Boolean bAsync, CancellationToken cancellationToken)
   at Oracle.ManagedDataAccess.Client.OracleCommand.ExecuteScalarAsyncHelper(CancellationToken cancellationToken)
   --- End of inner exception stack trace ---
   at Oracle.ManagedDataAccess.Client.OracleCommand.ExecuteScalarAsyncHelper(CancellationToken cancellationToken)
   at HealthChecks.Oracle.OracleHealthCheck.CheckHealthAsync(HealthCheckContext context, CancellationToken cancellationToken) in /_/src/HealthChecks.Oracle/OracleHealthCheck.cs:line 34
2026-05-20 07:21:03.6310|pid:1872|eventId: 0|level: ERROR|logger: Microsoft.Extensions.Diagnostics.HealthChecks.DefaultHealthCheckService|message: Health check OracleDB with status Unhealthy completed after 18989.7285ms with message '(null)'--- Exception ---System.OperationCanceledException: ORA-01013: User requested cancel of current operation.
https://docs.oracle.com/error-help/db/ora-01013/
 ---> Oracle.ManagedDataAccess.Client.OracleException (0x80004005): ORA-01013: User requested cancel of current operation.
https://docs.oracle.com/error-help/db/ora-01013/
   at Oracle.ManagedDataAccess.Client.OracleCommand.ExecuteScalarInternalAsync(Boolean bAsync, CancellationToken cancellationToken)
   at Oracle.ManagedDataAccess.Client.OracleCommand.ExecuteScalarAsyncHelper(CancellationToken cancellationToken)
   --- End of inner exception stack trace ---
   at Oracle.ManagedDataAccess.Client.OracleCommand.ExecuteScalarAsyncHelper(CancellationToken cancellationToken)
   at HealthChecks.Oracle.OracleHealthCheck.CheckHealthAsync(HealthCheckContext context, CancellationToken cancellationToken) in /_/src/HealthChecks.Oracle/OracleHealthCheck.cs:line 34
2026-05-20 07:43:56.0347|pid:1872|eventId: 0|level: ERROR|logger: Microsoft.Extensions.Diagnostics.HealthChecks.DefaultHealthCheckService|message: Health check OracleDB with status Unhealthy completed after 18974.9314ms with message '(null)'--- Exception ---System.OperationCanceledException: ORA-01013: User requested cancel of current operation.
https://docs.oracle.com/error-help/db/ora-01013/
 ---> Oracle.ManagedDataAccess.Client.OracleException (0x80004005): ORA-01013: User requested cancel of current operation.
https://docs.oracle.com/error-help/db/ora-01013/
   at Oracle.ManagedDataAccess.Client.OracleCommand.ExecuteScalarInternalAsync(Boolean bAsync, CancellationToken cancellationToken)
   at Oracle.ManagedDataAccess.Client.OracleCommand.ExecuteScalarAsyncHelper(CancellationToken cancellationToken)
   --- End of inner exception stack trace ---
   at Oracle.ManagedDataAccess.Client.OracleCommand.ExecuteScalarAsyncHelper(CancellationToken cancellationToken)
   at HealthChecks.Oracle.OracleHealthCheck.CheckHealthAsync(HealthCheckContext context, CancellationToken cancellationToken) in /_/src/HealthChecks.Oracle/OracleHealthCheck.cs:line 34
2026-05-20 09:37:06.2636|pid:1872|eventId: 0|level: ERROR|logger: Microsoft.Extensions.Diagnostics.HealthChecks.DefaultHealthCheckService|message: Health check OracleDB with status Unhealthy completed after 18990.8534ms with message '(null)'--- Exception ---System.OperationCanceledException: ORA-01013: User requested cancel of current operation.
https://docs.oracle.com/error-help/db/ora-01013/
 ---> Oracle.ManagedDataAccess.Client.OracleException (0x80004005): ORA-01013: User requested cancel of current operation.
https://docs.oracle.com/error-help/db/ora-01013/
   at Oracle.ManagedDataAccess.Client.OracleCommand.ExecuteScalarInternalAsync(Boolean bAsync, CancellationToken cancellationToken)
   at Oracle.ManagedDataAccess.Client.OracleCommand.ExecuteScalarAsyncHelper(CancellationToken cancellationToken)
   --- End of inner exception stack trace ---
   at Oracle.ManagedDataAccess.Client.OracleCommand.ExecuteScalarAsyncHelper(CancellationToken cancellationToken)
   at HealthChecks.Oracle.OracleHealthCheck.CheckHealthAsync(HealthCheckContext context, CancellationToken cancellationToken) in /_/src/HealthChecks.Oracle/OracleHealthCheck.cs:line 34
2026-05-20 09:59:50.9252|pid:1872|eventId: 0|level: ERROR|logger: Microsoft.Extensions.Diagnostics.HealthChecks.DefaultHealthCheckService|message: Health check OracleDB with status Unhealthy completed after 18999.6988ms with message '(null)'--- Exception ---System.OperationCanceledException: ORA-01013: User requested cancel of current operation.
https://docs.oracle.com/error-help/db/ora-01013/
 ---> Oracle.ManagedDataAccess.Client.OracleException (0x80004005): ORA-01013: User requested cancel of current operation.
https://docs.oracle.com/error-help/db/ora-01013/
   at Oracle.ManagedDataAccess.Client.OracleCommand.ExecuteScalarInternalAsync(Boolean bAsync, CancellationToken cancellationToken)
   at Oracle.ManagedDataAccess.Client.OracleCommand.ExecuteScalarAsyncHelper(CancellationToken cancellationToken)
   --- End of inner exception stack trace ---
   at Oracle.ManagedDataAccess.Client.OracleCommand.ExecuteScalarAsyncHelper(CancellationToken cancellationToken)
   at HealthChecks.Oracle.OracleHealthCheck.CheckHealthAsync(HealthCheckContext context, CancellationToken cancellationToken) in /_/src/HealthChecks.Oracle/OracleHealthCheck.cs:line 34
2026-05-20 15:15:36.7618|pid:1872|eventId: 0|level: ERROR|logger: Microsoft.Extensions.Diagnostics.HealthChecks.DefaultHealthCheckService|message: Health check OracleDB with status Unhealthy completed after 18989.9662ms with message '(null)'--- Exception ---System.OperationCanceledException: ORA-01013: User requested cancel of current operation.
https://docs.oracle.com/error-help/db/ora-01013/
 ---> Oracle.ManagedDataAccess.Client.OracleException (0x80004005): ORA-01013: User requested cancel of current operation.
https://docs.oracle.com/error-help/db/ora-01013/
   at Oracle.ManagedDataAccess.Client.OracleCommand.ExecuteScalarInternalAsync(Boolean bAsync, CancellationToken cancellationToken)
   at Oracle.ManagedDataAccess.Client.OracleCommand.ExecuteScalarAsyncHelper(CancellationToken cancellationToken)
   --- End of inner exception stack trace ---
   at Oracle.ManagedDataAccess.Client.OracleCommand.ExecuteScalarAsyncHelper(CancellationToken cancellationToken)
   at HealthChecks.Oracle.OracleHealthCheck.CheckHealthAsync(HealthCheckContext context, CancellationToken cancellationToken) in /_/src/HealthChecks.Oracle/OracleHealthCheck.cs:line 34
2026-05-20 17:37:22.4853|pid:1872|eventId: 0|level: ERROR|logger: Microsoft.Extensions.Diagnostics.HealthChecks.DefaultHealthCheckService|message: Health check OracleDB with status Unhealthy completed after 18961.1443ms with message '(null)'--- Exception ---System.OperationCanceledException: ORA-01013: User requested cancel of current operation.
https://docs.oracle.com/error-help/db/ora-01013/
 ---> Oracle.ManagedDataAccess.Client.OracleException (0x80004005): ORA-01013: User requested cancel of current operation.
https://docs.oracle.com/error-help/db/ora-01013/
   at Oracle.ManagedDataAccess.Client.OracleCommand.ExecuteScalarInternalAsync(Boolean bAsync, CancellationToken cancellationToken)
   at Oracle.ManagedDataAccess.Client.OracleCommand.ExecuteScalarAsyncHelper(CancellationToken cancellationToken)
   --- End of inner exception stack trace ---
   at Oracle.ManagedDataAccess.Client.OracleCommand.ExecuteScalarAsyncHelper(CancellationToken cancellationToken)
   at HealthChecks.Oracle.OracleHealthCheck.CheckHealthAsync(HealthCheckContext context, CancellationToken cancellationToken) in /_/src/HealthChecks.Oracle/OracleHealthCheck.cs:line 34
2026-05-20 18:06:19.3883|pid:1872|eventId: 0|level: ERROR|logger: Microsoft.Extensions.Diagnostics.HealthChecks.DefaultHealthCheckService|message: Health check OracleDB with status Unhealthy completed after 18961.5976ms with message '(null)'--- Exception ---System.OperationCanceledException: ORA-01013: User requested cancel of current operation.
https://docs.oracle.com/error-help/db/ora-01013/
 ---> Oracle.ManagedDataAccess.Client.OracleException (0x80004005): ORA-01013: User requested cancel of current operation.
https://docs.oracle.com/error-help/db/ora-01013/
   at Oracle.ManagedDataAccess.Client.OracleCommand.ExecuteScalarInternalAsync(Boolean bAsync, CancellationToken cancellationToken)
   at Oracle.ManagedDataAccess.Client.OracleCommand.ExecuteScalarAsyncHelper(CancellationToken cancellationToken)
   --- End of inner exception stack trace ---
   at Oracle.ManagedDataAccess.Client.OracleCommand.ExecuteScalarAsyncHelper(CancellationToken cancellationToken)
   at HealthChecks.Oracle.OracleHealthCheck.CheckHealthAsync(HealthCheckContext context, CancellationToken cancellationToken) in /_/src/HealthChecks.Oracle/OracleHealthCheck.cs:line 34
2026-05-20 20:00:41.8463|pid:1872|eventId: 0|level: ERROR|logger: Microsoft.Extensions.Diagnostics.HealthChecks.DefaultHealthCheckService|message: Health check OracleDB with status Unhealthy completed after 18974.6505ms with message '(null)'--- Exception ---System.OperationCanceledException: ORA-01013: User requested cancel of current operation.
https://docs.oracle.com/error-help/db/ora-01013/
 ---> Oracle.ManagedDataAccess.Client.OracleException (0x80004005): ORA-01013: User requested cancel of current operation.
https://docs.oracle.com/error-help/db/ora-01013/
   at Oracle.ManagedDataAccess.Client.OracleCommand.ExecuteScalarInternalAsync(Boolean bAsync, CancellationToken cancellationToken)
   at Oracle.ManagedDataAccess.Client.OracleCommand.ExecuteScalarAsyncHelper(CancellationToken cancellationToken)
   --- End of inner exception stack trace ---
   at Oracle.ManagedDataAccess.Client.OracleCommand.ExecuteScalarAsyncHelper(CancellationToken cancellationToken)
   at HealthChecks.Oracle.OracleHealthCheck.CheckHealthAsync(HealthCheckContext context, CancellationToken cancellationToken) in /_/src/HealthChecks.Oracle/OracleHealthCheck.cs:line 34
2026-05-20 21:54:58.1961|pid:1872|eventId: 0|level: ERROR|logger: Microsoft.Extensions.Diagnostics.HealthChecks.DefaultHealthCheckService|message: Health check OracleDB with status Unhealthy completed after 18986.5368ms with message '(null)'--- Exception ---System.OperationCanceledException: ORA-01013: User requested cancel of current operation.
https://docs.oracle.com/error-help/db/ora-01013/
 ---> Oracle.ManagedDataAccess.Client.OracleException (0x80004005): ORA-01013: User requested cancel of current operation.
https://docs.oracle.com/error-help/db/ora-01013/
   at Oracle.ManagedDataAccess.Client.OracleCommand.ExecuteScalarInternalAsync(Boolean bAsync, CancellationToken cancellationToken)
   at Oracle.ManagedDataAccess.Client.OracleCommand.ExecuteScalarAsyncHelper(CancellationToken cancellationToken)
   --- End of inner exception stack trace ---
   at Oracle.ManagedDataAccess.Client.OracleCommand.ExecuteScalarAsyncHelper(CancellationToken cancellationToken)
   at HealthChecks.Oracle.OracleHealthCheck.CheckHealthAsync(HealthCheckContext context, CancellationToken cancellationToken) in /_/src/HealthChecks.Oracle/OracleHealthCheck.cs:line 34
2026-05-20 22:17:45.5053|pid:1872|eventId: 0|level: ERROR|logger: Microsoft.Extensions.Diagnostics.HealthChecks.DefaultHealthCheckService|message: Health check OracleDB with status Unhealthy completed after 18970.7935ms with message '(null)'--- Exception ---System.OperationCanceledException: ORA-01013: User requested cancel of current operation.
https://docs.oracle.com/error-help/db/ora-01013/
 ---> Oracle.ManagedDataAccess.Client.OracleException (0x80004005): ORA-01013: User requested cancel of current operation.
https://docs.oracle.com/error-help/db/ora-01013/
   at Oracle.ManagedDataAccess.Client.OracleCommand.ExecuteScalarInternalAsync(Boolean bAsync, CancellationToken cancellationToken)
   at Oracle.ManagedDataAccess.Client.OracleCommand.ExecuteScalarAsyncHelper(CancellationToken cancellationToken)
   --- End of inner exception stack trace ---
   at Oracle.ManagedDataAccess.Client.OracleCommand.ExecuteScalarAsyncHelper(CancellationToken cancellationToken)
   at HealthChecks.Oracle.OracleHealthCheck.CheckHealthAsync(HealthCheckContext context, CancellationToken cancellationToken) in /_/src/HealthChecks.Oracle/OracleHealthCheck.cs:line 34
