2026-05-21 00:10:40.3560|eventId: 103|level: ERROR|traceId: 00-d77442d52dd34ec59251daa8cfe62247-4131153068d83657-00|logger: Microsoft.Extensions.Diagnostics.HealthChecks.DefaultHealthCheckService|message: Health check 正式_OracleDB with status Unhealthy completed after 18980.1783ms with message '(null)'--- Exception ---System.Threading.Tasks.TaskCanceledException: A task was canceled.
   at HealthChecks.Oracle.OracleHealthCheck.CheckHealthAsync(HealthCheckContext context, CancellationToken cancellationToken) in /_/src/HealthChecks.Oracle/OracleHealthCheck.cs:line 34
2026-05-21 00:33:32.0321|eventId: 103|level: ERROR|traceId: 00-134f506d071acbd554f5f7c2966e7ec2-10e2ae2d84e76aae-00|logger: Microsoft.Extensions.Diagnostics.HealthChecks.DefaultHealthCheckService|message: Health check 正式_OracleDB with status Unhealthy completed after 18958.5076ms with message '(null)'--- Exception ---System.Threading.Tasks.TaskCanceledException: A task was canceled.
   at HealthChecks.Oracle.OracleHealthCheck.CheckHealthAsync(HealthCheckContext context, CancellationToken cancellationToken) in /_/src/HealthChecks.Oracle/OracleHealthCheck.cs:line 34
2026-05-21 02:01:47.5732|eventId: 0|level: INFO|traceId: N/A|logger: NHI_AI_MedReportViewerWebApi.Program|message: Allowed origin: http://localhost:5173
2026-05-21 02:01:47.9050|eventId: 0|level: INFO|traceId: N/A|logger: NHI_AI_MedReportViewerWebApi.Program|message: Authentication enabled with JWT Bearer tokens
2026-05-21 02:01:48.4265|eventId: 0|level: INFO|traceId: N/A|logger: NHI_AI_MedReportViewerWebApi.Program|message: Exceptionless 設定完成，ServerUrl: "https://h30lhclogsvr.intra.nhi.gov.tw:8443"
2026-05-21 04:28:16.8366|eventId: 103|level: ERROR|traceId: 00-4cc5cf32ebc679798557d75e050c1c6e-3893c7a8d271cc85-00|logger: Microsoft.Extensions.Diagnostics.HealthChecks.DefaultHealthCheckService|message: Health check 正式_OracleDB with status Unhealthy completed after 18981.0574ms with message '(null)'--- Exception ---System.Threading.Tasks.TaskCanceledException: A task was canceled.
   at HealthChecks.Oracle.OracleHealthCheck.CheckHealthAsync(HealthCheckContext context, CancellationToken cancellationToken) in /_/src/HealthChecks.Oracle/OracleHealthCheck.cs:line 34
2026-05-21 06:28:34.9038|eventId: 103|level: ERROR|traceId: 00-6a58284c4390066b91a9f5b0a2e29d84-22f1e0b787db7ccb-00|logger: Microsoft.Extensions.Diagnostics.HealthChecks.DefaultHealthCheckService|message: Health check 正式_OracleDB with status Unhealthy completed after 18982.2526ms with message '(null)'--- Exception ---System.Threading.Tasks.TaskCanceledException: A task was canceled.
   at HealthChecks.Oracle.OracleHealthCheck.CheckHealthAsync(HealthCheckContext context, CancellationToken cancellationToken) in /_/src/HealthChecks.Oracle/OracleHealthCheck.cs:line 34
2026-05-21 06:45:06.4658|eventId: 103|level: ERROR|traceId: 00-2e053edc2f2a82403a2c7c68553036f8-b2e6c9a30e0a912d-00|logger: Microsoft.Extensions.Diagnostics.HealthChecks.DefaultHealthCheckService|message: Health check 正式_OracleDB with status Unhealthy completed after 18986.0086ms with message '(null)'--- Exception ---System.Threading.Tasks.TaskCanceledException: A task was canceled.
   at HealthChecks.Oracle.OracleHealthCheck.CheckHealthAsync(HealthCheckContext context, CancellationToken cancellationToken) in /_/src/HealthChecks.Oracle/OracleHealthCheck.cs:line 34
2026-05-21 08:45:17.4812|eventId: 103|level: ERROR|traceId: 00-a8fc45ead029124d52cc4d9d940dea64-fb6512a6711ed1cc-00|logger: Microsoft.Extensions.Diagnostics.HealthChecks.DefaultHealthCheckService|message: Health check 正式_OracleDB with status Unhealthy completed after 18971.979ms with message '(null)'--- Exception ---System.Threading.Tasks.TaskCanceledException: A task was canceled.
   at HealthChecks.Oracle.OracleHealthCheck.CheckHealthAsync(HealthCheckContext context, CancellationToken cancellationToken) in /_/src/HealthChecks.Oracle/OracleHealthCheck.cs:line 34
2026-05-21 09:01:44.6501|eventId: 103|level: ERROR|traceId: 00-46ee140f2caafd5a881aa821e94245db-82f56c42a8e963df-00|logger: Microsoft.Extensions.Diagnostics.HealthChecks.DefaultHealthCheckService|message: Health check 正式_OracleDB with status Unhealthy completed after 19000.0968ms with message '(null)'--- Exception ---System.Threading.Tasks.TaskCanceledException: A task was canceled.
   at HealthChecks.Oracle.OracleHealthCheck.CheckHealthAsync(HealthCheckContext context, CancellationToken cancellationToken) in /_/src/HealthChecks.Oracle/OracleHealthCheck.cs:line 34
2026-05-21 11:29:56.2052|eventId: 103|level: ERROR|traceId: 00-98f80474412b3cbf65cf23decbb44a88-c5dac4a1404c5b49-00|logger: Microsoft.Extensions.Diagnostics.HealthChecks.DefaultHealthCheckService|message: Health check 正式_OracleDB with status Unhealthy completed after 18972.5108ms with message '(null)'--- Exception ---System.Threading.Tasks.TaskCanceledException: A task was canceled.
   at HealthChecks.Oracle.OracleHealthCheck.CheckHealthAsync(HealthCheckContext context, CancellationToken cancellationToken) in /_/src/HealthChecks.Oracle/OracleHealthCheck.cs:line 34
2026-05-21 11:44:35.3352|eventId: 103|level: ERROR|traceId: 00-9a47db79087a3e1a62f609f0e8d0c17f-01bb909896612e9d-00|logger: Microsoft.Extensions.Diagnostics.HealthChecks.DefaultHealthCheckService|message: Health check 正式_OracleDB with status Unhealthy completed after 18982.4803ms with message '(null)'--- Exception ---System.Threading.Tasks.TaskCanceledException: A task was canceled.
   at HealthChecks.Oracle.OracleHealthCheck.CheckHealthAsync(HealthCheckContext context, CancellationToken cancellationToken) in /_/src/HealthChecks.Oracle/OracleHealthCheck.cs:line 34
2026-05-21 14:03:40.8316|eventId: 0|level: INFO|traceId: N/A|logger: NHI_AI_MedReportViewerWebApi.Program|message: Allowed origin: http://localhost:5173
2026-05-21 14:03:41.1797|eventId: 0|level: INFO|traceId: N/A|logger: NHI_AI_MedReportViewerWebApi.Program|message: Authentication enabled with JWT Bearer tokens
2026-05-21 14:03:41.7049|eventId: 0|level: INFO|traceId: N/A|logger: NHI_AI_MedReportViewerWebApi.Program|message: Exceptionless 設定完成，ServerUrl: "https://h30lhclogsvr.intra.nhi.gov.tw:8443"
2026-05-21 14:03:43.5692|eventId: 0|level: INFO|traceId: 00-b323a7f7a179f3655e3cd2bbd7cb6304-c7bdd411582468bd-00|logger: NHI_AI_MedReportViewerWebApi.Services.UrlTokenValidator|message: 正在載入 URL 驗證用 JWKS。Issuer=https://auth.cohesion.internal/url-issuer, Audience=viewer-app, Path=Config/url.jwks.json
2026-05-21 14:03:43.6453|eventId: 0|level: INFO|traceId: 00-b323a7f7a179f3655e3cd2bbd7cb6304-c7bdd411582468bd-00|logger: NHI_AI_MedReportViewerWebApi.Services.UrlTokenValidator|message: URL 驗證用 JWKS 載入完成，共 1 把金鑰。
2026-05-21 14:03:43.6710|eventId: 0|level: INFO|traceId: 00-b323a7f7a179f3655e3cd2bbd7cb6304-c7bdd411582468bd-00|logger: NHI_AI_MedReportViewerWebApi.Services.ViewerTokenIssuer|message: 正在載入 Viewer 簽章私鑰 PEM (初始化)。Issuer=https://auth.cohesion.internal/viewer-issuer, Audience=viewer-app, PemPath=Config/viewer-issuer-private.pem, Kid=VW-2025-03, TTL=14400s
2026-05-21 14:03:43.8154|eventId: 0|level: INFO|traceId: 00-b323a7f7a179f3655e3cd2bbd7cb6304-c7bdd411582468bd-00|logger: NHI_AI_MedReportViewerWebApi.Services.ViewerTokenIssuer|message: Viewer 簽章私鑰 PEM 載入完成，簽章設定 初始化成功。Kid=VW-2025-03, 存活秒數=14400
2026-05-21 14:03:43.8896|eventId: 0|level: INFO|traceId: 00-b323a7f7a179f3655e3cd2bbd7cb6304-c7bdd411582468bd-00|logger: NHI_AI_MedReportViewerWebApi.Controllers.ReportsController|message: 開始驗證 URL Token。
2026-05-21 14:03:44.2633|eventId: 0|level: INFO|traceId: 00-b323a7f7a179f3655e3cd2bbd7cb6304-c7bdd411582468bd-00|logger: NHI_AI_MedReportViewerWebApi.Services.UrlTokenValidator|message: URL Token 驗證通過。kid=UX-2025-02
2026-05-21 14:03:44.2822|eventId: 0|level: INFO|traceId: 00-b323a7f7a179f3655e3cd2bbd7cb6304-c7bdd411582468bd-00|logger: NHI_AI_MedReportViewerWebApi.Controllers.ReportsController|message: URL Token 驗證通過，準備簽發 Viewer Token。
2026-05-21 14:03:44.3007|eventId: 0|level: INFO|traceId: 00-b323a7f7a179f3655e3cd2bbd7cb6304-c7bdd411582468bd-00|logger: NHI_AI_MedReportViewerWebApi.Services.ViewerTokenIssuer|message: 正在簽發 Viewer Token。存活秒數=14400, 到期時間(UTC)=05/21/2026 10:03:44, kid=VW-2025-03, 最大會話壽命(amax)=05/21/2026 10:03:44
2026-05-21 14:03:44.3920|eventId: 0|level: INFO|traceId: 00-b323a7f7a179f3655e3cd2bbd7cb6304-c7bdd411582468bd-00|logger: NHI_AI_MedReportViewerWebApi.Controllers.ReportsController|message: 以 Redirect 模式回應，導向前端頁面。
2026-05-21 14:03:46.0630|eventId: 0|level: INFO|traceId: 00-23daa66cf0add6c2be0569d361f317f4-07ee630d209d311f-00|logger: NHI_AI_MedReportViewerWebApi.Services.OutputGenerationService|message: 開始建立 extracted_data for Patient: 05224425-89a9-4432-97c0-2dbd9245e5d3
2026-05-21 14:03:46.4157|eventId: 0|level: INFO|traceId: 00-23daa66cf0add6c2be0569d361f317f4-07ee630d209d311f-00|logger: NHI_AI_MedReportViewerWebApi.Services.OutputGenerationService|message: 完成建立 10 筆 extracted_data
2026-05-21 14:03:46.4389|eventId: 0|level: INFO|traceId: 00-23daa66cf0add6c2be0569d361f317f4-07ee630d209d311f-00|logger: NHI_AI_MedReportViewerWebApi.Services.OutputGenerationService|message: 開始建立 summary for Patient: 05224425-89a9-4432-97c0-2dbd9245e5d3
2026-05-21 14:03:46.6113|eventId: 0|level: INFO|traceId: 00-23daa66cf0add6c2be0569d361f317f4-07ee630d209d311f-00|logger: NHI_AI_MedReportViewerWebApi.Services.OutputGenerationService|message: 完成建立 4 筆 summary
2026-05-21 14:03:46.6417|eventId: 3|level: INFO|traceId: 00-23daa66cf0add6c2be0569d361f317f4-07ee630d209d311f-00|logger: Polly|message: Execution attempt. Source: 'OracleResiliencePipeline/(null)/Retry', Operation Key: '', Result: 'NHI_AI_MedReportViewerWebApi.Models.OutputJsonDto', Handled: 'False', Attempt: '0', Execution Time: '1469.2032'
2026-05-21 14:03:46.9283|eventId: 0|level: INFO|traceId: 00-6cb6fbae932414e5601d82954f70c219-86ec220193d33f2c-00|logger: NHI_AI_MedReportViewerWebApi.Services.OutputGenerationService|message: 開始取得病患關鍵影像: IdAes=B67EDA342C22CD73F88571E0E54CFE81, Birthday=19700404
2026-05-21 14:03:46.9780|eventId: 3|level: INFO|traceId: 00-6cb6fbae932414e5601d82954f70c219-86ec220193d33f2c-00|logger: Polly|message: Execution attempt. Source: 'OracleResiliencePipeline/(null)/Retry', Operation Key: '', Result: 'System.Collections.Generic.List`1[NHI_AI_MedReportViewerWebApi.Models.KeyImageInfo]', Handled: 'False', Attempt: '0', Execution Time: '28.2578'
2026-05-21 14:03:47.0004|eventId: 0|level: INFO|traceId: 00-6cb6fbae932414e5601d82954f70c219-86ec220193d33f2c-00|logger: NHI_AI_MedReportViewerWebApi.Services.OutputGenerationService|message: 完成取得病患關鍵影像，共 0 筆
2026-05-21 14:03:47.0181|eventId: 0|level: INFO|traceId: 00-a7df1f9f18f28886a3ae76265d5d545d-f0dc9acd29468246-00|logger: NHI_AI_MedReportViewerWebApi.Services.NhiPatientImageService|message: 開始查詢 Series Instance UID: Study=1.2.410.200010.1151046.5267.2876090.3075984.14583.3075984, SeriesNumber=201
2026-05-21 14:03:47.6146|eventId: 3|level: INFO|traceId: 00-df053d3af7d92e0625c425fa151e12cd-bf99042135a46055-00|logger: Polly|message: Execution attempt. Source: 'OracleResiliencePipeline/(null)/Retry', Operation Key: '', Result: '秀傳醫院', Handled: 'False', Attempt: '0', Execution Time: '679.6893'
2026-05-21 14:03:47.6146|eventId: 3|level: INFO|traceId: 00-ec75fda7a2df2a3eff4862fc83db9521-21b661fb8505be97-00|logger: Polly|message: Execution attempt. Source: 'OracleResiliencePipeline/(null)/Retry', Operation Key: '', Result: '彰濱秀傳', Handled: 'False', Attempt: '0', Execution Time: '682.729'
2026-05-21 14:03:47.6211|eventId: 3|level: INFO|traceId: 00-a7df1f9f18f28886a3ae76265d5d545d-f0dc9acd29468246-00|logger: Polly|message: Execution attempt. Source: 'OracleResiliencePipeline/(null)/Retry', Operation Key: '', Result: '1.3.46.670589.61.128.1.20260421152356482000200012341672312', Handled: 'False', Attempt: '0', Execution Time: '573.4158'
2026-05-21 14:03:47.6479|eventId: 0|level: INFO|traceId: 00-a7df1f9f18f28886a3ae76265d5d545d-f0dc9acd29468246-00|logger: NHI_AI_MedReportViewerWebApi.Services.NhiPatientImageService|message: 找到 Series Number 201 對應的 Series Instance UID: 1.3.46.670589.61.128.1.20260421152356482000200012341672312
2026-05-21 14:03:47.6841|eventId: 0|level: INFO|traceId: 00-afb564f12741b54514aa9dd66ed75715-a606e3478553e623-00|logger: AIRS.Core.Helpers.ZfpOracleDbHelper|message: GetSortedImagesBySeries(studyInstanceUid: 1.2.410.200010.1151046.5267.2876090.3075984.14583.3075984, seriesInstanceUid: 1.3.46.670589.61.128.1.20260421152356482000200012341672312)
2026-05-21 14:03:47.8017|eventId: 3|level: INFO|traceId: 00-afb564f12741b54514aa9dd66ed75715-a606e3478553e623-00|logger: Polly|message: Execution attempt. Source: 'OracleResiliencePipeline/(null)/Retry', Operation Key: '', Result: 'System.Collections.Generic.List`1[System.String]', Handled: 'False', Attempt: '0', Execution Time: '101.3767'
2026-05-21 14:03:47.8210|eventId: 0|level: INFO|traceId: 00-afb564f12741b54514aa9dd66ed75715-a606e3478553e623-00|logger: NHI_AI_MedReportViewerWebApi.Services.NhiPatientImageService|message: Series 1.3.46.670589.61.128.1.20260421152356482000200012341672312 包含 82 個影像（已快取）
2026-05-21 15:08:15.1468|eventId: 0|level: INFO|traceId: N/A|logger: NHI_AI_MedReportViewerWebApi.Program|message: Allowed origin: http://localhost:5173
2026-05-21 15:08:15.4936|eventId: 0|level: INFO|traceId: N/A|logger: NHI_AI_MedReportViewerWebApi.Program|message: Authentication enabled with JWT Bearer tokens
2026-05-21 15:08:16.0308|eventId: 0|level: INFO|traceId: N/A|logger: NHI_AI_MedReportViewerWebApi.Program|message: Exceptionless 設定完成，ServerUrl: "https://h30lhclogsvr.intra.nhi.gov.tw:8443"
2026-05-21 15:08:18.0708|eventId: 0|level: ERROR|traceId: 00-e195e061aaed79a75a816932ff68b10f-deeba6856b83eaf6-00|logger: NHI_AI_MedReportViewerWebApi.Middleware.GlobalExceptionMiddleware|message: 系統在處理請求時發生發生未預期例外：A task was canceled.
堆疊追蹤：   at Microsoft.Extensions.Diagnostics.HealthChecks.DefaultHealthCheckService.CheckHealthAsync(Func`2 predicate, CancellationToken cancellationToken)
   at Microsoft.AspNetCore.Diagnostics.HealthChecks.HealthCheckMiddleware.InvokeAsync(HttpContext httpContext)
   at Microsoft.AspNetCore.Authorization.AuthorizationMiddleware.Invoke(HttpContext context)
   at Microsoft.AspNetCore.Authentication.AuthenticationMiddleware.Invoke(HttpContext context)
   at NHI_AI_MedReportViewerWebApi.Middleware.GlobalExceptionMiddleware.Invoke(HttpContext context) in C:\Users\Public\Documents\AI_AP\NHI-AI-MedReportViewerWebApi\NHI-AI-MedReportViewerWebApi\Middleware\GlobalExceptionMiddleware.cs:line 20--- Exception ---System.Threading.Tasks.TaskCanceledException: A task was canceled.
   at Microsoft.Extensions.Diagnostics.HealthChecks.DefaultHealthCheckService.CheckHealthAsync(Func`2 predicate, CancellationToken cancellationToken)
   at Microsoft.AspNetCore.Diagnostics.HealthChecks.HealthCheckMiddleware.InvokeAsync(HttpContext httpContext)
   at Microsoft.AspNetCore.Authorization.AuthorizationMiddleware.Invoke(HttpContext context)
   at Microsoft.AspNetCore.Authentication.AuthenticationMiddleware.Invoke(HttpContext context)
   at NHI_AI_MedReportViewerWebApi.Middleware.GlobalExceptionMiddleware.Invoke(HttpContext context) in C:\Users\Public\Documents\AI_AP\NHI-AI-MedReportViewerWebApi\NHI-AI-MedReportViewerWebApi\Middleware\GlobalExceptionMiddleware.cs:line 20
2026-05-21 15:08:44.3538|eventId: 0|level: INFO|traceId: N/A|logger: NHI_AI_MedReportViewerWebApi.Program|message: Allowed origin: http://localhost:5173
2026-05-21 15:08:44.4149|eventId: 0|level: INFO|traceId: N/A|logger: NHI_AI_MedReportViewerWebApi.Program|message: Authentication enabled with JWT Bearer tokens
2026-05-21 15:08:44.4990|eventId: 0|level: INFO|traceId: N/A|logger: NHI_AI_MedReportViewerWebApi.Program|message: Exceptionless 設定完成，ServerUrl: "https://h30lhclogsvr.intra.nhi.gov.tw:8443"
2026-05-21 15:08:44.8919|eventId: 0|level: INFO|traceId: 00-ab7284f6d9dc74710a1769ebc6163e28-1bd3558df87c80e1-00|logger: NHI_AI_MedReportViewerWebApi.Services.UrlTokenValidator|message: 正在載入 URL 驗證用 JWKS。Issuer=https://auth.cohesion.internal/url-issuer, Audience=viewer-app, Path=Config/url.jwks.json
2026-05-21 15:08:44.9174|eventId: 0|level: INFO|traceId: 00-ab7284f6d9dc74710a1769ebc6163e28-1bd3558df87c80e1-00|logger: NHI_AI_MedReportViewerWebApi.Services.UrlTokenValidator|message: URL 驗證用 JWKS 載入完成，共 1 把金鑰。
2026-05-21 15:08:44.9393|eventId: 0|level: INFO|traceId: 00-ab7284f6d9dc74710a1769ebc6163e28-1bd3558df87c80e1-00|logger: NHI_AI_MedReportViewerWebApi.Services.ViewerTokenIssuer|message: 正在載入 Viewer 簽章私鑰 PEM (初始化)。Issuer=https://auth.cohesion.internal/viewer-issuer, Audience=viewer-app, PemPath=Config/viewer-issuer-private.pem, Kid=VW-2025-03, TTL=14400s
2026-05-21 15:08:45.0089|eventId: 0|level: INFO|traceId: 00-ab7284f6d9dc74710a1769ebc6163e28-1bd3558df87c80e1-00|logger: NHI_AI_MedReportViewerWebApi.Services.ViewerTokenIssuer|message: Viewer 簽章私鑰 PEM 載入完成，簽章設定 初始化成功。Kid=VW-2025-03, 存活秒數=14400
2026-05-21 15:08:45.0749|eventId: 0|level: INFO|traceId: 00-ab7284f6d9dc74710a1769ebc6163e28-1bd3558df87c80e1-00|logger: NHI_AI_MedReportViewerWebApi.Controllers.ReportsController|message: 開始驗證 URL Token。
2026-05-21 15:08:45.3265|eventId: 0|level: INFO|traceId: 00-ab7284f6d9dc74710a1769ebc6163e28-1bd3558df87c80e1-00|logger: NHI_AI_MedReportViewerWebApi.Services.UrlTokenValidator|message: URL Token 驗證通過。kid=UX-2025-02
2026-05-21 15:08:45.3450|eventId: 0|level: INFO|traceId: 00-ab7284f6d9dc74710a1769ebc6163e28-1bd3558df87c80e1-00|logger: NHI_AI_MedReportViewerWebApi.Controllers.ReportsController|message: URL Token 驗證通過，準備簽發 Viewer Token。
2026-05-21 15:08:45.3654|eventId: 0|level: INFO|traceId: 00-ab7284f6d9dc74710a1769ebc6163e28-1bd3558df87c80e1-00|logger: NHI_AI_MedReportViewerWebApi.Services.ViewerTokenIssuer|message: 正在簽發 Viewer Token。存活秒數=14400, 到期時間(UTC)=05/21/2026 11:08:45, kid=VW-2025-03, 最大會話壽命(amax)=05/21/2026 11:08:45
2026-05-21 15:08:45.4718|eventId: 0|level: INFO|traceId: 00-ab7284f6d9dc74710a1769ebc6163e28-1bd3558df87c80e1-00|logger: NHI_AI_MedReportViewerWebApi.Controllers.ReportsController|message: 以 Redirect 模式回應，導向前端頁面。
2026-05-21 15:08:46.7093|eventId: 0|level: INFO|traceId: 00-9b38b3910e1d4b629cdcc2c25edc2293-b408f233c0155f34-00|logger: NHI_AI_MedReportViewerWebApi.Services.OutputGenerationService|message: 開始建立 extracted_data for Patient: Z299999830-20251102-1211-00000000001
2026-05-21 15:08:47.4403|eventId: 0|level: INFO|traceId: 00-9b38b3910e1d4b629cdcc2c25edc2293-b408f233c0155f34-00|logger: NHI_AI_MedReportViewerWebApi.Services.OutputGenerationService|message: 完成建立 23 筆 extracted_data
2026-05-21 15:08:47.4628|eventId: 0|level: INFO|traceId: 00-9b38b3910e1d4b629cdcc2c25edc2293-b408f233c0155f34-00|logger: NHI_AI_MedReportViewerWebApi.Services.OutputGenerationService|message: 開始建立 summary for Patient: Z299999830-20251102-1211-00000000001
2026-05-21 15:08:47.7193|eventId: 0|level: INFO|traceId: 00-9b38b3910e1d4b629cdcc2c25edc2293-b408f233c0155f34-00|logger: NHI_AI_MedReportViewerWebApi.Services.OutputGenerationService|message: 完成建立 4 筆 summary
2026-05-21 15:08:47.7557|eventId: 3|level: INFO|traceId: 00-9b38b3910e1d4b629cdcc2c25edc2293-b408f233c0155f34-00|logger: Polly|message: Execution attempt. Source: 'OracleResiliencePipeline/(null)/Retry', Operation Key: '', Result: 'NHI_AI_MedReportViewerWebApi.Models.OutputJsonDto', Handled: 'False', Attempt: '0', Execution Time: '1676.3237'
2026-05-21 15:08:48.1447|eventId: 0|level: INFO|traceId: 00-9da54e1915f0f4be5927fef84d5faadd-b848790a619db311-00|logger: NHI_AI_MedReportViewerWebApi.Services.OutputGenerationService|message: 開始取得病患關鍵影像: IdAes=EBD71A864A0F7E6A355827754B89259E, Birthday=19410712
2026-05-21 15:08:48.2380|eventId: 0|level: INFO|traceId: 00-fd170d1b10d777da4157dcac12818ef0-2733f55351953bd5-00|logger: NHI_AI_MedReportViewerWebApi.Services.NhiPatientImageService|message: 開始查詢 Series Instance UID: Study=1.2.840.133888132105150143162871541411731780159144, SeriesNumber=15
2026-05-21 15:08:48.2907|eventId: 3|level: INFO|traceId: 00-9da54e1915f0f4be5927fef84d5faadd-b848790a619db311-00|logger: Polly|message: Execution attempt. Source: 'OracleResiliencePipeline/(null)/Retry', Operation Key: '', Result: 'System.Collections.Generic.List`1[NHI_AI_MedReportViewerWebApi.Models.KeyImageInfo]', Handled: 'False', Attempt: '0', Execution Time: '121.7807'
2026-05-21 15:08:48.3267|eventId: 0|level: INFO|traceId: 00-9da54e1915f0f4be5927fef84d5faadd-b848790a619db311-00|logger: NHI_AI_MedReportViewerWebApi.Services.OutputGenerationService|message: 完成取得病患關鍵影像，共 4 筆
2026-05-21 15:08:48.4086|eventId: 0|level: INFO|traceId: 00-2440d68e213f5e8a27a6a6ed1d598c2c-f23eb12341b30648-00|logger: AIRS.Core.Helpers.ZfpOracleDbHelper|message: GetImageKey(studyInstanceUid: 1.2.840.1405011311801131732011012121012200126134, seriesInstanceUid: 1.2.840.51111141244381216847820799116149155151129, sopInstanceUid: 1.2.840.3219370233171571652261152261706625011114738)
2026-05-21 15:08:48.4086|eventId: 0|level: INFO|traceId: 00-5d834d39db6d6166a539f494221e4068-557aac72d097f7eb-00|logger: AIRS.Core.Helpers.ZfpOracleDbHelper|message: GetImageKey(studyInstanceUid: 1.2.840.6610321904118510815420318233761831142014, seriesInstanceUid: 1.2.840.185393732156165237212158241127106677643111, sopInstanceUid: 1.2.840.1051457738253118922381479013141215320088)
2026-05-21 15:08:48.4086|eventId: 0|level: INFO|traceId: 00-2d7eb882a390a8f4be517d1ab0a81999-426dda14ec5228cf-00|logger: AIRS.Core.Helpers.ZfpOracleDbHelper|message: GetImageKey(studyInstanceUid: 1.2.840.1405011311801131732011012121012200126134, seriesInstanceUid: 1.2.840.51111141244381216847820799116149155151129, sopInstanceUid: 1.2.840.232761451702923525417733227971231052812514)
2026-05-21 15:08:48.4086|eventId: 0|level: INFO|traceId: 00-ee3842ad900e0152e8ae867fc06c4b54-2e24474d45be3f9b-00|logger: AIRS.Core.Helpers.ZfpOracleDbHelper|message: GetImageKey(studyInstanceUid: 1.2.840.6610321904118510815420318233761831142014, seriesInstanceUid: 1.2.840.185393732156165237212158241127106677643111, sopInstanceUid: 1.2.840.3417124205586658229153205402522644)
2026-05-21 15:08:48.8269|eventId: 3|level: INFO|traceId: 00-05d420452ab5571ef7e9e5e612d0322d-c55f4307d3e161a0-00|logger: Polly|message: Execution attempt. Source: 'OracleResiliencePipeline/(null)/Retry', Operation Key: '', Result: '台大醫院', Handled: 'False', Attempt: '0', Execution Time: '675.1884'
2026-05-21 15:08:48.8269|eventId: 3|level: INFO|traceId: 00-2440d68e213f5e8a27a6a6ed1d598c2c-f23eb12341b30648-00|logger: Polly|message: Execution attempt. Source: 'OracleResiliencePipeline/(null)/Retry', Operation Key: '', Result: 'NHI_ZFP_Viewer.ImageSources.ImageInfo', Handled: 'False', Attempt: '0', Execution Time: '403.0762'
2026-05-21 15:08:48.8269|eventId: 3|level: INFO|traceId: 00-5d834d39db6d6166a539f494221e4068-557aac72d097f7eb-00|logger: Polly|message: Execution attempt. Source: 'OracleResiliencePipeline/(null)/Retry', Operation Key: '', Result: 'NHI_ZFP_Viewer.ImageSources.ImageInfo', Handled: 'False', Attempt: '0', Execution Time: '399.1945'
2026-05-21 15:08:48.8269|eventId: 3|level: INFO|traceId: 00-ee3842ad900e0152e8ae867fc06c4b54-2e24474d45be3f9b-00|logger: Polly|message: Execution attempt. Source: 'OracleResiliencePipeline/(null)/Retry', Operation Key: '', Result: 'NHI_ZFP_Viewer.ImageSources.ImageInfo', Handled: 'False', Attempt: '0', Execution Time: '391.1499'
2026-05-21 15:08:48.8269|eventId: 3|level: INFO|traceId: 00-2d7eb882a390a8f4be517d1ab0a81999-426dda14ec5228cf-00|logger: Polly|message: Execution attempt. Source: 'OracleResiliencePipeline/(null)/Retry', Operation Key: '', Result: 'NHI_ZFP_Viewer.ImageSources.ImageInfo', Handled: 'False', Attempt: '0', Execution Time: '395.3035'
2026-05-21 15:08:48.8269|eventId: 3|level: INFO|traceId: 00-fd170d1b10d777da4157dcac12818ef0-2733f55351953bd5-00|logger: Polly|message: Execution attempt. Source: 'OracleResiliencePipeline/(null)/Retry', Operation Key: '', Result: '1.2.840.19216622352892321110282110210111240391850', Handled: 'False', Attempt: '0', Execution Time: '571.0127'
2026-05-21 15:08:48.8751|eventId: 0|level: INFO|traceId: 00-2440d68e213f5e8a27a6a6ed1d598c2c-f23eb12341b30648-00|logger: AIRS.Core.Helpers.ZfpOracleDbHelper|message: GetImageKey = Archived/20230210/1.2.840.1405011311801131732011012121012200126134/1.2.840.51111141244381216847820799116149155151129/1.2.840.3219370233171571652261152261706625011114738.dcm, 454 ms elapsed.
2026-05-21 15:08:48.8897|eventId: 0|level: INFO|traceId: 00-5d834d39db6d6166a539f494221e4068-557aac72d097f7eb-00|logger: AIRS.Core.Helpers.ZfpOracleDbHelper|message: GetImageKey = Archived/20230510/1.2.840.6610321904118510815420318233761831142014/1.2.840.185393732156165237212158241127106677643111/1.2.840.1051457738253118922381479013141215320088.dcm, 463 ms elapsed.
2026-05-21 15:08:48.8897|eventId: 0|level: INFO|traceId: 00-ee3842ad900e0152e8ae867fc06c4b54-2e24474d45be3f9b-00|logger: AIRS.Core.Helpers.ZfpOracleDbHelper|message: GetImageKey = Archived/20230510/1.2.840.6610321904118510815420318233761831142014/1.2.840.185393732156165237212158241127106677643111/1.2.840.3417124205586658229153205402522644.dcm, 465 ms elapsed.
2026-05-21 15:08:48.9042|eventId: 0|level: INFO|traceId: 00-2d7eb882a390a8f4be517d1ab0a81999-426dda14ec5228cf-00|logger: AIRS.Core.Helpers.ZfpOracleDbHelper|message: GetImageKey = Archived/20230210/1.2.840.1405011311801131732011012121012200126134/1.2.840.51111141244381216847820799116149155151129/1.2.840.232761451702923525417733227971231052812514.dcm, 481 ms elapsed.
2026-05-21 15:08:48.9246|eventId: 0|level: INFO|traceId: 00-fd170d1b10d777da4157dcac12818ef0-2733f55351953bd5-00|logger: NHI_AI_MedReportViewerWebApi.Services.NhiPatientImageService|message: 找到 Series Number 15 對應的 Series Instance UID: 1.2.840.19216622352892321110282110210111240391850
2026-05-21 15:08:48.9706|eventId: 0|level: INFO|traceId: 00-93a0d596e24e512e2d53b8f3bd1e1609-09d365c1bcb54c94-00|logger: AIRS.Core.Helpers.ZfpOracleDbHelper|message: GetSortedImagesBySeries(studyInstanceUid: 1.2.840.133888132105150143162871541411731780159144, seriesInstanceUid: 1.2.840.19216622352892321110282110210111240391850)
2026-05-21 15:08:49.0616|eventId: 3|level: INFO|traceId: 00-93a0d596e24e512e2d53b8f3bd1e1609-09d365c1bcb54c94-00|logger: Polly|message: Execution attempt. Source: 'OracleResiliencePipeline/(null)/Retry', Operation Key: '', Result: 'System.Collections.Generic.List`1[System.String]', Handled: 'False', Attempt: '0', Execution Time: '80.5665'
2026-05-21 15:08:49.0926|eventId: 0|level: INFO|traceId: 00-93a0d596e24e512e2d53b8f3bd1e1609-09d365c1bcb54c94-00|logger: NHI_AI_MedReportViewerWebApi.Services.NhiPatientImageService|message: Series 1.2.840.19216622352892321110282110210111240391850 包含 64 個影像（已快取）
2026-05-21 15:08:49.1555|eventId: 0|level: INFO|traceId: 00-0c9eb35bcb75787e85a539f513404bd8-acc76bf977d8b516-00|logger: AIRS.Core.Helpers.ZfpOracleDbHelper|message: GetImageKey(studyInstanceUid: 1.2.840.133888132105150143162871541411731780159144, seriesInstanceUid: 1.2.840.19216622352892321110282110210111240391850, sopInstanceUid: 1.2.840.15116225230158118975412622041871962468104)
2026-05-21 15:08:49.1963|eventId: 3|level: INFO|traceId: 00-0c9eb35bcb75787e85a539f513404bd8-acc76bf977d8b516-00|logger: Polly|message: Execution attempt. Source: 'OracleResiliencePipeline/(null)/Retry', Operation Key: '', Result: 'NHI_ZFP_Viewer.ImageSources.ImageInfo', Handled: 'False', Attempt: '0', Execution Time: '17.6051'
2026-05-21 15:08:49.2248|eventId: 0|level: INFO|traceId: 00-0c9eb35bcb75787e85a539f513404bd8-acc76bf977d8b516-00|logger: AIRS.Core.Helpers.ZfpOracleDbHelper|message: GetImageKey = Archived/20250812/1.2.840.133888132105150143162871541411731780159144/1.2.840.19216622352892321110282110210111240391850/1.2.840.15116225230158118975412622041871962468104.dcm, 55 ms elapsed.
2026-05-21 15:08:49.3954|eventId: 0|level: INFO|traceId: 00-2d7eb882a390a8f4be517d1ab0a81999-426dda14ec5228cf-00|logger: AIRS.Core.Common.LogForgingTools|message: 1779347329395 GetImage() 由 S3 取得 stream，耗時 461 ms.
2026-05-21 15:08:49.3954|eventId: 0|level: INFO|traceId: 00-0c9eb35bcb75787e85a539f513404bd8-acc76bf977d8b516-00|logger: AIRS.Core.Common.LogForgingTools|message: 1779347329396 GetImage() 由 S3 取得 stream，耗時 147 ms.
2026-05-21 15:08:49.3954|eventId: 0|level: INFO|traceId: 00-5d834d39db6d6166a539f494221e4068-557aac72d097f7eb-00|logger: AIRS.Core.Common.LogForgingTools|message: 1779347329397 GetImage() 由 S3 取得 stream，耗時 478 ms.
2026-05-21 15:08:49.3954|eventId: 0|level: INFO|traceId: 00-2440d68e213f5e8a27a6a6ed1d598c2c-f23eb12341b30648-00|logger: AIRS.Core.Common.LogForgingTools|message: 1779347329398 GetImage() 由 S3 取得 stream，耗時 489 ms.
2026-05-21 15:08:49.3954|eventId: 0|level: INFO|traceId: 00-ee3842ad900e0152e8ae867fc06c4b54-2e24474d45be3f9b-00|logger: AIRS.Core.Common.LogForgingTools|message: 1779347329403 GetImage() 由 S3 取得 stream，耗時 478 ms.
2026-05-21 15:08:49.4115|eventId: 0|level: INFO|traceId: 00-2d7eb882a390a8f4be517d1ab0a81999-426dda14ec5228cf-00|logger: NHI_AI_MedReportViewerWebApi.Services.NhiPatientImageService|message: 成功從 S3 取得影像: 1.2.840.232761451702923525417733227971231052812514
2026-05-21 15:08:49.4115|eventId: 0|level: INFO|traceId: 00-0c9eb35bcb75787e85a539f513404bd8-acc76bf977d8b516-00|logger: NHI_AI_MedReportViewerWebApi.Services.NhiPatientImageService|message: 成功從 S3 取得影像: 1.2.840.15116225230158118975412622041871962468104
2026-05-21 15:08:49.4115|eventId: 0|level: INFO|traceId: 00-5d834d39db6d6166a539f494221e4068-557aac72d097f7eb-00|logger: NHI_AI_MedReportViewerWebApi.Services.NhiPatientImageService|message: 成功從 S3 取得影像: 1.2.840.1051457738253118922381479013141215320088
2026-05-21 15:08:49.4228|eventId: 0|level: INFO|traceId: 00-2440d68e213f5e8a27a6a6ed1d598c2c-f23eb12341b30648-00|logger: NHI_AI_MedReportViewerWebApi.Services.NhiPatientImageService|message: 成功從 S3 取得影像: 1.2.840.3219370233171571652261152261706625011114738
2026-05-21 15:08:49.4228|eventId: 0|level: INFO|traceId: 00-ee3842ad900e0152e8ae867fc06c4b54-2e24474d45be3f9b-00|logger: NHI_AI_MedReportViewerWebApi.Services.NhiPatientImageService|message: 成功從 S3 取得影像: 1.2.840.3417124205586658229153205402522644
2026-05-21 15:08:49.4350|eventId: 0|level: INFO|traceId: 00-2d7eb882a390a8f4be517d1ab0a81999-426dda14ec5228cf-00|logger: NHI_AI_MedReportViewerWebApi.Services.NhiPatientImageService|message: 開始轉換 DICOM 為 JPG: SOP Instance UID=1.2.840.232761451702923525417733227971231052812514, ContentType=application/dicom
2026-05-21 15:08:49.4350|eventId: 0|level: INFO|traceId: 00-5d834d39db6d6166a539f494221e4068-557aac72d097f7eb-00|logger: NHI_AI_MedReportViewerWebApi.Services.NhiPatientImageService|message: 開始轉換 DICOM 為 JPG: SOP Instance UID=1.2.840.1051457738253118922381479013141215320088, ContentType=application/dicom
2026-05-21 15:08:49.4549|eventId: 0|level: INFO|traceId: 00-2440d68e213f5e8a27a6a6ed1d598c2c-f23eb12341b30648-00|logger: NHI_AI_MedReportViewerWebApi.Services.NhiPatientImageService|message: 開始轉換 DICOM 為 JPG: SOP Instance UID=1.2.840.3219370233171571652261152261706625011114738, ContentType=application/dicom
2026-05-21 15:08:49.4549|eventId: 0|level: INFO|traceId: 00-ee3842ad900e0152e8ae867fc06c4b54-2e24474d45be3f9b-00|logger: NHI_AI_MedReportViewerWebApi.Services.NhiPatientImageService|message: 開始轉換 DICOM 為 JPG: SOP Instance UID=1.2.840.3417124205586658229153205402522644, ContentType=application/dicom
2026-05-21 15:08:51.6557|eventId: 0|level: INFO|traceId: 00-2440d68e213f5e8a27a6a6ed1d598c2c-f23eb12341b30648-00|logger: NHI_AI_MedReportViewerWebApi.Services.NhiPatientImageService|message: 成功轉換 DICOM 為 JPG: SOP Instance UID=1.2.840.3219370233171571652261152261706625011114738
2026-05-21 15:08:51.6557|eventId: 0|level: INFO|traceId: 00-2d7eb882a390a8f4be517d1ab0a81999-426dda14ec5228cf-00|logger: NHI_AI_MedReportViewerWebApi.Services.NhiPatientImageService|message: 成功轉換 DICOM 為 JPG: SOP Instance UID=1.2.840.232761451702923525417733227971231052812514
2026-05-21 15:08:51.6557|eventId: 0|level: INFO|traceId: 00-ee3842ad900e0152e8ae867fc06c4b54-2e24474d45be3f9b-00|logger: NHI_AI_MedReportViewerWebApi.Services.NhiPatientImageService|message: 成功轉換 DICOM 為 JPG: SOP Instance UID=1.2.840.3417124205586658229153205402522644
2026-05-21 15:08:51.6557|eventId: 0|level: INFO|traceId: 00-5d834d39db6d6166a539f494221e4068-557aac72d097f7eb-00|logger: NHI_AI_MedReportViewerWebApi.Services.NhiPatientImageService|message: 成功轉換 DICOM 為 JPG: SOP Instance UID=1.2.840.1051457738253118922381479013141215320088
2026-05-21 15:08:52.6748|eventId: 0|level: INFO|traceId: 00-9d5172e3b2130d76ca844b33a1d9a24c-6168a26523ab7576-00|logger: NHI_AI_MedReportViewerWebApi.Services.NhiPatientImageService|message: 開始查詢 Series Instance UID: Study=1.2.840.6610321904118510815420318233761831142014, SeriesNumber=4
2026-05-21 15:08:52.7169|eventId: 3|level: INFO|traceId: 00-9d5172e3b2130d76ca844b33a1d9a24c-6168a26523ab7576-00|logger: Polly|message: Execution attempt. Source: 'OracleResiliencePipeline/(null)/Retry', Operation Key: '', Result: '1.2.840.185393732156165237212158241127106677643111', Handled: 'False', Attempt: '0', Execution Time: '19.9199'
2026-05-21 15:08:52.7383|eventId: 0|level: INFO|traceId: 00-9d5172e3b2130d76ca844b33a1d9a24c-6168a26523ab7576-00|logger: NHI_AI_MedReportViewerWebApi.Services.NhiPatientImageService|message: 找到 Series Number 4 對應的 Series Instance UID: 1.2.840.185393732156165237212158241127106677643111
2026-05-21 15:08:52.7735|eventId: 0|level: INFO|traceId: 00-1478aacdd9de0b73f33cd3c55d22ad36-14468054dbcb9196-00|logger: NHI_AI_MedReportViewerWebApi.Services.NhiPatientImageService|message: 開始查詢 Series Instance UID: Study=1.2.840.6610321904118510815420318233761831142014, SeriesNumber=4
2026-05-21 15:08:52.7735|eventId: 0|level: INFO|traceId: 00-9065d4670de5b9439d062a592cec38d0-e420f3c9c9521b7e-00|logger: NHI_AI_MedReportViewerWebApi.Services.NhiPatientImageService|message: 開始查詢 Series Instance UID: Study=1.2.840.1405011311801131732011012121012200126134, SeriesNumber=4
2026-05-21 15:08:52.8140|eventId: 3|level: INFO|traceId: 00-1478aacdd9de0b73f33cd3c55d22ad36-14468054dbcb9196-00|logger: Polly|message: Execution attempt. Source: 'OracleResiliencePipeline/(null)/Retry', Operation Key: '', Result: '1.2.840.185393732156165237212158241127106677643111', Handled: 'False', Attempt: '0', Execution Time: '14.9695'
2026-05-21 15:08:52.8140|eventId: 3|level: INFO|traceId: 00-9065d4670de5b9439d062a592cec38d0-e420f3c9c9521b7e-00|logger: Polly|message: Execution attempt. Source: 'OracleResiliencePipeline/(null)/Retry', Operation Key: '', Result: '1.2.840.51111141244381216847820799116149155151129', Handled: 'False', Attempt: '0', Execution Time: '16.5485'
2026-05-21 15:08:52.8414|eventId: 0|level: INFO|traceId: 00-1478aacdd9de0b73f33cd3c55d22ad36-14468054dbcb9196-00|logger: NHI_AI_MedReportViewerWebApi.Services.NhiPatientImageService|message: 找到 Series Number 4 對應的 Series Instance UID: 1.2.840.185393732156165237212158241127106677643111
2026-05-21 15:08:52.8414|eventId: 0|level: INFO|traceId: 00-9065d4670de5b9439d062a592cec38d0-e420f3c9c9521b7e-00|logger: NHI_AI_MedReportViewerWebApi.Services.NhiPatientImageService|message: 找到 Series Number 4 對應的 Series Instance UID: 1.2.840.51111141244381216847820799116149155151129
2026-05-21 15:08:52.8737|eventId: 0|level: INFO|traceId: 00-47a115098918a05251ffe287fc50142e-c77dfc2d447bd31c-00|logger: NHI_AI_MedReportViewerWebApi.Services.NhiPatientImageService|message: 開始查詢 Series Instance UID: Study=1.2.840.6610321904118510815420318233761831142014, SeriesNumber=4
2026-05-21 15:08:52.8737|eventId: 0|level: INFO|traceId: 00-11959a5ca1108e4e69cf574ed1ec7455-f12d9b574a564dee-00|logger: NHI_AI_MedReportViewerWebApi.Services.NhiPatientImageService|message: 開始查詢 SOP Instance UID: Study=1.2.840.6610321904118510815420318233761831142014, Series=1.2.840.185393732156165237212158241127106677643111, InstanceNumber=29
2026-05-21 15:08:52.8941|eventId: 0|level: INFO|traceId: 00-bf54bd037b49c5c692ece75ca5502957-98707a96f98cc70a-00|logger: NHI_AI_MedReportViewerWebApi.Services.NhiRegistrationService|message: 查詢目標 Instance Number。Patient: Z299999830-20251102-1211-00000000001, RefSeries: 1.2.840.185393732156165237212158241127106677643111, DstSeries: 1.2.840.51111141244381216847820799116149155151129
2026-05-21 15:08:52.9112|eventId: 3|level: INFO|traceId: 00-47a115098918a05251ffe287fc50142e-c77dfc2d447bd31c-00|logger: Polly|message: Execution attempt. Source: 'OracleResiliencePipeline/(null)/Retry', Operation Key: '', Result: '1.2.840.185393732156165237212158241127106677643111', Handled: 'False', Attempt: '0', Execution Time: '14.0517'
2026-05-21 15:08:52.9268|eventId: 0|level: INFO|traceId: 00-47a115098918a05251ffe287fc50142e-c77dfc2d447bd31c-00|logger: NHI_AI_MedReportViewerWebApi.Services.NhiPatientImageService|message: 找到 Series Number 4 對應的 Series Instance UID: 1.2.840.185393732156165237212158241127106677643111
2026-05-21 15:08:52.9268|eventId: 3|level: INFO|traceId: 00-11959a5ca1108e4e69cf574ed1ec7455-f12d9b574a564dee-00|logger: Polly|message: Execution attempt. Source: 'OracleResiliencePipeline/(null)/Retry', Operation Key: '', Result: '1.2.840.3417124205586658229153205402522644', Handled: 'False', Attempt: '0', Execution Time: '27.5877'
2026-05-21 15:08:52.9507|eventId: 3|level: INFO|traceId: 00-bf54bd037b49c5c692ece75ca5502957-98707a96f98cc70a-00|logger: Polly|message: Execution attempt. Source: 'OracleResiliencePipeline/(null)/Retry', Operation Key: '', Result: '33', Handled: 'False', Attempt: '0', Execution Time: '29.7191'
2026-05-21 15:08:52.9507|eventId: 0|level: INFO|traceId: 00-11959a5ca1108e4e69cf574ed1ec7455-f12d9b574a564dee-00|logger: NHI_AI_MedReportViewerWebApi.Services.NhiPatientImageService|message: 找到 Instance Number 29 對應的 SOP Instance UID: 1.2.840.3417124205586658229153205402522644
2026-05-21 15:08:52.9507|eventId: 0|level: INFO|traceId: 00-078fa682ac7be597471c398737876980-6d290f5ca9acf7e6-00|logger: NHI_AI_MedReportViewerWebApi.Services.NhiPatientImageService|message: 開始查詢 Series Instance UID: Study=1.2.840.167221195121219905290418769251473628129, SeriesNumber=9
2026-05-21 15:08:52.9670|eventId: 0|level: INFO|traceId: 00-bf54bd037b49c5c692ece75ca5502957-98707a96f98cc70a-00|logger: NHI_AI_MedReportViewerWebApi.Services.NhiRegistrationService|message: 找到對應的目標 Instance Number: 33
2026-05-21 15:08:52.9862|eventId: 0|level: INFO|traceId: 00-bf54bd037b49c5c692ece75ca5502957-98707a96f98cc70a-00|logger: NHI_AI_MedReportViewerWebApi.Services.NhiPatientImageService|message: 開始查詢 SOP Instance UID: Study=1.2.840.1405011311801131732011012121012200126134, Series=1.2.840.51111141244381216847820799116149155151129, InstanceNumber=33
2026-05-21 15:08:52.9862|eventId: 0|level: INFO|traceId: 00-4872e2d4af1f83d28430c58cd7074408-73457f29f0ae4111-00|logger: AIRS.Core.Helpers.ZfpOracleDbHelper|message: GetSortedImagesBySeries(studyInstanceUid: 1.2.840.6610321904118510815420318233761831142014, seriesInstanceUid: 1.2.840.185393732156165237212158241127106677643111)
2026-05-21 15:08:53.0022|eventId: 3|level: INFO|traceId: 00-078fa682ac7be597471c398737876980-6d290f5ca9acf7e6-00|logger: Polly|message: Execution attempt. Source: 'OracleResiliencePipeline/(null)/Retry', Operation Key: '', Result: '1.2.840.1721868228751932482087238247913291134107', Handled: 'False', Attempt: '0', Execution Time: '19.64'
2026-05-21 15:08:53.0147|eventId: 0|level: INFO|traceId: 00-078fa682ac7be597471c398737876980-6d290f5ca9acf7e6-00|logger: NHI_AI_MedReportViewerWebApi.Services.NhiPatientImageService|message: 找到 Series Number 9 對應的 Series Instance UID: 1.2.840.1721868228751932482087238247913291134107
2026-05-21 15:08:53.0147|eventId: 3|level: INFO|traceId: 00-bf54bd037b49c5c692ece75ca5502957-98707a96f98cc70a-00|logger: Polly|message: Execution attempt. Source: 'OracleResiliencePipeline/(null)/Retry', Operation Key: '', Result: '1.2.840.24579199223184521533823815810478347056196', Handled: 'False', Attempt: '0', Execution Time: '18.8098'
2026-05-21 15:08:53.0330|eventId: 3|level: INFO|traceId: 00-4872e2d4af1f83d28430c58cd7074408-73457f29f0ae4111-00|logger: Polly|message: Execution attempt. Source: 'OracleResiliencePipeline/(null)/Retry', Operation Key: '', Result: 'System.Collections.Generic.List`1[System.String]', Handled: 'False', Attempt: '0', Execution Time: '22.4897'
2026-05-21 15:08:53.0330|eventId: 0|level: INFO|traceId: 00-bf54bd037b49c5c692ece75ca5502957-98707a96f98cc70a-00|logger: NHI_AI_MedReportViewerWebApi.Services.NhiPatientImageService|message: 找到 Instance Number 33 對應的 SOP Instance UID: 1.2.840.24579199223184521533823815810478347056196
2026-05-21 15:08:53.0506|eventId: 0|level: INFO|traceId: 00-965e10d3ad90e54d12f12b1df0d8301a-3be09a9b266a05a6-00|logger: NHI_AI_MedReportViewerWebApi.Services.NhiRegistrationService|message: 查詢目標 Instance Number。Patient: Z299999830-20251102-1211-00000000001, RefSeries: 1.2.840.185393732156165237212158241127106677643111, DstSeries: 1.2.840.1721868228751932482087238247913291134107
2026-05-21 15:08:53.0506|eventId: 0|level: INFO|traceId: 00-4872e2d4af1f83d28430c58cd7074408-73457f29f0ae4111-00|logger: NHI_AI_MedReportViewerWebApi.Services.NhiPatientImageService|message: Series 1.2.840.185393732156165237212158241127106677643111 包含 66 個影像（已快取）
2026-05-21 15:08:53.0774|eventId: 3|level: INFO|traceId: 00-965e10d3ad90e54d12f12b1df0d8301a-3be09a9b266a05a6-00|logger: Polly|message: Execution attempt. Source: 'OracleResiliencePipeline/(null)/Retry', Operation Key: '', Result: '23', Handled: 'False', Attempt: '0', Execution Time: '12.0691'
2026-05-21 15:08:53.0774|eventId: 0|level: INFO|traceId: 00-23a9758be102fa4eed36c9f6f459c843-b562724477be1d90-00|logger: AIRS.Core.Helpers.ZfpOracleDbHelper|message: GetSortedImagesBySeries(studyInstanceUid: 1.2.840.1405011311801131732011012121012200126134, seriesInstanceUid: 1.2.840.51111141244381216847820799116149155151129)
2026-05-21 15:08:53.0774|eventId: 0|level: INFO|traceId: 00-2e34bcc4f2cb3c935b6611de087e40c6-f513fda17fcf4f08-00|logger: AIRS.Core.Helpers.ZfpOracleDbHelper|message: GetImageKey(studyInstanceUid: 1.2.840.6610321904118510815420318233761831142014, seriesInstanceUid: 1.2.840.185393732156165237212158241127106677643111, sopInstanceUid: 1.2.840.3417124205586658229153205402522644)
2026-05-21 15:08:53.0963|eventId: 0|level: INFO|traceId: 00-965e10d3ad90e54d12f12b1df0d8301a-3be09a9b266a05a6-00|logger: NHI_AI_MedReportViewerWebApi.Services.NhiRegistrationService|message: 找到對應的目標 Instance Number: 23
2026-05-21 15:08:53.1086|eventId: 0|level: INFO|traceId: 00-965e10d3ad90e54d12f12b1df0d8301a-3be09a9b266a05a6-00|logger: NHI_AI_MedReportViewerWebApi.Services.NhiPatientImageService|message: 開始查詢 SOP Instance UID: Study=1.2.840.167221195121219905290418769251473628129, Series=1.2.840.1721868228751932482087238247913291134107, InstanceNumber=23
2026-05-21 15:08:53.1238|eventId: 3|level: INFO|traceId: 00-23a9758be102fa4eed36c9f6f459c843-b562724477be1d90-00|logger: Polly|message: Execution attempt. Source: 'OracleResiliencePipeline/(null)/Retry', Operation Key: '', Result: 'System.Collections.Generic.List`1[System.String]', Handled: 'False', Attempt: '0', Execution Time: '19.4333'
2026-05-21 15:08:53.1238|eventId: 3|level: INFO|traceId: 00-2e34bcc4f2cb3c935b6611de087e40c6-f513fda17fcf4f08-00|logger: Polly|message: Execution attempt. Source: 'OracleResiliencePipeline/(null)/Retry', Operation Key: '', Result: 'NHI_ZFP_Viewer.ImageSources.ImageInfo', Handled: 'False', Attempt: '0', Execution Time: '13.6485'
2026-05-21 15:08:53.1422|eventId: 3|level: INFO|traceId: 00-965e10d3ad90e54d12f12b1df0d8301a-3be09a9b266a05a6-00|logger: Polly|message: Execution attempt. Source: 'OracleResiliencePipeline/(null)/Retry', Operation Key: '', Result: '1.2.840.98120681611151912501302422382492421676315575', Handled: 'False', Attempt: '0', Execution Time: '17.3847'
2026-05-21 15:08:53.1422|eventId: 0|level: INFO|traceId: 00-23a9758be102fa4eed36c9f6f459c843-b562724477be1d90-00|logger: NHI_AI_MedReportViewerWebApi.Services.NhiPatientImageService|message: Series 1.2.840.51111141244381216847820799116149155151129 包含 73 個影像（已快取）
2026-05-21 15:08:53.1571|eventId: 0|level: INFO|traceId: 00-2e34bcc4f2cb3c935b6611de087e40c6-f513fda17fcf4f08-00|logger: AIRS.Core.Helpers.ZfpOracleDbHelper|message: GetImageKey = Archived/20230510/1.2.840.6610321904118510815420318233761831142014/1.2.840.185393732156165237212158241127106677643111/1.2.840.3417124205586658229153205402522644.dcm, 48 ms elapsed.
2026-05-21 15:08:53.1699|eventId: 0|level: INFO|traceId: 00-965e10d3ad90e54d12f12b1df0d8301a-3be09a9b266a05a6-00|logger: NHI_AI_MedReportViewerWebApi.Services.NhiPatientImageService|message: 找到 Instance Number 23 對應的 SOP Instance UID: 1.2.840.98120681611151912501302422382492421676315575
2026-05-21 15:08:53.1907|eventId: 0|level: INFO|traceId: 00-dd2ed0606076c479082ab0ca0faa27ce-4f8762cda081c092-00|logger: AIRS.Core.Helpers.ZfpOracleDbHelper|message: GetImageKey(studyInstanceUid: 1.2.840.1405011311801131732011012121012200126134, seriesInstanceUid: 1.2.840.51111141244381216847820799116149155151129, sopInstanceUid: 1.2.840.24579199223184521533823815810478347056196)
2026-05-21 15:08:53.2003|eventId: 0|level: INFO|traceId: 00-97403c4415057b1c1d65f7d6a36b07f8-0a371c1d11662af2-00|logger: AIRS.Core.Helpers.ZfpOracleDbHelper|message: GetSortedImagesBySeries(studyInstanceUid: 1.2.840.167221195121219905290418769251473628129, seriesInstanceUid: 1.2.840.1721868228751932482087238247913291134107)
2026-05-21 15:08:53.2179|eventId: 3|level: INFO|traceId: 00-dd2ed0606076c479082ab0ca0faa27ce-4f8762cda081c092-00|logger: Polly|message: Execution attempt. Source: 'OracleResiliencePipeline/(null)/Retry', Operation Key: '', Result: 'NHI_ZFP_Viewer.ImageSources.ImageInfo', Handled: 'False', Attempt: '0', Execution Time: '14.2843'
2026-05-21 15:08:53.2363|eventId: 0|level: INFO|traceId: 00-dd2ed0606076c479082ab0ca0faa27ce-4f8762cda081c092-00|logger: AIRS.Core.Helpers.ZfpOracleDbHelper|message: GetImageKey = Archived/20230210/1.2.840.1405011311801131732011012121012200126134/1.2.840.51111141244381216847820799116149155151129/1.2.840.24579199223184521533823815810478347056196.dcm, 38 ms elapsed.
2026-05-21 15:08:53.2363|eventId: 3|level: INFO|traceId: 00-97403c4415057b1c1d65f7d6a36b07f8-0a371c1d11662af2-00|logger: Polly|message: Execution attempt. Source: 'OracleResiliencePipeline/(null)/Retry', Operation Key: '', Result: 'System.Collections.Generic.List`1[System.String]', Handled: 'False', Attempt: '0', Execution Time: '26.6573'
2026-05-21 15:08:53.2654|eventId: 0|level: INFO|traceId: 00-97403c4415057b1c1d65f7d6a36b07f8-0a371c1d11662af2-00|logger: NHI_AI_MedReportViewerWebApi.Services.NhiPatientImageService|message: Series 1.2.840.1721868228751932482087238247913291134107 包含 57 個影像（已快取）
2026-05-21 15:08:53.3003|eventId: 0|level: INFO|traceId: 00-32bd29fdae94e1f885442b1276749cce-afa6ce4c8fd66b82-00|logger: AIRS.Core.Helpers.ZfpOracleDbHelper|message: GetImageKey(studyInstanceUid: 1.2.840.167221195121219905290418769251473628129, seriesInstanceUid: 1.2.840.1721868228751932482087238247913291134107, sopInstanceUid: 1.2.840.98120681611151912501302422382492421676315575)
2026-05-21 15:08:53.3112|eventId: 0|level: INFO|traceId: 00-2e34bcc4f2cb3c935b6611de087e40c6-f513fda17fcf4f08-00|logger: AIRS.Core.Common.LogForgingTools|message: 1779347333311 GetImage() 由 S3 取得 stream，耗時 127 ms.
2026-05-21 15:08:53.3297|eventId: 0|level: INFO|traceId: 00-2e34bcc4f2cb3c935b6611de087e40c6-f513fda17fcf4f08-00|logger: NHI_AI_MedReportViewerWebApi.Services.NhiPatientImageService|message: 成功從 S3 取得影像: 1.2.840.3417124205586658229153205402522644
2026-05-21 15:08:53.3561|eventId: 0|level: INFO|traceId: 00-dd2ed0606076c479082ab0ca0faa27ce-4f8762cda081c092-00|logger: AIRS.Core.Common.LogForgingTools|message: 1779347333356 GetImage() 由 S3 取得 stream，耗時 98 ms.
2026-05-21 15:08:53.3701|eventId: 3|level: INFO|traceId: 00-32bd29fdae94e1f885442b1276749cce-afa6ce4c8fd66b82-00|logger: Polly|message: Execution attempt. Source: 'OracleResiliencePipeline/(null)/Retry', Operation Key: '', Result: 'NHI_ZFP_Viewer.ImageSources.ImageInfo', Handled: 'False', Attempt: '0', Execution Time: '47.4179'
2026-05-21 15:08:53.3744|eventId: 0|level: INFO|traceId: 00-dd2ed0606076c479082ab0ca0faa27ce-4f8762cda081c092-00|logger: NHI_AI_MedReportViewerWebApi.Services.NhiPatientImageService|message: 成功從 S3 取得影像: 1.2.840.24579199223184521533823815810478347056196
2026-05-21 15:08:53.3943|eventId: 0|level: INFO|traceId: 00-32bd29fdae94e1f885442b1276749cce-afa6ce4c8fd66b82-00|logger: AIRS.Core.Helpers.ZfpOracleDbHelper|message: GetImageKey = Archived/20230810/1.2.840.167221195121219905290418769251473628129/1.2.840.1721868228751932482087238247913291134107/1.2.840.98120681611151912501302422382492421676315575.dcm, 81 ms elapsed.
2026-05-21 15:08:53.4689|eventId: 0|level: INFO|traceId: 00-32bd29fdae94e1f885442b1276749cce-afa6ce4c8fd66b82-00|logger: AIRS.Core.Common.LogForgingTools|message: 1779347333468 GetImage() 由 S3 取得 stream，耗時 54 ms.
2026-05-21 15:08:53.4903|eventId: 0|level: INFO|traceId: 00-32bd29fdae94e1f885442b1276749cce-afa6ce4c8fd66b82-00|logger: NHI_AI_MedReportViewerWebApi.Services.NhiPatientImageService|message: 成功從 S3 取得影像: 1.2.840.98120681611151912501302422382492421676315575
2026-05-21 15:08:54.1977|eventId: 0|level: INFO|traceId: 00-9006ba2d2890e33d4b9d4aeb8b92116f-27d3bdcb32da2986-00|logger: AIRS.Core.Helpers.ZfpOracleDbHelper|message: GetImageKey(studyInstanceUid: 1.2.840.6610321904118510815420318233761831142014, seriesInstanceUid: 1.2.840.185393732156165237212158241127106677643111, sopInstanceUid: 1.2.840.2511664518631962291533152232211442233237)
2026-05-21 15:08:54.2401|eventId: 3|level: INFO|traceId: 00-9006ba2d2890e33d4b9d4aeb8b92116f-27d3bdcb32da2986-00|logger: Polly|message: Execution attempt. Source: 'OracleResiliencePipeline/(null)/Retry', Operation Key: '', Result: 'NHI_ZFP_Viewer.ImageSources.ImageInfo', Handled: 'False', Attempt: '0', Execution Time: '18.3401'
2026-05-21 15:08:54.2640|eventId: 0|level: INFO|traceId: 00-9006ba2d2890e33d4b9d4aeb8b92116f-27d3bdcb32da2986-00|logger: AIRS.Core.Helpers.ZfpOracleDbHelper|message: GetImageKey = Archived/20230510/1.2.840.6610321904118510815420318233761831142014/1.2.840.185393732156165237212158241127106677643111/1.2.840.2511664518631962291533152232211442233237.dcm, 52 ms elapsed.
2026-05-21 15:08:54.3074|eventId: 0|level: INFO|traceId: 00-27e0bfa8b2713d0ab797edd82db093bf-137f976828a0e6d3-00|logger: AIRS.Core.Helpers.ZfpOracleDbHelper|message: GetImageKey(studyInstanceUid: 1.2.840.6610321904118510815420318233761831142014, seriesInstanceUid: 1.2.840.185393732156165237212158241127106677643111, sopInstanceUid: 1.2.840.1012237654199921541313414811823124615223932)
2026-05-21 15:08:54.3442|eventId: 0|level: INFO|traceId: 00-9006ba2d2890e33d4b9d4aeb8b92116f-27d3bdcb32da2986-00|logger: AIRS.Core.Common.LogForgingTools|message: 1779347334344 GetImage() 由 S3 取得 stream，耗時 53 ms.
2026-05-21 15:08:54.3442|eventId: 3|level: INFO|traceId: 00-27e0bfa8b2713d0ab797edd82db093bf-137f976828a0e6d3-00|logger: Polly|message: Execution attempt. Source: 'OracleResiliencePipeline/(null)/Retry', Operation Key: '', Result: 'NHI_ZFP_Viewer.ImageSources.ImageInfo', Handled: 'False', Attempt: '0', Execution Time: '15.4768'
2026-05-21 15:08:54.3610|eventId: 0|level: INFO|traceId: 00-9006ba2d2890e33d4b9d4aeb8b92116f-27d3bdcb32da2986-00|logger: NHI_AI_MedReportViewerWebApi.Services.NhiPatientImageService|message: 成功從 S3 取得影像: 1.2.840.2511664518631962291533152232211442233237
2026-05-21 15:08:54.3729|eventId: 0|level: INFO|traceId: 00-27e0bfa8b2713d0ab797edd82db093bf-137f976828a0e6d3-00|logger: AIRS.Core.Helpers.ZfpOracleDbHelper|message: GetImageKey = Archived/20230510/1.2.840.6610321904118510815420318233761831142014/1.2.840.185393732156165237212158241127106677643111/1.2.840.1012237654199921541313414811823124615223932.dcm, 45 ms elapsed.
2026-05-21 15:08:54.4598|eventId: 0|level: INFO|traceId: 00-27e0bfa8b2713d0ab797edd82db093bf-137f976828a0e6d3-00|logger: AIRS.Core.Common.LogForgingTools|message: 1779347334459 GetImage() 由 S3 取得 stream，耗時 69 ms.
2026-05-21 15:08:54.4768|eventId: 0|level: INFO|traceId: 00-27e0bfa8b2713d0ab797edd82db093bf-137f976828a0e6d3-00|logger: NHI_AI_MedReportViewerWebApi.Services.NhiPatientImageService|message: 成功從 S3 取得影像: 1.2.840.1012237654199921541313414811823124615223932
2026-05-21 15:08:54.7057|eventId: 0|level: INFO|traceId: 00-e6858b8d4e97825192f12e32560fe523-273060a58565cf0f-00|logger: AIRS.Core.Helpers.ZfpOracleDbHelper|message: GetImageKey(studyInstanceUid: 1.2.840.6610321904118510815420318233761831142014, seriesInstanceUid: 1.2.840.185393732156165237212158241127106677643111, sopInstanceUid: 1.2.840.235799138187147710188228149187179103216181)
2026-05-21 15:08:54.7496|eventId: 3|level: INFO|traceId: 00-e6858b8d4e97825192f12e32560fe523-273060a58565cf0f-00|logger: Polly|message: Execution attempt. Source: 'OracleResiliencePipeline/(null)/Retry', Operation Key: '', Result: 'NHI_ZFP_Viewer.ImageSources.ImageInfo', Handled: 'False', Attempt: '0', Execution Time: '17.6486'
2026-05-21 15:08:54.7811|eventId: 0|level: INFO|traceId: 00-e6858b8d4e97825192f12e32560fe523-273060a58565cf0f-00|logger: AIRS.Core.Helpers.ZfpOracleDbHelper|message: GetImageKey = Archived/20230510/1.2.840.6610321904118510815420318233761831142014/1.2.840.185393732156165237212158241127106677643111/1.2.840.235799138187147710188228149187179103216181.dcm, 53 ms elapsed.
2026-05-21 15:08:54.8580|eventId: 0|level: INFO|traceId: 00-e6858b8d4e97825192f12e32560fe523-273060a58565cf0f-00|logger: AIRS.Core.Common.LogForgingTools|message: 1779347334858 GetImage() 由 S3 取得 stream，耗時 57 ms.
2026-05-21 15:08:54.8790|eventId: 0|level: INFO|traceId: 00-e6858b8d4e97825192f12e32560fe523-273060a58565cf0f-00|logger: NHI_AI_MedReportViewerWebApi.Services.NhiPatientImageService|message: 成功從 S3 取得影像: 1.2.840.235799138187147710188228149187179103216181
2026-05-21 15:08:55.1750|eventId: 0|level: INFO|traceId: 00-f998a30da21595423b3acde5b0afd591-d8a886faac622aa7-00|logger: AIRS.Core.Helpers.ZfpOracleDbHelper|message: GetImageKey(studyInstanceUid: 1.2.840.6610321904118510815420318233761831142014, seriesInstanceUid: 1.2.840.185393732156165237212158241127106677643111, sopInstanceUid: 1.2.840.8272391622716640177791681201001961819384)
2026-05-21 15:08:55.2204|eventId: 3|level: INFO|traceId: 00-f998a30da21595423b3acde5b0afd591-d8a886faac622aa7-00|logger: Polly|message: Execution attempt. Source: 'OracleResiliencePipeline/(null)/Retry', Operation Key: '', Result: 'NHI_ZFP_Viewer.ImageSources.ImageInfo', Handled: 'False', Attempt: '0', Execution Time: '17.6151'
2026-05-21 15:08:55.2498|eventId: 0|level: INFO|traceId: 00-f998a30da21595423b3acde5b0afd591-d8a886faac622aa7-00|logger: AIRS.Core.Helpers.ZfpOracleDbHelper|message: GetImageKey = Archived/20230510/1.2.840.6610321904118510815420318233761831142014/1.2.840.185393732156165237212158241127106677643111/1.2.840.8272391622716640177791681201001961819384.dcm, 51 ms elapsed.
2026-05-21 15:08:55.2498|eventId: 0|level: INFO|traceId: 00-f537dd9b1b7ed45fd085f9a1a351f13a-3a171fb73b6797f8-00|logger: AIRS.Core.Helpers.ZfpOracleDbHelper|message: GetImageKey(studyInstanceUid: 1.2.840.6610321904118510815420318233761831142014, seriesInstanceUid: 1.2.840.185393732156165237212158241127106677643111, sopInstanceUid: 1.2.840.162627165206141194484216036163160720101)
2026-05-21 15:08:55.2925|eventId: 3|level: INFO|traceId: 00-f537dd9b1b7ed45fd085f9a1a351f13a-3a171fb73b6797f8-00|logger: Polly|message: Execution attempt. Source: 'OracleResiliencePipeline/(null)/Retry', Operation Key: '', Result: 'NHI_ZFP_Viewer.ImageSources.ImageInfo', Handled: 'False', Attempt: '0', Execution Time: '14.5594'
2026-05-21 15:08:55.3106|eventId: 0|level: INFO|traceId: 00-f537dd9b1b7ed45fd085f9a1a351f13a-3a171fb73b6797f8-00|logger: AIRS.Core.Helpers.ZfpOracleDbHelper|message: GetImageKey = Archived/20230510/1.2.840.6610321904118510815420318233761831142014/1.2.840.185393732156165237212158241127106677643111/1.2.840.162627165206141194484216036163160720101.dcm, 34 ms elapsed.
2026-05-21 15:08:55.3106|eventId: 0|level: INFO|traceId: 00-f998a30da21595423b3acde5b0afd591-d8a886faac622aa7-00|logger: AIRS.Core.Common.LogForgingTools|message: 1779347335323 GetImage() 由 S3 取得 stream，耗時 55 ms.
2026-05-21 15:08:55.3418|eventId: 0|level: INFO|traceId: 00-f998a30da21595423b3acde5b0afd591-d8a886faac622aa7-00|logger: NHI_AI_MedReportViewerWebApi.Services.NhiPatientImageService|message: 成功從 S3 取得影像: 1.2.840.8272391622716640177791681201001961819384
2026-05-21 15:08:55.3856|eventId: 0|level: INFO|traceId: 00-f537dd9b1b7ed45fd085f9a1a351f13a-3a171fb73b6797f8-00|logger: AIRS.Core.Common.LogForgingTools|message: 1779347335385 GetImage() 由 S3 取得 stream，耗時 58 ms.
2026-05-21 15:08:55.3955|eventId: 0|level: INFO|traceId: 00-72a04e183f74a12737aed059deb145ec-a203feecb26cba96-00|logger: AIRS.Core.Helpers.ZfpOracleDbHelper|message: GetImageKey(studyInstanceUid: 1.2.840.6610321904118510815420318233761831142014, seriesInstanceUid: 1.2.840.185393732156165237212158241127106677643111, sopInstanceUid: 1.2.840.3017021841391013223120134124379822867)
2026-05-21 15:08:55.4069|eventId: 0|level: INFO|traceId: 00-f537dd9b1b7ed45fd085f9a1a351f13a-3a171fb73b6797f8-00|logger: NHI_AI_MedReportViewerWebApi.Services.NhiPatientImageService|message: 成功從 S3 取得影像: 1.2.840.162627165206141194484216036163160720101
2026-05-21 15:08:55.4327|eventId: 3|level: INFO|traceId: 00-72a04e183f74a12737aed059deb145ec-a203feecb26cba96-00|logger: Polly|message: Execution attempt. Source: 'OracleResiliencePipeline/(null)/Retry', Operation Key: '', Result: 'NHI_ZFP_Viewer.ImageSources.ImageInfo', Handled: 'False', Attempt: '0', Execution Time: '16.8279'
2026-05-21 15:08:55.4529|eventId: 0|level: INFO|traceId: 00-72a04e183f74a12737aed059deb145ec-a203feecb26cba96-00|logger: AIRS.Core.Helpers.ZfpOracleDbHelper|message: GetImageKey = Archived/20230510/1.2.840.6610321904118510815420318233761831142014/1.2.840.185393732156165237212158241127106677643111/1.2.840.3017021841391013223120134124379822867.dcm, 39 ms elapsed.
2026-05-21 15:08:55.5421|eventId: 0|level: INFO|traceId: 00-72a04e183f74a12737aed059deb145ec-a203feecb26cba96-00|logger: AIRS.Core.Common.LogForgingTools|message: 1779347335542 GetImage() 由 S3 取得 stream，耗時 73 ms.
2026-05-21 15:08:55.5631|eventId: 0|level: INFO|traceId: 00-72a04e183f74a12737aed059deb145ec-a203feecb26cba96-00|logger: NHI_AI_MedReportViewerWebApi.Services.NhiPatientImageService|message: 成功從 S3 取得影像: 1.2.840.3017021841391013223120134124379822867
2026-05-21 15:08:55.7649|eventId: 0|level: INFO|traceId: 00-10f7541941c758db6dcf49633582ed7b-5ace4c4e9ac7426a-00|logger: AIRS.Core.Helpers.ZfpOracleDbHelper|message: GetImageKey(studyInstanceUid: 1.2.840.6610321904118510815420318233761831142014, seriesInstanceUid: 1.2.840.185393732156165237212158241127106677643111, sopInstanceUid: 1.2.840.2473250841411613447189941919111216667)
2026-05-21 15:08:55.8067|eventId: 3|level: INFO|traceId: 00-10f7541941c758db6dcf49633582ed7b-5ace4c4e9ac7426a-00|logger: Polly|message: Execution attempt. Source: 'OracleResiliencePipeline/(null)/Retry', Operation Key: '', Result: 'NHI_ZFP_Viewer.ImageSources.ImageInfo', Handled: 'False', Attempt: '0', Execution Time: '16.3565'
2026-05-21 15:08:55.8303|eventId: 0|level: INFO|traceId: 00-10f7541941c758db6dcf49633582ed7b-5ace4c4e9ac7426a-00|logger: AIRS.Core.Helpers.ZfpOracleDbHelper|message: GetImageKey = Archived/20230510/1.2.840.6610321904118510815420318233761831142014/1.2.840.185393732156165237212158241127106677643111/1.2.840.2473250841411613447189941919111216667.dcm, 47 ms elapsed.
2026-05-21 15:08:55.9258|eventId: 0|level: INFO|traceId: 00-10f7541941c758db6dcf49633582ed7b-5ace4c4e9ac7426a-00|logger: AIRS.Core.Common.LogForgingTools|message: 1779347335925 GetImage() 由 S3 取得 stream，耗時 71 ms.
2026-05-21 15:08:55.9472|eventId: 0|level: INFO|traceId: 00-10f7541941c758db6dcf49633582ed7b-5ace4c4e9ac7426a-00|logger: NHI_AI_MedReportViewerWebApi.Services.NhiPatientImageService|message: 成功從 S3 取得影像: 1.2.840.2473250841411613447189941919111216667
2026-05-21 15:08:56.0174|eventId: 0|level: INFO|traceId: 00-5100ccf721346ef31c3939485652e09f-bf9fe7afab20d021-00|logger: AIRS.Core.Helpers.ZfpOracleDbHelper|message: GetImageKey(studyInstanceUid: 1.2.840.6610321904118510815420318233761831142014, seriesInstanceUid: 1.2.840.185393732156165237212158241127106677643111, sopInstanceUid: 1.2.840.8912419623213524836117572263881132146369)
2026-05-21 15:08:56.0599|eventId: 3|level: INFO|traceId: 00-5100ccf721346ef31c3939485652e09f-bf9fe7afab20d021-00|logger: Polly|message: Execution attempt. Source: 'OracleResiliencePipeline/(null)/Retry', Operation Key: '', Result: 'NHI_ZFP_Viewer.ImageSources.ImageInfo', Handled: 'False', Attempt: '0', Execution Time: '17.9476'
2026-05-21 15:08:56.0844|eventId: 0|level: INFO|traceId: 00-5100ccf721346ef31c3939485652e09f-bf9fe7afab20d021-00|logger: AIRS.Core.Helpers.ZfpOracleDbHelper|message: GetImageKey = Archived/20230510/1.2.840.6610321904118510815420318233761831142014/1.2.840.185393732156165237212158241127106677643111/1.2.840.8912419623213524836117572263881132146369.dcm, 50 ms elapsed.
2026-05-21 15:08:56.1446|eventId: 0|level: INFO|traceId: 00-ffde8a26c7e235f937ec5d572119ac34-8e945edd7f440068-00|logger: AIRS.Core.Helpers.ZfpOracleDbHelper|message: GetImageKey(studyInstanceUid: 1.2.840.6610321904118510815420318233761831142014, seriesInstanceUid: 1.2.840.185393732156165237212158241127106677643111, sopInstanceUid: 1.2.840.2321282215112972713121414711949702522269)
2026-05-21 15:08:56.1818|eventId: 0|level: INFO|traceId: 00-5100ccf721346ef31c3939485652e09f-bf9fe7afab20d021-00|logger: AIRS.Core.Common.LogForgingTools|message: 1779347336181 GetImage() 由 S3 取得 stream，耗時 74 ms.
2026-05-21 15:08:56.1857|eventId: 3|level: INFO|traceId: 00-ffde8a26c7e235f937ec5d572119ac34-8e945edd7f440068-00|logger: Polly|message: Execution attempt. Source: 'OracleResiliencePipeline/(null)/Retry', Operation Key: '', Result: 'NHI_ZFP_Viewer.ImageSources.ImageInfo', Handled: 'False', Attempt: '0', Execution Time: '14.2698'
2026-05-21 15:08:56.2015|eventId: 0|level: INFO|traceId: 00-5100ccf721346ef31c3939485652e09f-bf9fe7afab20d021-00|logger: NHI_AI_MedReportViewerWebApi.Services.NhiPatientImageService|message: 成功從 S3 取得影像: 1.2.840.8912419623213524836117572263881132146369
2026-05-21 15:08:56.2015|eventId: 0|level: INFO|traceId: 00-ffde8a26c7e235f937ec5d572119ac34-8e945edd7f440068-00|logger: AIRS.Core.Helpers.ZfpOracleDbHelper|message: GetImageKey = Archived/20230510/1.2.840.6610321904118510815420318233761831142014/1.2.840.185393732156165237212158241127106677643111/1.2.840.2321282215112972713121414711949702522269.dcm, 44 ms elapsed.
2026-05-21 15:08:56.2987|eventId: 0|level: INFO|traceId: 00-ffde8a26c7e235f937ec5d572119ac34-8e945edd7f440068-00|logger: AIRS.Core.Common.LogForgingTools|message: 1779347336298 GetImage() 由 S3 取得 stream，耗時 68 ms.
2026-05-21 15:08:56.3159|eventId: 0|level: INFO|traceId: 00-ffde8a26c7e235f937ec5d572119ac34-8e945edd7f440068-00|logger: NHI_AI_MedReportViewerWebApi.Services.NhiPatientImageService|message: 成功從 S3 取得影像: 1.2.840.2321282215112972713121414711949702522269
2026-05-21 15:08:56.9853|eventId: 0|level: INFO|traceId: 00-57a1ca6764fa5cc4451d7e616809b3bb-7ccdefef35fa9dac-00|logger: AIRS.Core.Helpers.ZfpOracleDbHelper|message: GetImageKey(studyInstanceUid: 1.2.840.6610321904118510815420318233761831142014, seriesInstanceUid: 1.2.840.185393732156165237212158241127106677643111, sopInstanceUid: 1.2.840.2341525274212127441751241052421352018064169)
2026-05-21 15:08:57.0271|eventId: 3|level: INFO|traceId: 00-57a1ca6764fa5cc4451d7e616809b3bb-7ccdefef35fa9dac-00|logger: Polly|message: Execution attempt. Source: 'OracleResiliencePipeline/(null)/Retry', Operation Key: '', Result: 'NHI_ZFP_Viewer.ImageSources.ImageInfo', Handled: 'False', Attempt: '0', Execution Time: '15.249'
2026-05-21 15:08:57.0478|eventId: 0|level: INFO|traceId: 00-57a1ca6764fa5cc4451d7e616809b3bb-7ccdefef35fa9dac-00|logger: AIRS.Core.Helpers.ZfpOracleDbHelper|message: GetImageKey = Archived/20230510/1.2.840.6610321904118510815420318233761831142014/1.2.840.185393732156165237212158241127106677643111/1.2.840.2341525274212127441751241052421352018064169.dcm, 46 ms elapsed.
2026-05-21 15:08:57.1273|eventId: 0|level: INFO|traceId: 00-57a1ca6764fa5cc4451d7e616809b3bb-7ccdefef35fa9dac-00|logger: AIRS.Core.Common.LogForgingTools|message: 1779347337127 GetImage() 由 S3 取得 stream，耗時 53 ms.
2026-05-21 15:08:57.1480|eventId: 0|level: INFO|traceId: 00-57a1ca6764fa5cc4451d7e616809b3bb-7ccdefef35fa9dac-00|logger: NHI_AI_MedReportViewerWebApi.Services.NhiPatientImageService|message: 成功從 S3 取得影像: 1.2.840.2341525274212127441751241052421352018064169
2026-05-21 15:08:57.6042|eventId: 0|level: INFO|traceId: 00-8b5d12b283e0dff891eff45a1bc1ff98-8d897e30407f62f0-00|logger: AIRS.Core.Helpers.ZfpOracleDbHelper|message: GetImageKey(studyInstanceUid: 1.2.840.1405011311801131732011012121012200126134, seriesInstanceUid: 1.2.840.51111141244381216847820799116149155151129, sopInstanceUid: 1.2.840.17620941479171284898262227124811117329)
2026-05-21 15:08:57.6452|eventId: 3|level: INFO|traceId: 00-8b5d12b283e0dff891eff45a1bc1ff98-8d897e30407f62f0-00|logger: Polly|message: Execution attempt. Source: 'OracleResiliencePipeline/(null)/Retry', Operation Key: '', Result: 'NHI_ZFP_Viewer.ImageSources.ImageInfo', Handled: 'False', Attempt: '0', Execution Time: '16.4196'
2026-05-21 15:08:57.6733|eventId: 0|level: INFO|traceId: 00-8b5d12b283e0dff891eff45a1bc1ff98-8d897e30407f62f0-00|logger: AIRS.Core.Helpers.ZfpOracleDbHelper|message: GetImageKey = Archived/20230210/1.2.840.1405011311801131732011012121012200126134/1.2.840.51111141244381216847820799116149155151129/1.2.840.17620941479171284898262227124811117329.dcm, 48 ms elapsed.
2026-05-21 15:08:57.7666|eventId: 0|level: INFO|traceId: 00-8b5d12b283e0dff891eff45a1bc1ff98-8d897e30407f62f0-00|logger: AIRS.Core.Common.LogForgingTools|message: 1779347337766 GetImage() 由 S3 取得 stream，耗時 74 ms.
2026-05-21 15:08:57.7876|eventId: 0|level: INFO|traceId: 00-8b5d12b283e0dff891eff45a1bc1ff98-8d897e30407f62f0-00|logger: NHI_AI_MedReportViewerWebApi.Services.NhiPatientImageService|message: 成功從 S3 取得影像: 1.2.840.17620941479171284898262227124811117329
2026-05-21 15:08:57.9136|eventId: 0|level: INFO|traceId: 00-68dccf3dd0822c4751cc1f0304056196-fa9042ba00f39be6-00|logger: AIRS.Core.Helpers.ZfpOracleDbHelper|message: GetImageKey(studyInstanceUid: 1.2.840.1405011311801131732011012121012200126134, seriesInstanceUid: 1.2.840.51111141244381216847820799116149155151129, sopInstanceUid: 1.2.840.177871712112351721355421792314382197212226)
2026-05-21 15:08:57.9538|eventId: 3|level: INFO|traceId: 00-68dccf3dd0822c4751cc1f0304056196-fa9042ba00f39be6-00|logger: Polly|message: Execution attempt. Source: 'OracleResiliencePipeline/(null)/Retry', Operation Key: '', Result: 'NHI_ZFP_Viewer.ImageSources.ImageInfo', Handled: 'False', Attempt: '0', Execution Time: '15.5116'
2026-05-21 15:08:57.9797|eventId: 0|level: INFO|traceId: 00-68dccf3dd0822c4751cc1f0304056196-fa9042ba00f39be6-00|logger: AIRS.Core.Helpers.ZfpOracleDbHelper|message: GetImageKey = Archived/20230210/1.2.840.1405011311801131732011012121012200126134/1.2.840.51111141244381216847820799116149155151129/1.2.840.177871712112351721355421792314382197212226.dcm, 49 ms elapsed.
2026-05-21 15:08:58.0838|eventId: 0|level: INFO|traceId: 00-68dccf3dd0822c4751cc1f0304056196-fa9042ba00f39be6-00|logger: AIRS.Core.Common.LogForgingTools|message: 1779347338083 GetImage() 由 S3 取得 stream，耗時 79 ms.
2026-05-21 15:08:58.1051|eventId: 0|level: INFO|traceId: 00-68dccf3dd0822c4751cc1f0304056196-fa9042ba00f39be6-00|logger: NHI_AI_MedReportViewerWebApi.Services.NhiPatientImageService|message: 成功從 S3 取得影像: 1.2.840.177871712112351721355421792314382197212226
2026-05-21 15:08:58.1626|eventId: 0|level: INFO|traceId: 00-a5f736e383d1c5cc6c6d3fc601d45fb6-6faaabd2f81346ab-00|logger: AIRS.Core.Helpers.ZfpOracleDbHelper|message: GetImageKey(studyInstanceUid: 1.2.840.1405011311801131732011012121012200126134, seriesInstanceUid: 1.2.840.51111141244381216847820799116149155151129, sopInstanceUid: 1.2.840.902467845121291941056421200146896719275)
2026-05-21 15:08:58.2017|eventId: 3|level: INFO|traceId: 00-a5f736e383d1c5cc6c6d3fc601d45fb6-6faaabd2f81346ab-00|logger: Polly|message: Execution attempt. Source: 'OracleResiliencePipeline/(null)/Retry', Operation Key: '', Result: 'NHI_ZFP_Viewer.ImageSources.ImageInfo', Handled: 'False', Attempt: '0', Execution Time: '16.342'
2026-05-21 15:08:58.2286|eventId: 0|level: INFO|traceId: 00-a5f736e383d1c5cc6c6d3fc601d45fb6-6faaabd2f81346ab-00|logger: AIRS.Core.Helpers.ZfpOracleDbHelper|message: GetImageKey = Archived/20230210/1.2.840.1405011311801131732011012121012200126134/1.2.840.51111141244381216847820799116149155151129/1.2.840.902467845121291941056421200146896719275.dcm, 51 ms elapsed.
2026-05-21 15:08:58.3044|eventId: 0|level: INFO|traceId: 00-a5f736e383d1c5cc6c6d3fc601d45fb6-6faaabd2f81346ab-00|logger: AIRS.Core.Common.LogForgingTools|message: 1779347338304 GetImage() 由 S3 取得 stream，耗時 51 ms.
2026-05-21 15:08:58.3277|eventId: 0|level: INFO|traceId: 00-a5f736e383d1c5cc6c6d3fc601d45fb6-6faaabd2f81346ab-00|logger: NHI_AI_MedReportViewerWebApi.Services.NhiPatientImageService|message: 成功從 S3 取得影像: 1.2.840.902467845121291941056421200146896719275
2026-05-21 15:08:58.8387|eventId: 0|level: INFO|traceId: 00-4c24355dac63f4c40882e12732f8f1f1-8b1158b5fdb0c0b7-00|logger: AIRS.Core.Helpers.ZfpOracleDbHelper|message: GetImageKey(studyInstanceUid: 1.2.840.1405011311801131732011012121012200126134, seriesInstanceUid: 1.2.840.51111141244381216847820799116149155151129, sopInstanceUid: 1.2.840.17230180122942297223510210933215591832308)
2026-05-21 15:08:58.8795|eventId: 3|level: INFO|traceId: 00-4c24355dac63f4c40882e12732f8f1f1-8b1158b5fdb0c0b7-00|logger: Polly|message: Execution attempt. Source: 'OracleResiliencePipeline/(null)/Retry', Operation Key: '', Result: 'NHI_ZFP_Viewer.ImageSources.ImageInfo', Handled: 'False', Attempt: '0', Execution Time: '15.4806'
2026-05-21 15:08:58.9137|eventId: 0|level: INFO|traceId: 00-4c24355dac63f4c40882e12732f8f1f1-8b1158b5fdb0c0b7-00|logger: AIRS.Core.Helpers.ZfpOracleDbHelper|message: GetImageKey = Archived/20230210/1.2.840.1405011311801131732011012121012200126134/1.2.840.51111141244381216847820799116149155151129/1.2.840.17230180122942297223510210933215591832308.dcm, 53 ms elapsed.
2026-05-21 15:08:58.9318|eventId: 0|level: INFO|traceId: 00-fe11341c596d404445dec280cb024aaf-d845a29d59d9032a-00|logger: AIRS.Core.Helpers.ZfpOracleDbHelper|message: GetImageKey(studyInstanceUid: 1.2.840.1405011311801131732011012121012200126134, seriesInstanceUid: 1.2.840.51111141244381216847820799116149155151129, sopInstanceUid: 1.2.840.13115091142231331436320116010018198622197)
2026-05-21 15:08:58.9640|eventId: 3|level: INFO|traceId: 00-fe11341c596d404445dec280cb024aaf-d845a29d59d9032a-00|logger: Polly|message: Execution attempt. Source: 'OracleResiliencePipeline/(null)/Retry', Operation Key: '', Result: 'NHI_ZFP_Viewer.ImageSources.ImageInfo', Handled: 'False', Attempt: '0', Execution Time: '13.7056'
2026-05-21 15:08:58.9844|eventId: 0|level: INFO|traceId: 00-4c24355dac63f4c40882e12732f8f1f1-8b1158b5fdb0c0b7-00|logger: AIRS.Core.Common.LogForgingTools|message: 1779347338984 GetImage() 由 S3 取得 stream，耗時 48 ms.
2026-05-21 15:08:58.9871|eventId: 0|level: INFO|traceId: 00-fe11341c596d404445dec280cb024aaf-d845a29d59d9032a-00|logger: AIRS.Core.Helpers.ZfpOracleDbHelper|message: GetImageKey = Archived/20230210/1.2.840.1405011311801131732011012121012200126134/1.2.840.51111141244381216847820799116149155151129/1.2.840.13115091142231331436320116010018198622197.dcm, 43 ms elapsed.
2026-05-21 15:08:59.0056|eventId: 0|level: INFO|traceId: 00-4c24355dac63f4c40882e12732f8f1f1-8b1158b5fdb0c0b7-00|logger: NHI_AI_MedReportViewerWebApi.Services.NhiPatientImageService|message: 成功從 S3 取得影像: 1.2.840.17230180122942297223510210933215591832308
2026-05-21 15:08:59.0809|eventId: 0|level: INFO|traceId: 00-fe11341c596d404445dec280cb024aaf-d845a29d59d9032a-00|logger: AIRS.Core.Common.LogForgingTools|message: 1779347339080 GetImage() 由 S3 取得 stream，耗時 70 ms.
2026-05-21 15:08:59.1066|eventId: 0|level: INFO|traceId: 00-fe11341c596d404445dec280cb024aaf-d845a29d59d9032a-00|logger: NHI_AI_MedReportViewerWebApi.Services.NhiPatientImageService|message: 成功從 S3 取得影像: 1.2.840.13115091142231331436320116010018198622197
2026-05-21 15:09:00.0860|eventId: 0|level: INFO|traceId: 00-a827dadfb95c6e5dd4ebbb2985c5ea2d-9d2c64bc5dc18191-00|logger: NHI_AI_MedReportViewerWebApi.Services.NhiPatientImageService|message: 開始查詢 Series Instance UID: Study=1.2.840.133888132105150143162871541411731780159144, SeriesNumber=15
2026-05-21 15:09:00.1280|eventId: 3|level: INFO|traceId: 00-a827dadfb95c6e5dd4ebbb2985c5ea2d-9d2c64bc5dc18191-00|logger: Polly|message: Execution attempt. Source: 'OracleResiliencePipeline/(null)/Retry', Operation Key: '', Result: '1.2.840.19216622352892321110282110210111240391850', Handled: 'False', Attempt: '0', Execution Time: '14.3711'
2026-05-21 15:09:00.1474|eventId: 0|level: INFO|traceId: 00-a827dadfb95c6e5dd4ebbb2985c5ea2d-9d2c64bc5dc18191-00|logger: NHI_AI_MedReportViewerWebApi.Services.NhiPatientImageService|message: 找到 Series Number 15 對應的 Series Instance UID: 1.2.840.19216622352892321110282110210111240391850
2026-05-21 16:15:36.9743|eventId: 103|level: ERROR|traceId: 00-8cf9128d9ebe0c614aa5f67acfa81059-ec44ea9804b09b49-00|logger: Microsoft.Extensions.Diagnostics.HealthChecks.DefaultHealthCheckService|message: Health check 正式_OracleDB with status Unhealthy completed after 37966.2101ms with message '(null)'--- Exception ---System.Threading.Tasks.TaskCanceledException: A task was canceled.
   at HealthChecks.Oracle.OracleHealthCheck.CheckHealthAsync(HealthCheckContext context, CancellationToken cancellationToken) in /_/src/HealthChecks.Oracle/OracleHealthCheck.cs:line 34
2026-05-21 17:56:03.0504|eventId: 103|level: ERROR|traceId: 00-34ac1ed0939a79ca0aac8bf7de201062-3bfc1c0b83fc447f-00|logger: Microsoft.Extensions.Diagnostics.HealthChecks.DefaultHealthCheckService|message: Health check 正式_OracleDB with status Unhealthy completed after 18969.2609ms with message '(null)'--- Exception ---System.Threading.Tasks.TaskCanceledException: A task was canceled.
   at HealthChecks.Oracle.OracleHealthCheck.CheckHealthAsync(HealthCheckContext context, CancellationToken cancellationToken) in /_/src/HealthChecks.Oracle/OracleHealthCheck.cs:line 34
2026-05-21 18:13:07.5867|eventId: 103|level: ERROR|traceId: 00-90f323691aeefd8df2e59873c1620ae1-87fef1c37523cc81-00|logger: Microsoft.Extensions.Diagnostics.HealthChecks.DefaultHealthCheckService|message: Health check 正式_OracleDB with status Unhealthy completed after 18956.3844ms with message '(null)'--- Exception ---System.Threading.Tasks.TaskCanceledException: A task was canceled.
   at HealthChecks.Oracle.OracleHealthCheck.CheckHealthAsync(HealthCheckContext context, CancellationToken cancellationToken) in /_/src/HealthChecks.Oracle/OracleHealthCheck.cs:line 34
2026-05-21 20:09:18.4402|eventId: 103|level: ERROR|traceId: 00-68e868a2c804c665f26d9707bdc12d88-bf0ca7feea5fa308-00|logger: Microsoft.Extensions.Diagnostics.HealthChecks.DefaultHealthCheckService|message: Health check 正式_OracleDB with status Unhealthy completed after 18980.2273ms with message '(null)'--- Exception ---System.Threading.Tasks.TaskCanceledException: A task was canceled.
   at HealthChecks.Oracle.OracleHealthCheck.CheckHealthAsync(HealthCheckContext context, CancellationToken cancellationToken) in /_/src/HealthChecks.Oracle/OracleHealthCheck.cs:line 34
2026-05-21 22:12:24.6785|eventId: 103|level: ERROR|traceId: 00-a6e8d8c86d298ab3d4916da404a95c99-3273c32af162aebc-00|logger: Microsoft.Extensions.Diagnostics.HealthChecks.DefaultHealthCheckService|message: Health check 正式_OracleDB with status Unhealthy completed after 18982.7263ms with message '(null)'--- Exception ---System.Threading.Tasks.TaskCanceledException: A task was canceled.
   at HealthChecks.Oracle.OracleHealthCheck.CheckHealthAsync(HealthCheckContext context, CancellationToken cancellationToken) in /_/src/HealthChecks.Oracle/OracleHealthCheck.cs:line 34
2026-05-21 22:26:31.6353|eventId: 103|level: ERROR|traceId: 00-f11b6d18d745f47dc3be2b8e5ce9f52c-3fcd73b568bd3c19-00|logger: Microsoft.Extensions.Diagnostics.HealthChecks.DefaultHealthCheckService|message: Health check 正式_OracleDB with status Unhealthy completed after 37935.4919ms with message '(null)'--- Exception ---System.Threading.Tasks.TaskCanceledException: A task was canceled.
   at HealthChecks.Oracle.OracleHealthCheck.CheckHealthAsync(HealthCheckContext context, CancellationToken cancellationToken) in /_/src/HealthChecks.Oracle/OracleHealthCheck.cs:line 34
