2026-05-18 01:49:47.3904|eventId: 103|level: ERROR|traceId: 00-980c12ee3e3f69f2df1dca55a38b5e6f-73edfadc2929dded-00|logger: Microsoft.Extensions.Diagnostics.HealthChecks.DefaultHealthCheckService|message: Health check 正式_OracleDB with status Unhealthy completed after 18969.5462ms with message '(null)'--- Exception ---System.Threading.Tasks.TaskCanceledException: A task was canceled.
   at HealthChecks.Oracle.OracleHealthCheck.CheckHealthAsync(HealthCheckContext context, CancellationToken cancellationToken) in /_/src/HealthChecks.Oracle/OracleHealthCheck.cs:line 34
2026-05-18 02:01:11.7498|eventId: 0|level: INFO|traceId: N/A|logger: NHI_AI_MedReportViewerWebApi.Program|message: Allowed origin: http://localhost:5173
2026-05-18 02:01:12.1389|eventId: 0|level: INFO|traceId: N/A|logger: NHI_AI_MedReportViewerWebApi.Program|message: Authentication enabled with JWT Bearer tokens
2026-05-18 02:01:12.6758|eventId: 0|level: INFO|traceId: N/A|logger: NHI_AI_MedReportViewerWebApi.Program|message: Exceptionless 設定完成，ServerUrl: "https://h30lhclogsvr.intra.nhi.gov.tw:8443"
2026-05-18 04:00:22.8274|eventId: 103|level: ERROR|traceId: 00-5b83db2fcc9662f77b02378ee1f5bcdd-ec4e07d5d779a76e-00|logger: Microsoft.Extensions.Diagnostics.HealthChecks.DefaultHealthCheckService|message: Health check 正式_OracleDB with status Unhealthy completed after 18979.8981ms with message '(null)'--- Exception ---System.Threading.Tasks.TaskCanceledException: A task was canceled.
   at HealthChecks.Oracle.OracleHealthCheck.CheckHealthAsync(HealthCheckContext context, CancellationToken cancellationToken) in /_/src/HealthChecks.Oracle/OracleHealthCheck.cs:line 34
2026-05-18 04:17:47.6194|eventId: 103|level: ERROR|traceId: 00-d903b65e2036311a54977db07e46bba9-e1b6b5077701b069-00|logger: Microsoft.Extensions.Diagnostics.HealthChecks.DefaultHealthCheckService|message: Health check 正式_OracleDB with status Unhealthy completed after 18976.6879ms with message '(null)'--- Exception ---System.Threading.Tasks.TaskCanceledException: A task was canceled.
   at HealthChecks.Oracle.OracleHealthCheck.CheckHealthAsync(HealthCheckContext context, CancellationToken cancellationToken) in /_/src/HealthChecks.Oracle/OracleHealthCheck.cs:line 34
2026-05-18 06:19:50.4264|eventId: 103|level: ERROR|traceId: 00-8568ce9e6b434f543ec5554e347f270e-36029da5c3db4d59-00|logger: Microsoft.Extensions.Diagnostics.HealthChecks.DefaultHealthCheckService|message: Health check 正式_OracleDB with status Unhealthy completed after 18991.0099ms with message '(null)'--- Exception ---System.Threading.Tasks.TaskCanceledException: A task was canceled.
   at HealthChecks.Oracle.OracleHealthCheck.CheckHealthAsync(HealthCheckContext context, CancellationToken cancellationToken) in /_/src/HealthChecks.Oracle/OracleHealthCheck.cs:line 34
2026-05-18 06:28:03.0883|eventId: 103|level: ERROR|traceId: 00-f826dfb88f9dd75bb3690f7d204616ba-b01031d94719d3d7-00|logger: Microsoft.Extensions.Diagnostics.HealthChecks.DefaultHealthCheckService|message: Health check 正式_OracleDB with status Unhealthy completed after 18983.7695ms with message '(null)'--- Exception ---System.Threading.Tasks.TaskCanceledException: A task was canceled.
   at HealthChecks.Oracle.OracleHealthCheck.CheckHealthAsync(HealthCheckContext context, CancellationToken cancellationToken) in /_/src/HealthChecks.Oracle/OracleHealthCheck.cs:line 34
2026-05-18 08:30:14.2348|eventId: 103|level: ERROR|traceId: 00-dab3fb38e2d12c2ab43fa83a3cc84312-4fd1ec0e55cc5cd7-00|logger: Microsoft.Extensions.Diagnostics.HealthChecks.DefaultHealthCheckService|message: Health check 正式_OracleDB with status Unhealthy completed after 18991.3087ms with message '(null)'--- Exception ---System.Threading.Tasks.TaskCanceledException: A task was canceled.
   at HealthChecks.Oracle.OracleHealthCheck.CheckHealthAsync(HealthCheckContext context, CancellationToken cancellationToken) in /_/src/HealthChecks.Oracle/OracleHealthCheck.cs:line 34
2026-05-18 08:45:23.1634|eventId: 103|level: ERROR|traceId: 00-3167d29d69c1841b7b001ad57cbdf3c0-b72bec0c708988ca-00|logger: Microsoft.Extensions.Diagnostics.HealthChecks.DefaultHealthCheckService|message: Health check 正式_OracleDB with status Unhealthy completed after 18996.1059ms with message '(null)'--- Exception ---System.Threading.Tasks.TaskCanceledException: A task was canceled.
   at HealthChecks.Oracle.OracleHealthCheck.CheckHealthAsync(HealthCheckContext context, CancellationToken cancellationToken) in /_/src/HealthChecks.Oracle/OracleHealthCheck.cs:line 34
2026-05-18 10:31:27.7537|eventId: 103|level: ERROR|traceId: 00-b8344a8998e571b0f0c1c9bc569eb47f-853e75c3115acf7b-00|logger: Microsoft.Extensions.Diagnostics.HealthChecks.DefaultHealthCheckService|message: Health check 正式_OracleDB with status Unhealthy completed after 18991.522ms with message '(null)'--- Exception ---System.Threading.Tasks.TaskCanceledException: A task was canceled.
   at HealthChecks.Oracle.OracleHealthCheck.CheckHealthAsync(HealthCheckContext context, CancellationToken cancellationToken) in /_/src/HealthChecks.Oracle/OracleHealthCheck.cs:line 34
2026-05-18 13:20:43.5832|eventId: 103|level: ERROR|traceId: 00-79915a2180cbf1f05226ac389aa22dc4-ec320377b53f1ca5-00|logger: Microsoft.Extensions.Diagnostics.HealthChecks.DefaultHealthCheckService|message: Health check 正式_OracleDB with status Unhealthy completed after 19001.3185ms with message '(null)'--- Exception ---System.Threading.Tasks.TaskCanceledException: A task was canceled.
   at HealthChecks.Oracle.OracleHealthCheck.CheckHealthAsync(HealthCheckContext context, CancellationToken cancellationToken) in /_/src/HealthChecks.Oracle/OracleHealthCheck.cs:line 34
2026-05-18 13:29:26.9746|eventId: 103|level: ERROR|traceId: 00-0eff761148710723ae01f7d2391ffd23-8239bf21e736e230-00|logger: Microsoft.Extensions.Diagnostics.HealthChecks.DefaultHealthCheckService|message: Health check 正式_OracleDB with status Unhealthy completed after 18985.8406ms with message '(null)'--- Exception ---System.Threading.Tasks.TaskCanceledException: A task was canceled.
   at HealthChecks.Oracle.OracleHealthCheck.CheckHealthAsync(HealthCheckContext context, CancellationToken cancellationToken) in /_/src/HealthChecks.Oracle/OracleHealthCheck.cs:line 34
2026-05-18 15:23:22.7659|eventId: 103|level: ERROR|traceId: 00-fa7488e7376877af95473cbdda0dfe59-5a7d81a8aa7decbd-00|logger: Microsoft.Extensions.Diagnostics.HealthChecks.DefaultHealthCheckService|message: Health check 正式_OracleDB with status Unhealthy completed after 18977.9581ms with message '(null)'--- Exception ---System.Threading.Tasks.TaskCanceledException: A task was canceled.
   at HealthChecks.Oracle.OracleHealthCheck.CheckHealthAsync(HealthCheckContext context, CancellationToken cancellationToken) in /_/src/HealthChecks.Oracle/OracleHealthCheck.cs:line 34
2026-05-18 15:45:33.6015|eventId: 103|level: ERROR|traceId: 00-088d255e41ef8fdfac7ce4b56b814e42-aaeaba878b1ec496-00|logger: Microsoft.Extensions.Diagnostics.HealthChecks.DefaultHealthCheckService|message: Health check 正式_OracleDB with status Unhealthy completed after 18993.2146ms with message '(null)'--- Exception ---System.Threading.Tasks.TaskCanceledException: A task was canceled.
   at HealthChecks.Oracle.OracleHealthCheck.CheckHealthAsync(HealthCheckContext context, CancellationToken cancellationToken) in /_/src/HealthChecks.Oracle/OracleHealthCheck.cs:line 34
2026-05-18 18:01:50.6585|eventId: 103|level: ERROR|traceId: 00-d3e86743020cfd354aaffb11b22c2283-e1c268ac2b370766-00|logger: Microsoft.Extensions.Diagnostics.HealthChecks.DefaultHealthCheckService|message: Health check 正式_OracleDB with status Unhealthy completed after 37928.7737ms with message '(null)'--- Exception ---System.Threading.Tasks.TaskCanceledException: A task was canceled.
   at HealthChecks.Oracle.OracleHealthCheck.CheckHealthAsync(HealthCheckContext context, CancellationToken cancellationToken) in /_/src/HealthChecks.Oracle/OracleHealthCheck.cs:line 34
2026-05-18 18:08:32.2437|eventId: 103|level: ERROR|traceId: 00-0c6f6083b9079ff266a7c6be4a66fb48-9e1648b1de318310-00|logger: Microsoft.Extensions.Diagnostics.HealthChecks.DefaultHealthCheckService|message: Health check 正式_OracleDB with status Unhealthy completed after 18964.583ms with message '(null)'--- Exception ---System.Threading.Tasks.TaskCanceledException: A task was canceled.
   at HealthChecks.Oracle.OracleHealthCheck.CheckHealthAsync(HealthCheckContext context, CancellationToken cancellationToken) in /_/src/HealthChecks.Oracle/OracleHealthCheck.cs:line 34
2026-05-18 19:50:31.1004|eventId: 103|level: ERROR|traceId: 00-7bcecd75652af6a7f32f71f9d6988310-57990d3100851344-00|logger: Microsoft.Extensions.Diagnostics.HealthChecks.DefaultHealthCheckService|message: Health check 正式_OracleDB with status Unhealthy completed after 18971.538ms with message '(null)'--- Exception ---System.Threading.Tasks.TaskCanceledException: A task was canceled.
   at HealthChecks.Oracle.OracleHealthCheck.CheckHealthAsync(HealthCheckContext context, CancellationToken cancellationToken) in /_/src/HealthChecks.Oracle/OracleHealthCheck.cs:line 34
2026-05-18 20:19:44.1622|eventId: 103|level: ERROR|traceId: 00-6c102667af7c3bdd0e896023c751b6f4-312b4f7ff8098e80-00|logger: Microsoft.Extensions.Diagnostics.HealthChecks.DefaultHealthCheckService|message: Health check 正式_OracleDB with status Unhealthy completed after 18977.204ms with message '(null)'--- Exception ---System.Threading.Tasks.TaskCanceledException: A task was canceled.
   at HealthChecks.Oracle.OracleHealthCheck.CheckHealthAsync(HealthCheckContext context, CancellationToken cancellationToken) in /_/src/HealthChecks.Oracle/OracleHealthCheck.cs:line 34
2026-05-18 22:07:23.9109|eventId: 103|level: ERROR|traceId: 00-aaa34d368f954c3f6409b5085b6d7092-2855728e899fc215-00|logger: Microsoft.Extensions.Diagnostics.HealthChecks.DefaultHealthCheckService|message: Health check 正式_OracleDB with status Unhealthy completed after 18986.2877ms with message '(null)'--- Exception ---System.Threading.Tasks.TaskCanceledException: A task was canceled.
   at HealthChecks.Oracle.OracleHealthCheck.CheckHealthAsync(HealthCheckContext context, CancellationToken cancellationToken) in /_/src/HealthChecks.Oracle/OracleHealthCheck.cs:line 34
2026-05-18 22:28:54.7341|eventId: 103|level: ERROR|traceId: 00-222e7d2f3eb6735834717ee9e278e67d-7a4c01fb93147a62-00|logger: Microsoft.Extensions.Diagnostics.HealthChecks.DefaultHealthCheckService|message: Health check 正式_OracleDB with status Unhealthy completed after 18973.9845ms with message '(null)'--- Exception ---System.Threading.Tasks.TaskCanceledException: A task was canceled.
   at HealthChecks.Oracle.OracleHealthCheck.CheckHealthAsync(HealthCheckContext context, CancellationToken cancellationToken) in /_/src/HealthChecks.Oracle/OracleHealthCheck.cs:line 34
