2026-05-18 02:07:05.3056 | pid:6524 | [ERROR] [Microsoft.Extensions.Diagnostics.HealthChecks.DefaultHealthCheckService] 
  Event: 103 (HealthCheckEnd)
  Message: Health check OracleDB with status Unhealthy completed after 18970.0481ms with message '(null)'
  Properties: HealthCheckName=OracleDB; HealthStatus=Unhealthy; ElapsedMilliseconds=18970.0481; EventId=103; EventName=HealthCheckEnd; RequestId=400001b8-0000-fd00-b63f-84710c7967bb; RequestPath=/health; HealthCheckName=OracleDB
  --- Exception ---
System.OperationCanceledException: ORA-01013: User requested cancel of current operation.
https://docs.oracle.com/error-help/db/ora-01013/
 ---> Oracle.ManagedDataAccess.Client.OracleException (0x80004005): ORA-01013: User requested cancel of current operation.
https://docs.oracle.com/error-help/db/ora-01013/
   at Oracle.ManagedDataAccess.Client.OracleCommand.ExecuteScalarInternalAsync(Boolean bAsync, CancellationToken cancellationToken)
   at Oracle.ManagedDataAccess.Client.OracleCommand.ExecuteScalarAsyncHelper(CancellationToken cancellationToken)
   --- End of inner exception stack trace ---
   at Oracle.ManagedDataAccess.Client.OracleCommand.ExecuteScalarAsyncHelper(CancellationToken cancellationToken)
   at HealthChecks.Oracle.OracleHealthCheck.CheckHealthAsync(HealthCheckContext context, CancellationToken cancellationToken) in /_/src/HealthChecks.Oracle/OracleHealthCheck.cs:line 34
======================================================================

2026-05-18 03:03:31.3464 | pid:5044 | [ERROR] [NHI_AI_LungCancerReportWebApi.Middleware.GlobalExceptionMiddleware] 
  Event: 0
  Message: 系統在處理請求時發生未預期例外：A task was canceled.
  Properties: Message=A task was canceled.; RequestId=40000146-0003-f900-b63f-84710c7967bb; RequestPath=/health
  --- Exception ---
System.Threading.Tasks.TaskCanceledException: A task was canceled.
   at Microsoft.Extensions.Diagnostics.HealthChecks.DefaultHealthCheckService.CheckHealthAsync(Func`2 predicate, CancellationToken cancellationToken)
   at Microsoft.AspNetCore.Diagnostics.HealthChecks.HealthCheckMiddleware.InvokeAsync(HttpContext httpContext)
   at Microsoft.AspNetCore.Authorization.AuthorizationMiddleware.Invoke(HttpContext context)
   at Microsoft.AspNetCore.Authentication.AuthenticationMiddleware.Invoke(HttpContext context)
   at NHI_AI_LungCancerReportWebApi.Middleware.RemoteIpRestrictMiddleware.InvokeAsync(HttpContext context) in C:\Users\Public\Documents\AI_AP\NHI-AI-LungCancerReportWebApi\NHI-AI-LungCancerReportWebApi\Middleware\RemoteIpRestrictMiddleware.cs:line 36
   at NHI_AI_LungCancerReportWebApi.Middleware.GlobalExceptionMiddleware.Invoke(HttpContext context) in C:\Users\Public\Documents\AI_AP\NHI-AI-LungCancerReportWebApi\NHI-AI-LungCancerReportWebApi\Middleware\GlobalExceptionMiddleware.cs:line 20
======================================================================

2026-05-18 04:09:37.5103 | pid:5044 | [ERROR] [Microsoft.Extensions.Diagnostics.HealthChecks.DefaultHealthCheckService] 
  Event: 103 (HealthCheckEnd)
  Message: Health check OracleDB with status Unhealthy completed after 38139.9706ms with message '(null)'
  Properties: HealthCheckName=OracleDB; HealthStatus=Unhealthy; ElapsedMilliseconds=38139.9706; EventId=103; EventName=HealthCheckEnd; RequestId=4000016e-0000-fb00-b63f-84710c7967bb; RequestPath=/health; HealthCheckName=OracleDB
  --- Exception ---
System.OperationCanceledException: ORA-01013: User requested cancel of current operation.
https://docs.oracle.com/error-help/db/ora-01013/
 ---> Oracle.ManagedDataAccess.Client.OracleException (0x80004005): ORA-01013: User requested cancel of current operation.
https://docs.oracle.com/error-help/db/ora-01013/
   at Oracle.ManagedDataAccess.Client.OracleCommand.ExecuteScalarInternalAsync(Boolean bAsync, CancellationToken cancellationToken)
   at Oracle.ManagedDataAccess.Client.OracleCommand.ExecuteScalarAsyncHelper(CancellationToken cancellationToken)
   --- End of inner exception stack trace ---
   at Oracle.ManagedDataAccess.Client.OracleCommand.ExecuteScalarAsyncHelper(CancellationToken cancellationToken)
   at HealthChecks.Oracle.OracleHealthCheck.CheckHealthAsync(HealthCheckContext context, CancellationToken cancellationToken) in /_/src/HealthChecks.Oracle/OracleHealthCheck.cs:line 34
======================================================================

2026-05-18 04:17:47.6288 | pid:5044 | [ERROR] [Microsoft.Extensions.Diagnostics.HealthChecks.DefaultHealthCheckService] 
  Event: 103 (HealthCheckEnd)
  Message: Health check OracleDB with status Unhealthy completed after 18987.0486ms with message '(null)'
  Properties: HealthCheckName=OracleDB; HealthStatus=Unhealthy; ElapsedMilliseconds=18987.0486; EventId=103; EventName=HealthCheckEnd; RequestId=40000281-0001-fd00-b63f-84710c7967bb; RequestPath=/health; HealthCheckName=OracleDB
  --- Exception ---
System.OperationCanceledException: ORA-01013: User requested cancel of current operation.
https://docs.oracle.com/error-help/db/ora-01013/
 ---> Oracle.ManagedDataAccess.Client.OracleException (0x80004005): ORA-01013: User requested cancel of current operation.
https://docs.oracle.com/error-help/db/ora-01013/
   at Oracle.ManagedDataAccess.Client.OracleCommand.ExecuteScalarInternalAsync(Boolean bAsync, CancellationToken cancellationToken)
   at Oracle.ManagedDataAccess.Client.OracleCommand.ExecuteScalarAsyncHelper(CancellationToken cancellationToken)
   --- End of inner exception stack trace ---
   at Oracle.ManagedDataAccess.Client.OracleCommand.ExecuteScalarAsyncHelper(CancellationToken cancellationToken)
   at HealthChecks.Oracle.OracleHealthCheck.CheckHealthAsync(HealthCheckContext context, CancellationToken cancellationToken) in /_/src/HealthChecks.Oracle/OracleHealthCheck.cs:line 34
======================================================================

2026-05-18 06:19:50.4358 | pid:5044 | [ERROR] [Microsoft.Extensions.Diagnostics.HealthChecks.DefaultHealthCheckService] 
  Event: 103 (HealthCheckEnd)
  Message: Health check OracleDB with status Unhealthy completed after 19000.7703ms with message '(null)'
  Properties: HealthCheckName=OracleDB; HealthStatus=Unhealthy; ElapsedMilliseconds=19000.7703; EventId=103; EventName=HealthCheckEnd; RequestId=4000029f-0001-fd00-b63f-84710c7967bb; RequestPath=/health; HealthCheckName=OracleDB
  --- Exception ---
System.OperationCanceledException: ORA-01013: User requested cancel of current operation.
https://docs.oracle.com/error-help/db/ora-01013/
 ---> Oracle.ManagedDataAccess.Client.OracleException (0x80004005): ORA-01013: User requested cancel of current operation.
https://docs.oracle.com/error-help/db/ora-01013/
   at Oracle.ManagedDataAccess.Client.OracleCommand.ExecuteScalarInternalAsync(Boolean bAsync, CancellationToken cancellationToken)
   at Oracle.ManagedDataAccess.Client.OracleCommand.ExecuteScalarAsyncHelper(CancellationToken cancellationToken)
   --- End of inner exception stack trace ---
   at Oracle.ManagedDataAccess.Client.OracleCommand.ExecuteScalarAsyncHelper(CancellationToken cancellationToken)
   at HealthChecks.Oracle.OracleHealthCheck.CheckHealthAsync(HealthCheckContext context, CancellationToken cancellationToken) in /_/src/HealthChecks.Oracle/OracleHealthCheck.cs:line 34
======================================================================

2026-05-18 06:28:03.0894 | pid:5044 | [ERROR] [Microsoft.Extensions.Diagnostics.HealthChecks.DefaultHealthCheckService] 
  Event: 103 (HealthCheckEnd)
  Message: Health check OracleDB with status Unhealthy completed after 18987.3205ms with message '(null)'
  Properties: HealthCheckName=OracleDB; HealthStatus=Unhealthy; ElapsedMilliseconds=18987.3205; EventId=103; EventName=HealthCheckEnd; RequestId=400002a3-0001-fd00-b63f-84710c7967bb; RequestPath=/health; HealthCheckName=OracleDB
  --- Exception ---
System.OperationCanceledException: ORA-01013: User requested cancel of current operation.
https://docs.oracle.com/error-help/db/ora-01013/
 ---> Oracle.ManagedDataAccess.Client.OracleException (0x80004005): ORA-01013: User requested cancel of current operation.
https://docs.oracle.com/error-help/db/ora-01013/
   at Oracle.ManagedDataAccess.Client.OracleCommand.ExecuteScalarInternalAsync(Boolean bAsync, CancellationToken cancellationToken)
   at Oracle.ManagedDataAccess.Client.OracleCommand.ExecuteScalarAsyncHelper(CancellationToken cancellationToken)
   --- End of inner exception stack trace ---
   at Oracle.ManagedDataAccess.Client.OracleCommand.ExecuteScalarAsyncHelper(CancellationToken cancellationToken)
   at HealthChecks.Oracle.OracleHealthCheck.CheckHealthAsync(HealthCheckContext context, CancellationToken cancellationToken) in /_/src/HealthChecks.Oracle/OracleHealthCheck.cs:line 34
======================================================================

2026-05-18 08:30:14.2065 | pid:5044 | [ERROR] [Microsoft.Extensions.Diagnostics.HealthChecks.DefaultHealthCheckService] 
  Event: 103 (HealthCheckEnd)
  Message: Health check OracleDB with status Unhealthy completed after 18967.182ms with message '(null)'
  Properties: HealthCheckName=OracleDB; HealthStatus=Unhealthy; ElapsedMilliseconds=18967.182; EventId=103; EventName=HealthCheckEnd; RequestId=40000271-0002-fc00-b63f-84710c7967bb; RequestPath=/health; HealthCheckName=OracleDB
  --- Exception ---
System.OperationCanceledException: ORA-01013: User requested cancel of current operation.
https://docs.oracle.com/error-help/db/ora-01013/
 ---> Oracle.ManagedDataAccess.Client.OracleException (0x80004005): ORA-01013: User requested cancel of current operation.
https://docs.oracle.com/error-help/db/ora-01013/
   at Oracle.ManagedDataAccess.Client.OracleCommand.ExecuteScalarInternalAsync(Boolean bAsync, CancellationToken cancellationToken)
   at Oracle.ManagedDataAccess.Client.OracleCommand.ExecuteScalarAsyncHelper(CancellationToken cancellationToken)
   --- End of inner exception stack trace ---
   at Oracle.ManagedDataAccess.Client.OracleCommand.ExecuteScalarAsyncHelper(CancellationToken cancellationToken)
   at HealthChecks.Oracle.OracleHealthCheck.CheckHealthAsync(HealthCheckContext context, CancellationToken cancellationToken) in /_/src/HealthChecks.Oracle/OracleHealthCheck.cs:line 34
======================================================================

2026-05-18 08:45:23.1337 | pid:5044 | [ERROR] [Microsoft.Extensions.Diagnostics.HealthChecks.DefaultHealthCheckService] 
  Event: 103 (HealthCheckEnd)
  Message: Health check OracleDB with status Unhealthy completed after 18966.7235ms with message '(null)'
  Properties: HealthCheckName=OracleDB; HealthStatus=Unhealthy; ElapsedMilliseconds=18966.7235; EventId=103; EventName=HealthCheckEnd; RequestId=400001cf-0001-fc00-b63f-84710c7967bb; RequestPath=/health; HealthCheckName=OracleDB
  --- Exception ---
System.OperationCanceledException: ORA-01013: User requested cancel of current operation.
https://docs.oracle.com/error-help/db/ora-01013/
 ---> Oracle.ManagedDataAccess.Client.OracleException (0x80004005): ORA-01013: User requested cancel of current operation.
https://docs.oracle.com/error-help/db/ora-01013/
   at Oracle.ManagedDataAccess.Client.OracleCommand.ExecuteScalarInternalAsync(Boolean bAsync, CancellationToken cancellationToken)
   at Oracle.ManagedDataAccess.Client.OracleCommand.ExecuteScalarAsyncHelper(CancellationToken cancellationToken)
   --- End of inner exception stack trace ---
   at Oracle.ManagedDataAccess.Client.OracleCommand.ExecuteScalarAsyncHelper(CancellationToken cancellationToken)
   at HealthChecks.Oracle.OracleHealthCheck.CheckHealthAsync(HealthCheckContext context, CancellationToken cancellationToken) in /_/src/HealthChecks.Oracle/OracleHealthCheck.cs:line 34
======================================================================

2026-05-18 10:31:27.7426 | pid:5044 | [ERROR] [Microsoft.Extensions.Diagnostics.HealthChecks.DefaultHealthCheckService] 
  Event: 103 (HealthCheckEnd)
  Message: Health check OracleDB with status Unhealthy completed after 18976.7104ms with message '(null)'
  Properties: HealthCheckName=OracleDB; HealthStatus=Unhealthy; ElapsedMilliseconds=18976.7104; EventId=103; EventName=HealthCheckEnd; RequestId=40000182-0003-f900-b63f-84710c7967bb; RequestPath=/health; HealthCheckName=OracleDB
  --- Exception ---
System.OperationCanceledException: ORA-01013: User requested cancel of current operation.
https://docs.oracle.com/error-help/db/ora-01013/
 ---> Oracle.ManagedDataAccess.Client.OracleException (0x80004005): ORA-01013: User requested cancel of current operation.
https://docs.oracle.com/error-help/db/ora-01013/
   at Oracle.ManagedDataAccess.Client.OracleCommand.ExecuteScalarInternalAsync(Boolean bAsync, CancellationToken cancellationToken)
   at Oracle.ManagedDataAccess.Client.OracleCommand.ExecuteScalarAsyncHelper(CancellationToken cancellationToken)
   --- End of inner exception stack trace ---
   at Oracle.ManagedDataAccess.Client.OracleCommand.ExecuteScalarAsyncHelper(CancellationToken cancellationToken)
   at HealthChecks.Oracle.OracleHealthCheck.CheckHealthAsync(HealthCheckContext context, CancellationToken cancellationToken) in /_/src/HealthChecks.Oracle/OracleHealthCheck.cs:line 34
======================================================================

2026-05-18 13:20:43.5834 | pid:5044 | [ERROR] [Microsoft.Extensions.Diagnostics.HealthChecks.DefaultHealthCheckService] 
  Event: 103 (HealthCheckEnd)
  Message: Health check OracleDB with status Unhealthy completed after 18995.9349ms with message '(null)'
  Properties: HealthCheckName=OracleDB; HealthStatus=Unhealthy; ElapsedMilliseconds=18995.9349; EventId=103; EventName=HealthCheckEnd; RequestId=400002f7-0001-fd00-b63f-84710c7967bb; RequestPath=/health; HealthCheckName=OracleDB
  --- Exception ---
System.OperationCanceledException: ORA-01013: User requested cancel of current operation.
https://docs.oracle.com/error-help/db/ora-01013/
 ---> Oracle.ManagedDataAccess.Client.OracleException (0x80004005): ORA-01013: User requested cancel of current operation.
https://docs.oracle.com/error-help/db/ora-01013/
   at Oracle.ManagedDataAccess.Client.OracleCommand.ExecuteScalarInternalAsync(Boolean bAsync, CancellationToken cancellationToken)
   at Oracle.ManagedDataAccess.Client.OracleCommand.ExecuteScalarAsyncHelper(CancellationToken cancellationToken)
   --- End of inner exception stack trace ---
   at Oracle.ManagedDataAccess.Client.OracleCommand.ExecuteScalarAsyncHelper(CancellationToken cancellationToken)
   at HealthChecks.Oracle.OracleHealthCheck.CheckHealthAsync(HealthCheckContext context, CancellationToken cancellationToken) in /_/src/HealthChecks.Oracle/OracleHealthCheck.cs:line 34
======================================================================

2026-05-18 13:29:26.9922 | pid:5044 | [ERROR] [Microsoft.Extensions.Diagnostics.HealthChecks.DefaultHealthCheckService] 
  Event: 103 (HealthCheckEnd)
  Message: Health check OracleDB with status Unhealthy completed after 19003.8303ms with message '(null)'
  Properties: HealthCheckName=OracleDB; HealthStatus=Unhealthy; ElapsedMilliseconds=19003.8303; EventId=103; EventName=HealthCheckEnd; RequestId=4000019e-0003-f900-b63f-84710c7967bb; RequestPath=/health; HealthCheckName=OracleDB
  --- Exception ---
System.OperationCanceledException: ORA-01013: User requested cancel of current operation.
https://docs.oracle.com/error-help/db/ora-01013/
 ---> Oracle.ManagedDataAccess.Client.OracleException (0x80004005): ORA-01013: User requested cancel of current operation.
https://docs.oracle.com/error-help/db/ora-01013/
   at Oracle.ManagedDataAccess.Client.OracleCommand.ExecuteScalarInternalAsync(Boolean bAsync, CancellationToken cancellationToken)
   at Oracle.ManagedDataAccess.Client.OracleCommand.ExecuteScalarAsyncHelper(CancellationToken cancellationToken)
   --- End of inner exception stack trace ---
   at Oracle.ManagedDataAccess.Client.OracleCommand.ExecuteScalarAsyncHelper(CancellationToken cancellationToken)
   at HealthChecks.Oracle.OracleHealthCheck.CheckHealthAsync(HealthCheckContext context, CancellationToken cancellationToken) in /_/src/HealthChecks.Oracle/OracleHealthCheck.cs:line 34
======================================================================

2026-05-18 15:23:22.7524 | pid:5044 | [ERROR] [Microsoft.Extensions.Diagnostics.HealthChecks.DefaultHealthCheckService] 
  Event: 103 (HealthCheckEnd)
  Message: Health check OracleDB with status Unhealthy completed after 18972.5935ms with message '(null)'
  Properties: HealthCheckName=OracleDB; HealthStatus=Unhealthy; ElapsedMilliseconds=18972.5935; EventId=103; EventName=HealthCheckEnd; RequestId=400001ba-0000-fb00-b63f-84710c7967bb; RequestPath=/health; HealthCheckName=OracleDB
  --- Exception ---
System.OperationCanceledException: ORA-01013: User requested cancel of current operation.
https://docs.oracle.com/error-help/db/ora-01013/
 ---> Oracle.ManagedDataAccess.Client.OracleException (0x80004005): ORA-01013: User requested cancel of current operation.
https://docs.oracle.com/error-help/db/ora-01013/
   at Oracle.ManagedDataAccess.Client.OracleCommand.ExecuteScalarInternalAsync(Boolean bAsync, CancellationToken cancellationToken)
   at Oracle.ManagedDataAccess.Client.OracleCommand.ExecuteScalarAsyncHelper(CancellationToken cancellationToken)
   --- End of inner exception stack trace ---
   at Oracle.ManagedDataAccess.Client.OracleCommand.ExecuteScalarAsyncHelper(CancellationToken cancellationToken)
   at HealthChecks.Oracle.OracleHealthCheck.CheckHealthAsync(HealthCheckContext context, CancellationToken cancellationToken) in /_/src/HealthChecks.Oracle/OracleHealthCheck.cs:line 34
======================================================================

2026-05-18 15:45:33.6018 | pid:5044 | [ERROR] [Microsoft.Extensions.Diagnostics.HealthChecks.DefaultHealthCheckService] 
  Event: 103 (HealthCheckEnd)
  Message: Health check OracleDB with status Unhealthy completed after 18988.825ms with message '(null)'
  Properties: HealthCheckName=OracleDB; HealthStatus=Unhealthy; ElapsedMilliseconds=18988.825; EventId=103; EventName=HealthCheckEnd; RequestId=4000030f-0001-fd00-b63f-84710c7967bb; RequestPath=/health; HealthCheckName=OracleDB
  --- Exception ---
System.OperationCanceledException: ORA-01013: User requested cancel of current operation.
https://docs.oracle.com/error-help/db/ora-01013/
 ---> Oracle.ManagedDataAccess.Client.OracleException (0x80004005): ORA-01013: User requested cancel of current operation.
https://docs.oracle.com/error-help/db/ora-01013/
   at Oracle.ManagedDataAccess.Client.OracleCommand.ExecuteScalarInternalAsync(Boolean bAsync, CancellationToken cancellationToken)
   at Oracle.ManagedDataAccess.Client.OracleCommand.ExecuteScalarAsyncHelper(CancellationToken cancellationToken)
   --- End of inner exception stack trace ---
   at Oracle.ManagedDataAccess.Client.OracleCommand.ExecuteScalarAsyncHelper(CancellationToken cancellationToken)
   at HealthChecks.Oracle.OracleHealthCheck.CheckHealthAsync(HealthCheckContext context, CancellationToken cancellationToken) in /_/src/HealthChecks.Oracle/OracleHealthCheck.cs:line 34
======================================================================

2026-05-18 18:01:50.6494 | pid:5044 | [ERROR] [Microsoft.Extensions.Diagnostics.HealthChecks.DefaultHealthCheckService] 
  Event: 103 (HealthCheckEnd)
  Message: Health check OracleDB with status Unhealthy completed after 37924.7545ms with message '(null)'
  Properties: HealthCheckName=OracleDB; HealthStatus=Unhealthy; ElapsedMilliseconds=37924.7545; EventId=103; EventName=HealthCheckEnd; RequestId=40000327-0001-fd00-b63f-84710c7967bb; RequestPath=/health; HealthCheckName=OracleDB
  --- Exception ---
System.OperationCanceledException: ORA-01013: User requested cancel of current operation.
https://docs.oracle.com/error-help/db/ora-01013/
 ---> Oracle.ManagedDataAccess.Client.OracleException (0x80004005): ORA-01013: User requested cancel of current operation.
https://docs.oracle.com/error-help/db/ora-01013/
   at Oracle.ManagedDataAccess.Client.OracleCommand.ExecuteScalarInternalAsync(Boolean bAsync, CancellationToken cancellationToken)
   at Oracle.ManagedDataAccess.Client.OracleCommand.ExecuteScalarAsyncHelper(CancellationToken cancellationToken)
   --- End of inner exception stack trace ---
   at Oracle.ManagedDataAccess.Client.OracleCommand.ExecuteScalarAsyncHelper(CancellationToken cancellationToken)
   at HealthChecks.Oracle.OracleHealthCheck.CheckHealthAsync(HealthCheckContext context, CancellationToken cancellationToken) in /_/src/HealthChecks.Oracle/OracleHealthCheck.cs:line 34
======================================================================

2026-05-18 18:08:32.2556 | pid:5044 | [ERROR] [Microsoft.Extensions.Diagnostics.HealthChecks.DefaultHealthCheckService] 
  Event: 103 (HealthCheckEnd)
  Message: Health check OracleDB with status Unhealthy completed after 18974.9537ms with message '(null)'
  Properties: HealthCheckName=OracleDB; HealthStatus=Unhealthy; ElapsedMilliseconds=18974.9537; EventId=103; EventName=HealthCheckEnd; RequestId=400002c5-0002-fc00-b63f-84710c7967bb; RequestPath=/health; HealthCheckName=OracleDB
  --- Exception ---
System.OperationCanceledException: ORA-01013: User requested cancel of current operation.
https://docs.oracle.com/error-help/db/ora-01013/
 ---> Oracle.ManagedDataAccess.Client.OracleException (0x80004005): ORA-01013: User requested cancel of current operation.
https://docs.oracle.com/error-help/db/ora-01013/
   at Oracle.ManagedDataAccess.Client.OracleCommand.ExecuteScalarInternalAsync(Boolean bAsync, CancellationToken cancellationToken)
   at Oracle.ManagedDataAccess.Client.OracleCommand.ExecuteScalarAsyncHelper(CancellationToken cancellationToken)
   --- End of inner exception stack trace ---
   at Oracle.ManagedDataAccess.Client.OracleCommand.ExecuteScalarAsyncHelper(CancellationToken cancellationToken)
   at HealthChecks.Oracle.OracleHealthCheck.CheckHealthAsync(HealthCheckContext context, CancellationToken cancellationToken) in /_/src/HealthChecks.Oracle/OracleHealthCheck.cs:line 34
======================================================================

2026-05-18 19:50:31.1176 | pid:5044 | [ERROR] [Microsoft.Extensions.Diagnostics.HealthChecks.DefaultHealthCheckService] 
  Event: 103 (HealthCheckEnd)
  Message: Health check OracleDB with status Unhealthy completed after 18993.6344ms with message '(null)'
  Properties: HealthCheckName=OracleDB; HealthStatus=Unhealthy; ElapsedMilliseconds=18993.6344; EventId=103; EventName=HealthCheckEnd; RequestId=400001de-0000-fb00-b63f-84710c7967bb; RequestPath=/health; HealthCheckName=OracleDB
  --- Exception ---
System.OperationCanceledException: ORA-01013: User requested cancel of current operation.
https://docs.oracle.com/error-help/db/ora-01013/
 ---> Oracle.ManagedDataAccess.Client.OracleException (0x80004005): ORA-01013: User requested cancel of current operation.
https://docs.oracle.com/error-help/db/ora-01013/
   at Oracle.ManagedDataAccess.Client.OracleCommand.ExecuteScalarInternalAsync(Boolean bAsync, CancellationToken cancellationToken)
   at Oracle.ManagedDataAccess.Client.OracleCommand.ExecuteScalarAsyncHelper(CancellationToken cancellationToken)
   --- End of inner exception stack trace ---
   at Oracle.ManagedDataAccess.Client.OracleCommand.ExecuteScalarAsyncHelper(CancellationToken cancellationToken)
   at HealthChecks.Oracle.OracleHealthCheck.CheckHealthAsync(HealthCheckContext context, CancellationToken cancellationToken) in /_/src/HealthChecks.Oracle/OracleHealthCheck.cs:line 34
======================================================================

2026-05-18 20:19:44.1525 | pid:5044 | [ERROR] [Microsoft.Extensions.Diagnostics.HealthChecks.DefaultHealthCheckService] 
  Event: 103 (HealthCheckEnd)
  Message: Health check OracleDB with status Unhealthy completed after 18961.8421ms with message '(null)'
  Properties: HealthCheckName=OracleDB; HealthStatus=Unhealthy; ElapsedMilliseconds=18961.8421; EventId=103; EventName=HealthCheckEnd; RequestId=40000341-0001-fd00-b63f-84710c7967bb; RequestPath=/health; HealthCheckName=OracleDB
  --- Exception ---
System.OperationCanceledException: ORA-01013: User requested cancel of current operation.
https://docs.oracle.com/error-help/db/ora-01013/
 ---> Oracle.ManagedDataAccess.Client.OracleException (0x80004005): ORA-01013: User requested cancel of current operation.
https://docs.oracle.com/error-help/db/ora-01013/
   at Oracle.ManagedDataAccess.Client.OracleCommand.ExecuteScalarInternalAsync(Boolean bAsync, CancellationToken cancellationToken)
   at Oracle.ManagedDataAccess.Client.OracleCommand.ExecuteScalarAsyncHelper(CancellationToken cancellationToken)
   --- End of inner exception stack trace ---
   at Oracle.ManagedDataAccess.Client.OracleCommand.ExecuteScalarAsyncHelper(CancellationToken cancellationToken)
   at HealthChecks.Oracle.OracleHealthCheck.CheckHealthAsync(HealthCheckContext context, CancellationToken cancellationToken) in /_/src/HealthChecks.Oracle/OracleHealthCheck.cs:line 34
======================================================================

2026-05-18 22:07:23.9172 | pid:5044 | [ERROR] [Microsoft.Extensions.Diagnostics.HealthChecks.DefaultHealthCheckService] 
  Event: 103 (HealthCheckEnd)
  Message: Health check OracleDB with status Unhealthy completed after 18985.9047ms with message '(null)'
  Properties: HealthCheckName=OracleDB; HealthStatus=Unhealthy; ElapsedMilliseconds=18985.9047; EventId=103; EventName=HealthCheckEnd; RequestId=400002e1-0002-fc00-b63f-84710c7967bb; RequestPath=/health; HealthCheckName=OracleDB
  --- Exception ---
System.OperationCanceledException: ORA-01013: User requested cancel of current operation.
https://docs.oracle.com/error-help/db/ora-01013/
 ---> Oracle.ManagedDataAccess.Client.OracleException (0x80004005): ORA-01013: User requested cancel of current operation.
https://docs.oracle.com/error-help/db/ora-01013/
   at Oracle.ManagedDataAccess.Client.OracleCommand.ExecuteScalarInternalAsync(Boolean bAsync, CancellationToken cancellationToken)
   at Oracle.ManagedDataAccess.Client.OracleCommand.ExecuteScalarAsyncHelper(CancellationToken cancellationToken)
   --- End of inner exception stack trace ---
   at Oracle.ManagedDataAccess.Client.OracleCommand.ExecuteScalarAsyncHelper(CancellationToken cancellationToken)
   at HealthChecks.Oracle.OracleHealthCheck.CheckHealthAsync(HealthCheckContext context, CancellationToken cancellationToken) in /_/src/HealthChecks.Oracle/OracleHealthCheck.cs:line 34
======================================================================

2026-05-18 22:28:55.7053 | pid:5044 | [ERROR] [Microsoft.Extensions.Diagnostics.HealthChecks.DefaultHealthCheckService] 
  Event: 103 (HealthCheckEnd)
  Message: Health check OracleDB with status Unhealthy completed after 18977.6649ms with message '(null)'
  Properties: HealthCheckName=OracleDB; HealthStatus=Unhealthy; ElapsedMilliseconds=18977.6649; EventId=103; EventName=HealthCheckEnd; RequestId=400001da-0000-fd00-b63f-84710c7967bb; RequestPath=/health; HealthCheckName=OracleDB
  --- Exception ---
System.OperationCanceledException: ORA-01013: User requested cancel of current operation.
https://docs.oracle.com/error-help/db/ora-01013/
 ---> Oracle.ManagedDataAccess.Client.OracleException (0x80004005): ORA-01013: User requested cancel of current operation.
https://docs.oracle.com/error-help/db/ora-01013/
   at Oracle.ManagedDataAccess.Client.OracleCommand.ExecuteScalarInternalAsync(Boolean bAsync, CancellationToken cancellationToken)
   at Oracle.ManagedDataAccess.Client.OracleCommand.ExecuteScalarAsyncHelper(CancellationToken cancellationToken)
   --- End of inner exception stack trace ---
   at Oracle.ManagedDataAccess.Client.OracleCommand.ExecuteScalarAsyncHelper(CancellationToken cancellationToken)
   at HealthChecks.Oracle.OracleHealthCheck.CheckHealthAsync(HealthCheckContext context, CancellationToken cancellationToken) in /_/src/HealthChecks.Oracle/OracleHealthCheck.cs:line 34
======================================================================

