2026-05-25 01:34:25.8762 [ERROR] [Microsoft.Extensions.Diagnostics.HealthChecks.DefaultHealthCheckService] [TraceID: 00-e976eceb3fe2bedb908abb04c4d0f374-e1a01d449645c58b-00]
  Event: 0
  Request: GET https://10.1.72.36/health 
  Message: Health check 正式_OracleDB with status Unhealthy completed after 18969.6758ms with message '(null)'
  Properties: HealthCheckName=正式_OracleDB; HealthStatus=Unhealthy; ElapsedMilliseconds=18969.6758; EventId=103; EventName=HealthCheckEnd; RequestId=40000673-0002-f400-b63f-84710c7967bb; RequestPath=/health; HealthCheckName=正式_OracleDB
  --- Exception ---
System.Threading.Tasks.TaskCanceledException: A task was canceled.
   at HealthChecks.Oracle.OracleHealthCheck.CheckHealthAsync(HealthCheckContext context, CancellationToken cancellationToken) in /_/src/HealthChecks.Oracle/OracleHealthCheck.cs:line 34
======================================================================

2026-05-25 01:58:37.0017 [ERROR] [Microsoft.Extensions.Diagnostics.HealthChecks.DefaultHealthCheckService] [TraceID: 00-071c4ef359de9794f6c3cf9aa603fafe-8d8727426989ce97-00]
  Event: 0
  Request: GET https://10.1.72.36/health 
  Message: Health check 正式_OracleDB with status Unhealthy completed after 18970.9605ms with message '(null)'
  Properties: HealthCheckName=正式_OracleDB; HealthStatus=Unhealthy; ElapsedMilliseconds=18970.9605; EventId=103; EventName=HealthCheckEnd; RequestId=4000013a-0001-f400-b63f-84710c7967bb; RequestPath=/health; HealthCheckName=正式_OracleDB
  --- Exception ---
System.Threading.Tasks.TaskCanceledException: A task was canceled.
   at HealthChecks.Oracle.OracleHealthCheck.CheckHealthAsync(HealthCheckContext context, CancellationToken cancellationToken) in /_/src/HealthChecks.Oracle/OracleHealthCheck.cs:line 34
======================================================================

2026-05-25 02:03:41.4563 [INFO] [NHI_AI_MedReportViewerWebApi.Program] [TraceID: N/A]
  Event: 0
  Request: N/A N/A 
  Message: Allowed origin: http://localhost:5173
  Properties: 
  ======================================================================

2026-05-25 02:03:41.7984 [INFO] [NHI_AI_MedReportViewerWebApi.Program] [TraceID: N/A]
  Event: 0
  Request: N/A N/A 
  Message: Authentication enabled with JWT Bearer tokens
  Properties: 
  ======================================================================

2026-05-25 02:03:42.2898 [INFO] [NHI_AI_MedReportViewerWebApi.Program] [TraceID: N/A]
  Event: 0
  Request: N/A N/A 
  Message: Exceptionless 設定完成，ServerUrl: "https://h30lhclogsvr.intra.nhi.gov.tw:8443"
  Properties: ServerUrl=https://h30lhclogsvr.intra.nhi.gov.tw:8443
  ======================================================================

2026-05-25 02:03:44.3445 [ERROR] [NHI_AI_MedReportViewerWebApi.Middleware.GlobalExceptionMiddleware] [TraceID: 00-484ac7f44a0d620322e1b92b2577e44d-16d1bf5835344435-00]
  Event: 0
  Request: GET https://10.1.72.36/health 
  Message: 系統在處理請求時發生發生未預期例外：A task was canceled.
堆疊追蹤：   at Microsoft.Extensions.Diagnostics.HealthChecks.DefaultHealthCheckService.CheckHealthAsync(Func`2 predicate, CancellationToken cancellationToken)
   at Microsoft.AspNetCore.Diagnostics.HealthChecks.HealthCheckMiddleware.InvokeAsync(HttpContext httpContext)
   at Microsoft.AspNetCore.Authorization.AuthorizationMiddleware.Invoke(HttpContext context)
   at Microsoft.AspNetCore.Authentication.AuthenticationMiddleware.Invoke(HttpContext context)
   at NHI_AI_MedReportViewerWebApi.Middleware.GlobalExceptionMiddleware.Invoke(HttpContext context) in C:\Users\Public\Documents\AI_AP\NHI-AI-MedReportViewerWebApi\NHI-AI-MedReportViewerWebApi\Middleware\GlobalExceptionMiddleware.cs:line 20
  Properties: Message=A task was canceled.; StackTrace=   at Microsoft.Extensions.Diagnostics.HealthChecks.DefaultHealthCheckService.CheckHealthAsync(Func`2 predicate, CancellationToken cancellationToken)
   at Microsoft.AspNetCore.Diagnostics.HealthChecks.HealthCheckMiddleware.InvokeAsync(HttpContext httpContext)
   at Microsoft.AspNetCore.Authorization.AuthorizationMiddleware.Invoke(HttpContext context)
   at Microsoft.AspNetCore.Authentication.AuthenticationMiddleware.Invoke(HttpContext context)
   at NHI_AI_MedReportViewerWebApi.Middleware.GlobalExceptionMiddleware.Invoke(HttpContext context) in C:\Users\Public\Documents\AI_AP\NHI-AI-MedReportViewerWebApi\NHI-AI-MedReportViewerWebApi\Middleware\GlobalExceptionMiddleware.cs:line 20; RequestId=40000675-0002-f400-b63f-84710c7967bb; RequestPath=/health
  --- Exception ---
System.Threading.Tasks.TaskCanceledException: A task was canceled.
   at Microsoft.Extensions.Diagnostics.HealthChecks.DefaultHealthCheckService.CheckHealthAsync(Func`2 predicate, CancellationToken cancellationToken)
   at Microsoft.AspNetCore.Diagnostics.HealthChecks.HealthCheckMiddleware.InvokeAsync(HttpContext httpContext)
   at Microsoft.AspNetCore.Authorization.AuthorizationMiddleware.Invoke(HttpContext context)
   at Microsoft.AspNetCore.Authentication.AuthenticationMiddleware.Invoke(HttpContext context)
   at NHI_AI_MedReportViewerWebApi.Middleware.GlobalExceptionMiddleware.Invoke(HttpContext context) in C:\Users\Public\Documents\AI_AP\NHI-AI-MedReportViewerWebApi\NHI-AI-MedReportViewerWebApi\Middleware\GlobalExceptionMiddleware.cs:line 20
======================================================================

2026-05-25 03:40:19.1481 [ERROR] [Microsoft.Extensions.Diagnostics.HealthChecks.DefaultHealthCheckService] [TraceID: 00-7828c12bae81f984338d981cce28e1c4-c4aa01259c5d7c34-00]
  Event: 0
  Request: GET https://10.1.72.36/health 
  Message: Health check 正式_OracleDB with status Unhealthy completed after 18991.591ms with message '(null)'
  Properties: HealthCheckName=正式_OracleDB; HealthStatus=Unhealthy; ElapsedMilliseconds=18991.591; EventId=103; EventName=HealthCheckEnd; RequestId=4000067d-0002-f400-b63f-84710c7967bb; RequestPath=/health; HealthCheckName=正式_OracleDB
  --- Exception ---
System.Threading.Tasks.TaskCanceledException: A task was canceled.
   at HealthChecks.Oracle.OracleHealthCheck.CheckHealthAsync(HealthCheckContext context, CancellationToken cancellationToken) in /_/src/HealthChecks.Oracle/OracleHealthCheck.cs:line 34
======================================================================

2026-05-25 04:01:56.9762 [ERROR] [Microsoft.Extensions.Diagnostics.HealthChecks.DefaultHealthCheckService] [TraceID: 00-ea9837a39618ccd4a30ef828915acc6a-34e54c9938bf08a4-00]
  Event: 0
  Request: GET https://10.1.72.36/health 
  Message: Health check 正式_OracleDB with status Unhealthy completed after 18979.7611ms with message '(null)'
  Properties: HealthCheckName=正式_OracleDB; HealthStatus=Unhealthy; ElapsedMilliseconds=18979.7611; EventId=103; EventName=HealthCheckEnd; RequestId=40000148-0001-f400-b63f-84710c7967bb; RequestPath=/health; HealthCheckName=正式_OracleDB
  --- Exception ---
System.Threading.Tasks.TaskCanceledException: A task was canceled.
   at HealthChecks.Oracle.OracleHealthCheck.CheckHealthAsync(HealthCheckContext context, CancellationToken cancellationToken) in /_/src/HealthChecks.Oracle/OracleHealthCheck.cs:line 34
======================================================================

2026-05-25 05:46:12.0113 [ERROR] [Microsoft.Extensions.Diagnostics.HealthChecks.DefaultHealthCheckService] [TraceID: 00-139caa5ecdfdefb29e0918cd8c9b05cb-3ee4451efe0e3a21-00]
  Event: 0
  Request: GET https://10.1.72.36/health 
  Message: Health check 正式_OracleDB with status Unhealthy completed after 18973.4014ms with message '(null)'
  Properties: HealthCheckName=正式_OracleDB; HealthStatus=Unhealthy; ElapsedMilliseconds=18973.4014; EventId=103; EventName=HealthCheckEnd; RequestId=400002c8-0005-ee00-b63f-84710c7967bb; RequestPath=/health; HealthCheckName=正式_OracleDB
  --- Exception ---
System.Threading.Tasks.TaskCanceledException: A task was canceled.
   at HealthChecks.Oracle.OracleHealthCheck.CheckHealthAsync(HealthCheckContext context, CancellationToken cancellationToken) in /_/src/HealthChecks.Oracle/OracleHealthCheck.cs:line 34
======================================================================

2026-05-25 06:08:20.6137 [ERROR] [Microsoft.Extensions.Diagnostics.HealthChecks.DefaultHealthCheckService] [TraceID: 00-0bb78dc4a2709f3c49f50a05bd11717e-61673656e715869d-00]
  Event: 0
  Request: GET https://10.1.72.36/health 
  Message: Health check 正式_OracleDB with status Unhealthy completed after 18978.6548ms with message '(null)'
  Properties: HealthCheckName=正式_OracleDB; HealthStatus=Unhealthy; ElapsedMilliseconds=18978.6548; EventId=103; EventName=HealthCheckEnd; RequestId=40000796-0003-ad00-b63f-84710c7967bb; RequestPath=/health; HealthCheckName=正式_OracleDB
  --- Exception ---
System.Threading.Tasks.TaskCanceledException: A task was canceled.
   at HealthChecks.Oracle.OracleHealthCheck.CheckHealthAsync(HealthCheckContext context, CancellationToken cancellationToken) in /_/src/HealthChecks.Oracle/OracleHealthCheck.cs:line 34
======================================================================

2026-05-25 07:50:52.7932 [ERROR] [Microsoft.Extensions.Diagnostics.HealthChecks.DefaultHealthCheckService] [TraceID: 00-884fa466b2832f59219b61ef02437db9-a37a14e13a62a12a-00]
  Event: 0
  Request: GET https://10.1.72.36/health 
  Message: Health check 正式_OracleDB with status Unhealthy completed after 19012.5151ms with message '(null)'
  Properties: HealthCheckName=正式_OracleDB; HealthStatus=Unhealthy; ElapsedMilliseconds=19012.5151; EventId=103; EventName=HealthCheckEnd; RequestId=400002d0-0005-ee00-b63f-84710c7967bb; RequestPath=/health; HealthCheckName=正式_OracleDB
  --- Exception ---
System.Threading.Tasks.TaskCanceledException: A task was canceled.
   at HealthChecks.Oracle.OracleHealthCheck.CheckHealthAsync(HealthCheckContext context, CancellationToken cancellationToken) in /_/src/HealthChecks.Oracle/OracleHealthCheck.cs:line 34
======================================================================

2026-05-25 08:13:34.3668 [ERROR] [Microsoft.Extensions.Diagnostics.HealthChecks.DefaultHealthCheckService] [TraceID: 00-5109a7270de534b667a8dce8c91290ed-7caa41e0af154f77-00]
  Event: 0
  Request: GET https://10.1.72.36/health 
  Message: Health check 正式_OracleDB with status Unhealthy completed after 18983.9421ms with message '(null)'
  Properties: HealthCheckName=正式_OracleDB; HealthStatus=Unhealthy; ElapsedMilliseconds=18983.9421; EventId=103; EventName=HealthCheckEnd; RequestId=4000069b-0002-f400-b63f-84710c7967bb; RequestPath=/health; HealthCheckName=正式_OracleDB
  --- Exception ---
System.Threading.Tasks.TaskCanceledException: A task was canceled.
   at HealthChecks.Oracle.OracleHealthCheck.CheckHealthAsync(HealthCheckContext context, CancellationToken cancellationToken) in /_/src/HealthChecks.Oracle/OracleHealthCheck.cs:line 34
======================================================================

2026-05-25 13:10:26.5642 [ERROR] [Microsoft.Extensions.Diagnostics.HealthChecks.DefaultHealthCheckService] [TraceID: 00-e4215a848cb3f85cf757ab39d406b1a5-1d4a381b8a4b9c7e-00]
  Event: 0
  Request: GET https://10.1.72.36/health 
  Message: Health check 正式_OracleDB with status Unhealthy completed after 18969.0978ms with message '(null)'
  Properties: HealthCheckName=正式_OracleDB; HealthStatus=Unhealthy; ElapsedMilliseconds=18969.0978; EventId=103; EventName=HealthCheckEnd; RequestId=40000871-0007-fa00-b63f-84710c7967bb; RequestPath=/health; HealthCheckName=正式_OracleDB
  --- Exception ---
System.Threading.Tasks.TaskCanceledException: A task was canceled.
   at HealthChecks.Oracle.OracleHealthCheck.CheckHealthAsync(HealthCheckContext context, CancellationToken cancellationToken) in /_/src/HealthChecks.Oracle/OracleHealthCheck.cs:line 34
======================================================================

