2026-05-25 01:34:25.8762|eventId: 103|level: ERROR|traceId: 00-e976eceb3fe2bedb908abb04c4d0f374-e1a01d449645c58b-00|logger: Microsoft.Extensions.Diagnostics.HealthChecks.DefaultHealthCheckService|message: Health check 正式_OracleDB with status Unhealthy completed after 18969.6758ms with message '(null)'--- Exception ---System.Threading.Tasks.TaskCanceledException: A task was canceled.
   at HealthChecks.Oracle.OracleHealthCheck.CheckHealthAsync(HealthCheckContext context, CancellationToken cancellationToken) in /_/src/HealthChecks.Oracle/OracleHealthCheck.cs:line 34
2026-05-25 01:58:37.0017|eventId: 103|level: ERROR|traceId: 00-071c4ef359de9794f6c3cf9aa603fafe-8d8727426989ce97-00|logger: Microsoft.Extensions.Diagnostics.HealthChecks.DefaultHealthCheckService|message: Health check 正式_OracleDB with status Unhealthy completed after 18970.9605ms with message '(null)'--- Exception ---System.Threading.Tasks.TaskCanceledException: A task was canceled.
   at HealthChecks.Oracle.OracleHealthCheck.CheckHealthAsync(HealthCheckContext context, CancellationToken cancellationToken) in /_/src/HealthChecks.Oracle/OracleHealthCheck.cs:line 34
2026-05-25 02:03:41.4563|eventId: 0|level: INFO|traceId: N/A|logger: NHI_AI_MedReportViewerWebApi.Program|message: Allowed origin: http://localhost:5173
2026-05-25 02:03:41.7984|eventId: 0|level: INFO|traceId: N/A|logger: NHI_AI_MedReportViewerWebApi.Program|message: Authentication enabled with JWT Bearer tokens
2026-05-25 02:03:42.2898|eventId: 0|level: INFO|traceId: N/A|logger: NHI_AI_MedReportViewerWebApi.Program|message: Exceptionless 設定完成，ServerUrl: "https://h30lhclogsvr.intra.nhi.gov.tw:8443"
2026-05-25 02:03:44.3445|eventId: 0|level: ERROR|traceId: 00-484ac7f44a0d620322e1b92b2577e44d-16d1bf5835344435-00|logger: NHI_AI_MedReportViewerWebApi.Middleware.GlobalExceptionMiddleware|message: 系統在處理請求時發生發生未預期例外：A task was canceled.
堆疊追蹤：   at Microsoft.Extensions.Diagnostics.HealthChecks.DefaultHealthCheckService.CheckHealthAsync(Func`2 predicate, CancellationToken cancellationToken)
   at Microsoft.AspNetCore.Diagnostics.HealthChecks.HealthCheckMiddleware.InvokeAsync(HttpContext httpContext)
   at Microsoft.AspNetCore.Authorization.AuthorizationMiddleware.Invoke(HttpContext context)
   at Microsoft.AspNetCore.Authentication.AuthenticationMiddleware.Invoke(HttpContext context)
   at NHI_AI_MedReportViewerWebApi.Middleware.GlobalExceptionMiddleware.Invoke(HttpContext context) in C:\Users\Public\Documents\AI_AP\NHI-AI-MedReportViewerWebApi\NHI-AI-MedReportViewerWebApi\Middleware\GlobalExceptionMiddleware.cs:line 20--- Exception ---System.Threading.Tasks.TaskCanceledException: A task was canceled.
   at Microsoft.Extensions.Diagnostics.HealthChecks.DefaultHealthCheckService.CheckHealthAsync(Func`2 predicate, CancellationToken cancellationToken)
   at Microsoft.AspNetCore.Diagnostics.HealthChecks.HealthCheckMiddleware.InvokeAsync(HttpContext httpContext)
   at Microsoft.AspNetCore.Authorization.AuthorizationMiddleware.Invoke(HttpContext context)
   at Microsoft.AspNetCore.Authentication.AuthenticationMiddleware.Invoke(HttpContext context)
   at NHI_AI_MedReportViewerWebApi.Middleware.GlobalExceptionMiddleware.Invoke(HttpContext context) in C:\Users\Public\Documents\AI_AP\NHI-AI-MedReportViewerWebApi\NHI-AI-MedReportViewerWebApi\Middleware\GlobalExceptionMiddleware.cs:line 20
2026-05-25 03:40:19.1481|eventId: 103|level: ERROR|traceId: 00-7828c12bae81f984338d981cce28e1c4-c4aa01259c5d7c34-00|logger: Microsoft.Extensions.Diagnostics.HealthChecks.DefaultHealthCheckService|message: Health check 正式_OracleDB with status Unhealthy completed after 18991.591ms with message '(null)'--- Exception ---System.Threading.Tasks.TaskCanceledException: A task was canceled.
   at HealthChecks.Oracle.OracleHealthCheck.CheckHealthAsync(HealthCheckContext context, CancellationToken cancellationToken) in /_/src/HealthChecks.Oracle/OracleHealthCheck.cs:line 34
2026-05-25 04:01:56.9762|eventId: 103|level: ERROR|traceId: 00-ea9837a39618ccd4a30ef828915acc6a-34e54c9938bf08a4-00|logger: Microsoft.Extensions.Diagnostics.HealthChecks.DefaultHealthCheckService|message: Health check 正式_OracleDB with status Unhealthy completed after 18979.7611ms with message '(null)'--- Exception ---System.Threading.Tasks.TaskCanceledException: A task was canceled.
   at HealthChecks.Oracle.OracleHealthCheck.CheckHealthAsync(HealthCheckContext context, CancellationToken cancellationToken) in /_/src/HealthChecks.Oracle/OracleHealthCheck.cs:line 34
2026-05-25 05:46:12.0113|eventId: 103|level: ERROR|traceId: 00-139caa5ecdfdefb29e0918cd8c9b05cb-3ee4451efe0e3a21-00|logger: Microsoft.Extensions.Diagnostics.HealthChecks.DefaultHealthCheckService|message: Health check 正式_OracleDB with status Unhealthy completed after 18973.4014ms with message '(null)'--- Exception ---System.Threading.Tasks.TaskCanceledException: A task was canceled.
   at HealthChecks.Oracle.OracleHealthCheck.CheckHealthAsync(HealthCheckContext context, CancellationToken cancellationToken) in /_/src/HealthChecks.Oracle/OracleHealthCheck.cs:line 34
2026-05-25 06:08:20.6137|eventId: 103|level: ERROR|traceId: 00-0bb78dc4a2709f3c49f50a05bd11717e-61673656e715869d-00|logger: Microsoft.Extensions.Diagnostics.HealthChecks.DefaultHealthCheckService|message: Health check 正式_OracleDB with status Unhealthy completed after 18978.6548ms with message '(null)'--- Exception ---System.Threading.Tasks.TaskCanceledException: A task was canceled.
   at HealthChecks.Oracle.OracleHealthCheck.CheckHealthAsync(HealthCheckContext context, CancellationToken cancellationToken) in /_/src/HealthChecks.Oracle/OracleHealthCheck.cs:line 34
2026-05-25 07:50:52.7932|eventId: 103|level: ERROR|traceId: 00-884fa466b2832f59219b61ef02437db9-a37a14e13a62a12a-00|logger: Microsoft.Extensions.Diagnostics.HealthChecks.DefaultHealthCheckService|message: Health check 正式_OracleDB with status Unhealthy completed after 19012.5151ms with message '(null)'--- Exception ---System.Threading.Tasks.TaskCanceledException: A task was canceled.
   at HealthChecks.Oracle.OracleHealthCheck.CheckHealthAsync(HealthCheckContext context, CancellationToken cancellationToken) in /_/src/HealthChecks.Oracle/OracleHealthCheck.cs:line 34
2026-05-25 08:13:34.3668|eventId: 103|level: ERROR|traceId: 00-5109a7270de534b667a8dce8c91290ed-7caa41e0af154f77-00|logger: Microsoft.Extensions.Diagnostics.HealthChecks.DefaultHealthCheckService|message: Health check 正式_OracleDB with status Unhealthy completed after 18983.9421ms with message '(null)'--- Exception ---System.Threading.Tasks.TaskCanceledException: A task was canceled.
   at HealthChecks.Oracle.OracleHealthCheck.CheckHealthAsync(HealthCheckContext context, CancellationToken cancellationToken) in /_/src/HealthChecks.Oracle/OracleHealthCheck.cs:line 34
2026-05-25 13:10:26.5642|eventId: 103|level: ERROR|traceId: 00-e4215a848cb3f85cf757ab39d406b1a5-1d4a381b8a4b9c7e-00|logger: Microsoft.Extensions.Diagnostics.HealthChecks.DefaultHealthCheckService|message: Health check 正式_OracleDB with status Unhealthy completed after 18969.0978ms with message '(null)'--- Exception ---System.Threading.Tasks.TaskCanceledException: A task was canceled.
   at HealthChecks.Oracle.OracleHealthCheck.CheckHealthAsync(HealthCheckContext context, CancellationToken cancellationToken) in /_/src/HealthChecks.Oracle/OracleHealthCheck.cs:line 34
